Component: ARM Compiler 5.06 update 7 (build 960) Tool: armlink [4d3601]

==============================================================================

Section Cross References

    stm32f103xb_bl.o(.constdata) refers to stm32f103xb_bl.o(.data) for target_device
    stm32f103xb_bl.o(.data) refers to stm32f103xb_bl.o(.constdata) for sectors_info
    circ_buf.o(i.circ_buf_count_free) refers to circ_buf.o(i.circ_buf_count_used) for circ_buf_count_used
    circ_buf.o(i.circ_buf_pop) refers to util.o(i._util_assert) for _util_assert
    circ_buf.o(i.circ_buf_pop_n) refers to util.o(i._util_assert) for _util_assert
    circ_buf.o(i.circ_buf_push) refers to util.o(i._util_assert) for _util_assert
    circ_buf.o(i.circ_buf_read) refers to circ_buf.o(i.circ_buf_count_used) for circ_buf_count_used
    circ_buf.o(i.circ_buf_read) refers to circ_buf.o(i.circ_buf_pop) for circ_buf_pop
    circ_buf.o(i.circ_buf_write) refers to circ_buf.o(i.circ_buf_count_free) for circ_buf_count_free
    circ_buf.o(i.circ_buf_write) refers to circ_buf.o(i.circ_buf_push) for circ_buf_push
    crc32.o(i.crc32) refers to crc32.o(i.reflect) for reflect
    crc32.o(i.crc32_continue) refers to crc32.o(i.reflect) for reflect
    error.o(i.error_get_string) refers to util.o(i._util_assert) for _util_assert
    error.o(i.error_get_string) refers to error.o(.constdata) for .constdata
    error.o(i.error_get_type) refers to error.o(.data) for .data
    error.o(.constdata) refers to error.o(.conststring) for .conststring
    flash_hal.o(i.flash_erase_sector) refers to flash.o(i.EraseSector) for EraseSector
    flash_hal.o(i.flash_program_page) refers to flash.o(i.ProgramPage) for ProgramPage
    hardfault_handler.o(i.HardFault_Handler) refers to hardfault_handler.o(i._fault_handler) for _fault_handler
    hardfault_handler.o(i._fault_handler) refers to settings.o(i.config_ram_add_hexdump) for config_ram_add_hexdump
    hardfault_handler.o(i._fault_handler) refers to util.o(i._util_assert) for _util_assert
    hardfault_handler.o(i._fault_handler) refers to cortex_m.o(i.SystemReset) for SystemReset
    info.o(i.info_crc_compute) refers to flash_hal.o(i.flash_is_readable) for flash_is_readable
    info.o(i.info_crc_compute) refers to crc32.o(i.crc32) for crc32
    info.o(i.info_crc_compute) refers to info.o(.data) for .data
    info.o(i.info_get_board_id) refers to info.o(.data) for .data
    info.o(i.info_get_bootloader_present) refers to flash_hal.o(i.flash_is_readable) for flash_is_readable
    info.o(i.info_get_bootloader_version) refers to info.o(i.info_get_bootloader_present) for info_get_bootloader_present
    info.o(i.info_get_crc_bootloader) refers to info.o(.data) for .data
    info.o(i.info_get_crc_config_user) refers to info.o(.data) for .data
    info.o(i.info_get_crc_interface) refers to info.o(.data) for .data
    info.o(i.info_get_hic_id) refers to info.o(.bss) for .bss
    info.o(i.info_get_host_id) refers to info.o(.bss) for .bss
    info.o(i.info_get_interface_present) refers to flash_hal.o(i.flash_is_readable) for flash_is_readable
    info.o(i.info_get_interface_version) refers to info.o(i.info_get_interface_present) for info_get_interface_present
    info.o(i.info_get_mac) refers to info.o(.bss) for .bss
    info.o(i.info_get_target_id) refers to info.o(.bss) for .bss
    info.o(i.info_get_unique_id) refers to info.o(.bss) for .bss
    info.o(i.info_get_unique_id_string_descriptor) refers to info.o(.bss) for .bss
    info.o(i.info_get_version) refers to info.o(.data) for .data
    info.o(i.info_init) refers to info.o(i.info_crc_compute) for info_crc_compute
    info.o(i.info_init) refers to read_uid.o(i.read_unique_id) for read_unique_id
    info.o(i.info_init) refers to info.o(i.setup_basics) for setup_basics
    info.o(i.info_init) refers to rt_memclr_w.o(.text) for __aeabi_memclr4
    info.o(i.info_init) refers to strcat.o(.text) for strcat
    info.o(i.info_init) refers to strlen.o(.text) for strlen
    info.o(i.info_init) refers to info.o(.bss) for .bss
    info.o(i.info_init) refers to info.o(.data) for .data
    info.o(i.info_set_uuid_target) refers to util.o(i.util_write_hex16) for util_write_hex16
    info.o(i.info_set_uuid_target) refers to util.o(i.util_write_hex32) for util_write_hex32
    info.o(i.info_set_uuid_target) refers to info.o(.bss) for .bss
    info.o(i.setup_basics) refers to target_board.o(i.get_family_id) for get_family_id
    info.o(i.setup_basics) refers to rt_memclr.o(.text) for __aeabi_memclr
    info.o(i.setup_basics) refers to rt_memclr_w.o(.text) for __aeabi_memclr4
    info.o(i.setup_basics) refers to util.o(i.util_write_hex32) for util_write_hex32
    info.o(i.setup_basics) refers to target_board.o(i.get_board_id) for get_board_id
    info.o(i.setup_basics) refers to info.o(i.hex_to_ascii) for hex_to_ascii
    info.o(i.setup_basics) refers to info.o(.data) for .data
    info.o(i.setup_basics) refers to info.o(.bss) for .bss
[...]
    USBD_DisableEP                           0x08001b33   Thumb Code     6  usbd_stm32f103.o(i.USBD_DisableEP)
    USBD_EnableEP                            0x08001b39   Thumb Code     8  usbd_stm32f103.o(i.USBD_EnableEP)
    USBD_EndPoint0                           0x08001b41   Thumb Code   446  usbd_core.o(i.USBD_EndPoint0)
    USBD_EndPoint0_Out_CDC_ReqToIF           0x08001d15   Thumb Code     4  usb_config.o(i.USBD_EndPoint0_Out_CDC_ReqToIF)
    USBD_EndPoint0_Out_HID_ReqToIF           0x08001d19   Thumb Code     4  usb_config.o(i.USBD_EndPoint0_Out_HID_ReqToIF)
    USBD_EndPoint0_Setup_CDC_ReqToIF         0x08001d1d   Thumb Code     4  usb_config.o(i.USBD_EndPoint0_Setup_CDC_ReqToIF)
    USBD_EndPoint0_Setup_HID_ReqToIF         0x08001d21   Thumb Code     4  usb_config.o(i.USBD_EndPoint0_Setup_HID_ReqToIF)
    USBD_EndPoint0_Setup_MSC_ReqToIF         0x08001d25   Thumb Code    74  usbd_core_msc.o(i.USBD_EndPoint0_Setup_MSC_ReqToIF)
    USBD_EndPoint0_Setup_WebUSB_ReqToDevice  0x08001d81   Thumb Code     4  usb_config.o(i.USBD_EndPoint0_Setup_WebUSB_ReqToDevice)
    USBD_EndPoint0_Setup_WinUSB_ReqToDevice  0x08001d85   Thumb Code     4  usb_config.o(i.USBD_EndPoint0_Setup_WinUSB_ReqToDevice)
    USBD_Handler                             0x08001d89   Thumb Code   228  usbd_stm32f103.o(i.USBD_Handler)
    USBD_Init                                0x08001e8d   Thumb Code    28  usbd_stm32f103.o(i.USBD_Init)
    USBD_MSC_ATAPassThrough                  0x08001eb1   Thumb Code    70  usbd_msc.o(i.USBD_MSC_ATAPassThrough)
    USBD_MSC_BulkIn                          0x08001f09   Thumb Code    70  usbd_msc.o(i.USBD_MSC_BulkIn)
    USBD_MSC_BulkOut                         0x08001f5d   Thumb Code   128  usbd_msc.o(i.USBD_MSC_BulkOut)
    USBD_MSC_CheckMedia                      0x08001ff5   Thumb Code    68  usbd_msc.o(i.USBD_MSC_CheckMedia)
    USBD_MSC_ClrStallEP                      0x08002049   Thumb Code    68  usbd_msc.o(i.USBD_MSC_ClrStallEP)
    USBD_MSC_DataInFormat                    0x080020a1   Thumb Code    42  usbd_msc.o(i.USBD_MSC_DataInFormat)
    USBD_MSC_DataInTransfer                  0x080020d5   Thumb Code    58  usbd_msc.o(i.USBD_MSC_DataInTransfer)
    USBD_MSC_EP_BULKOUT_Event                0x08002121   Thumb Code    28  usbd_msc.o(i.USBD_MSC_EP_BULKOUT_Event)
    USBD_MSC_EP_BULK_Event                   0x0800214d   Thumb Code    28  usbd_msc.o(i.USBD_MSC_EP_BULK_Event)
    USBD_MSC_GetCBW                          0x08002169   Thumb Code   468  usbd_msc.o(i.USBD_MSC_GetCBW)
    USBD_MSC_GetMaxLUN                       0x08002359   Thumb Code    10  usbd_msc.o(i.USBD_MSC_GetMaxLUN)
    USBD_MSC_Inquiry                         0x08002369   Thumb Code    78  usbd_msc.o(i.USBD_MSC_Inquiry)
    USBD_MSC_MediaRemoval                    0x080023c5   Thumb Code    22  usbd_msc.o(i.USBD_MSC_MediaRemoval)
    USBD_MSC_MemoryRead                      0x080023e1   Thumb Code   192  usbd_msc.o(i.USBD_MSC_MemoryRead)
    USBD_MSC_MemoryVerify                    0x080024b5   Thumb Code   194  usbd_msc.o(i.USBD_MSC_MemoryVerify)
    USBD_MSC_MemoryWrite                     0x08002589   Thumb Code   216  usbd_msc.o(i.USBD_MSC_MemoryWrite)
    USBD_MSC_ModeSense10                     0x08002679   Thumb Code    76  usbd_msc.o(i.USBD_MSC_ModeSense10)
    USBD_MSC_ModeSense6                      0x080026d1   Thumb Code    68  usbd_msc.o(i.USBD_MSC_ModeSense6)
    USBD_MSC_RWSetup                         0x08002721   Thumb Code   156  usbd_msc.o(i.USBD_MSC_RWSetup)
    USBD_MSC_ReadCapacity                    0x080027cd   Thumb Code    70  usbd_msc.o(i.USBD_MSC_ReadCapacity)
    USBD_MSC_ReadFormatCapacity              0x0800281d   Thumb Code    96  usbd_msc.o(i.USBD_MSC_ReadFormatCapacity)
    USBD_MSC_RequestSense                    0x08002889   Thumb Code   120  usbd_msc.o(i.USBD_MSC_RequestSense)
    USBD_MSC_Reset                           0x0800290d   Thumb Code    20  usbd_msc.o(i.USBD_MSC_Reset)
    USBD_MSC_ServiceActionIn16               0x0800292d   Thumb Code    60  usbd_msc.o(i.USBD_MSC_ServiceActionIn16)
    USBD_MSC_SetCSW                          0x08002979   Thumb Code    30  usbd_msc.o(i.USBD_MSC_SetCSW)
    USBD_MSC_SetStallEP                      0x080029a9   Thumb Code    38  usbd_msc.o(i.USBD_MSC_SetStallEP)
    USBD_MSC_StartStopUnit                   0x080029d5   Thumb Code    42  usbd_msc.o(i.USBD_MSC_StartStopUnit)
    USBD_MSC_SynchronizeCache                0x08002a09   Thumb Code    10  usbd_msc.o(i.USBD_MSC_SynchronizeCache)
    USBD_MSC_TestUnitReady                   0x08002a19   Thumb Code    62  usbd_msc.o(i.USBD_MSC_TestUnitReady)
    USBD_RTX_TaskInit                        0x08002a65   Thumb Code     2  usb_config.o(i.USBD_RTX_TaskInit)
    USBD_ReadEP                              0x08002a69   Thumb Code    68  usbd_stm32f103.o(i.USBD_ReadEP)
    USBD_ReqClrFeature_MSC                   0x08002ab5   Thumb Code     4  usbd_core_msc.o(i.USBD_ReqClrFeature_MSC)
    USBD_ReqGetDescriptor_HID                0x08002c25   Thumb Code     4  usb_config.o(i.USBD_ReqGetDescriptor_HID)
    USBD_Reset                               0x08002ff9   Thumb Code   142  usbd_stm32f103.o(i.USBD_Reset)
    USBD_ResetEP                             0x080030a9   Thumb Code     4  usbd_stm32f103.o(i.USBD_ResetEP)
    USBD_SetAddress                          0x080030ad   Thumb Code    14  usbd_stm32f103.o(i.USBD_SetAddress)
    USBD_SetStallEP                          0x080030c1   Thumb Code     8  usbd_stm32f103.o(i.USBD_SetStallEP)
    USBD_SetupStage                          0x080030c9   Thumb Code    10  usbd_core.o(i.USBD_SetupStage)
    USBD_SignalHandler                       0x080030d9   Thumb Code    12  main_bootloader.o(i.USBD_SignalHandler)
    USBD_StatusInStage                       0x080030e9   Thumb Code    10  usbd_core.o(i.USBD_StatusInStage)
    USBD_StatusOutStage                      0x080030f5   Thumb Code    12  usbd_core.o(i.USBD_StatusOutStage)
    USBD_Suspend                             0x08003109   Thumb Code    20  usbd_stm32f103.o(i.USBD_Suspend)
    USBD_WakeUp                              0x08003121   Thumb Code    12  usbd_stm32f103.o(i.USBD_WakeUp)
    USBD_WakeUpCfg                           0x08003131   Thumb Code     2  usbd_stm32f103.o(i.USBD_WakeUpCfg)
    USBD_WriteEP                             0x08003135   Thumb Code    86  usbd_stm32f103.o(i.USBD_WriteEP)
    USB_LP_CAN1_RX0_IRQHandler               0x08003199   Thumb Code   150  usbd_stm32f103.o(i.USB_LP_CAN1_RX0_IRQHandler)
    UnInit                                   0x0800323d   Thumb Code     4  flash.o(i.UnInit)
    _fault_handler                           0x0800325d   Thumb Code   160  hardfault_handler.o(i._fault_handler)
    _util_assert                             0x08003309   Thumb Code    66  util.o(i._util_assert)
    board_bootloader_init                    0x0800334b   Thumb Code     2  main_bootloader.o(i.board_bootloader_init)
    board_vfs_stream_closed_hook             0x0800334d   Thumb Code     2  vfs_manager.o(i.board_vfs_stream_closed_hook)
    circ_buf_count_free                      0x080033c9   Thumb Code    26  circ_buf.o(i.circ_buf_count_free)
    circ_buf_count_used                      0x080033e3   Thumb Code    30  circ_buf.o(i.circ_buf_count_used)
    circ_buf_pop                             0x08003401   Thumb Code    82  circ_buf.o(i.circ_buf_pop)
    circ_buf_push                            0x0800345d   Thumb Code    82  circ_buf.o(i.circ_buf_push)
    circ_buf_write                           0x080034b9   Thumb Code    46  circ_buf.o(i.circ_buf_write)
    config_get_auto_rst                      0x080034ef   Thumb Code     4  settings_rom_stub.o(i.config_get_auto_rst)
    config_get_automation_allowed            0x080034f3   Thumb Code     4  settings_rom_stub.o(i.config_get_automation_allowed)
    config_get_detect_incompatible_target    0x080034f7   Thumb Code     4  settings_rom_stub.o(i.config_get_detect_incompatible_target)
    config_get_overflow_detect               0x080034fb   Thumb Code     4  settings_rom_stub.o(i.config_get_overflow_detect)
    config_init                              0x08003501   Thumb Code   138  settings.o(i.config_init)
    config_ram_add_hexdump                   0x08003599   Thumb Code    32  settings.o(i.config_ram_add_hexdump)
    config_ram_clear_assert                  0x080035bd   Thumb Code    22  settings.o(i.config_ram_clear_assert)
    config_ram_get_assert                    0x080035d9   Thumb Code   104  settings.o(i.config_ram_get_assert)
    config_ram_get_hexdumps                  0x08003645   Thumb Code    24  settings.o(i.config_ram_get_hexdumps)
    config_ram_get_initial_hold_in_bl        0x08003661   Thumb Code    12  settings.o(i.config_ram_get_initial_hold_in_bl)
    config_ram_get_page_erase                0x08003671   Thumb Code    14  settings.o(i.config_ram_get_page_erase)
    config_ram_set_assert                    0x08003685   Thumb Code    62  settings.o(i.config_ram_set_assert)
    config_ram_set_disable_msd               0x080036c9   Thumb Code     8  settings.o(i.config_ram_set_disable_msd)
    config_ram_set_page_erase                0x080036d5   Thumb Code     8  settings.o(i.config_ram_set_page_erase)
    config_rom_init                          0x080036e1   Thumb Code     2  settings_rom_stub.o(i.config_rom_init)
    config_set_auto_rst                      0x080036e3   Thumb Code     2  settings_rom_stub.o(i.config_set_auto_rst)
    config_set_automation_allowed            0x080036e5   Thumb Code     2  settings_rom_stub.o(i.config_set_automation_allowed)
    config_set_detect_incompatible_target    0x080036e7   Thumb Code     2  settings_rom_stub.o(i.config_set_detect_incompatible_target)
    config_set_overflow_detect               0x080036e9   Thumb Code     2  settings_rom_stub.o(i.config_set_overflow_detect)
    crc32                                    0x080036ed   Thumb Code    76  crc32.o(i.crc32)
    error_get_string                         0x08003875   Thumb Code    30  error.o(i.error_get_string)
    error_get_type                           0x080038a5   Thumb Code    14  error.o(i.error_get_type)
    expand_string_in_region                  0x080039ed   Thumb Code    74  vfs_user.o(i.expand_string_in_region)
    filename_valid                           0x08003b89   Thumb Code   100  virtual_fs.o(i.filename_valid)
    flash_decoder_close                      0x08003c01   Thumb Code    56  flash_decoder.o(i.flash_decoder_close)
    flash_decoder_detect_type                0x08003c45   Thumb Code    90  flash_decoder.o(i.flash_decoder_detect_type)
    flash_decoder_get_flash                  0x08003cb5   Thumb Code   124  flash_decoder.o(i.flash_decoder_get_flash)
    flash_decoder_open                       0x08003da9   Thumb Code    52  flash_decoder.o(i.flash_decoder_open)
    flash_decoder_validate_target_image      0x08003ded   Thumb Code     4  flash_decoder.o(i.flash_decoder_validate_target_image)
    flash_decoder_write                      0x08003df1   Thumb Code   314  flash_decoder.o(i.flash_decoder_write)
    flash_erase_sector                       0x08003f3d   Thumb Code    18  flash_hal.o(i.flash_erase_sector)
    flash_is_readable                        0x08003f4f   Thumb Code    32  flash_hal.o(i.flash_is_readable)
    flash_manager_data                       0x08003f71   Thumb Code   250  flash_manager.o(i.flash_manager_data)
    flash_manager_init                       0x0800407d   Thumb Code   128  flash_manager.o(i.flash_manager_init)
    flash_manager_uninit                     0x0800410d   Thumb Code    88  flash_manager.o(i.flash_manager_uninit)
    flash_program_page                       0x08004175   Thumb Code    18  flash_hal.o(i.flash_program_page)
    get_board_id                             0x080041cd   Thumb Code    32  target_board.o(i.get_board_id)
    get_family_id                            0x080041f1   Thumb Code    32  target_board.o(i.get_family_id)
    gpio_get_reset_btn_fwrd                  0x0800421f   Thumb Code     4  gpio.o(i.gpio_get_reset_btn_fwrd)
    gpio_get_reset_btn_no_fwrd               0x08004225   Thumb Code    12  gpio.o(i.gpio_get_reset_btn_no_fwrd)
    gpio_init                                0x08004235   Thumb Code   344  gpio.o(i.gpio_init)
    gpio_set_cdc_led                         0x080043a1   Thumb Code    18  gpio.o(i.gpio_set_cdc_led)
    gpio_set_hid_led                         0x080043b9   Thumb Code    18  gpio.o(i.gpio_set_hid_led)
    gpio_set_msc_led                         0x080043d1   Thumb Code    18  gpio.o(i.gpio_set_msc_led)
    hex32_field_in_region                    0x080043e9   Thumb Code    62  vfs_user.o(i.hex32_field_in_region)
    info_crc_compute                         0x08004439   Thumb Code    94  info.o(i.info_crc_compute)
    info_get_board_id                        0x080044a9   Thumb Code     4  info.o(i.info_get_board_id)
    info_get_bootloader_present              0x080044b1   Thumb Code    42  info.o(i.info_get_bootloader_present)
    info_get_crc_bootloader                  0x080044e9   Thumb Code     6  info.o(i.info_get_crc_bootloader)
    info_get_crc_interface                   0x080044f5   Thumb Code     6  info.o(i.info_get_crc_interface)
    info_get_hic_id                          0x08004501   Thumb Code     4  info.o(i.info_get_hic_id)
    info_get_host_id                         0x08004509   Thumb Code     4  info.o(i.info_get_host_id)
    info_get_interface_present               0x08004511   Thumb Code    42  info.o(i.info_get_interface_present)
    info_get_interface_version               0x08004549   Thumb Code    16  info.o(i.info_get_interface_version)
    info_get_mac                             0x0800455d   Thumb Code     4  info.o(i.info_get_mac)
    info_get_target_id                       0x08004565   Thumb Code     4  info.o(i.info_get_target_id)
    info_get_unique_id                       0x0800456d   Thumb Code     4  info.o(i.info_get_unique_id)
    info_get_unique_id_string_descriptor     0x08004575   Thumb Code     4  info.o(i.info_get_unique_id_string_descriptor)
    info_get_version                         0x0800457d   Thumb Code     4  info.o(i.info_get_version)
    info_init                                0x08004585   Thumb Code   134  info.o(i.info_init)
    main                                     0x080046b5   Thumb Code    78  main_bootloader.o(i.main)
    main_blink_msc_led                       0x08004711   Thumb Code    10  main_bootloader.o(i.main_blink_msc_led)
    main_task                                0x08004721   Thumb Code   286  main_bootloader.o(i.main_task)
    osDelay                                  0x08004869   Thumb Code    10  cmsis_os2_port.o(i.osDelay)
    osKernelInitialize                       0x08004873   Thumb Code    10  cmsis_os2_port.o(i.osKernelInitialize)
    osKernelStart                            0x0800487d   Thumb Code    10  cmsis_os2_port.o(i.osKernelStart)
    osMutexAcquire                           0x08004887   Thumb Code     4  cmsis_os2_port.o(i.osMutexAcquire)
    osMutexNew                               0x0800488b   Thumb Code     4  cmsis_os2_port.o(i.osMutexNew)
    osMutexRelease                           0x0800488f   Thumb Code     4  cmsis_os2_port.o(i.osMutexRelease)
    osThreadFlagsSet                         0x08004893   Thumb Code    14  cmsis_os2_port.o(i.osThreadFlagsSet)
    osThreadFlagsWait                        0x080048a1   Thumb Code     4  cmsis_os2_port.o(i.osThreadFlagsWait)
    osThreadGetId                            0x080048a5   Thumb Code     4  cmsis_os2_port.o(i.osThreadGetId)
    osThreadNew                              0x080048a9   Thumb Code    10  cmsis_os2_port.o(i.osThreadNew)
    osTimerNew                               0x080048b3   Thumb Code    10  cmsis_os2_port.o(i.osTimerNew)
    osTimerStart                             0x080048bd   Thumb Code    12  cmsis_os2_port.o(i.osTimerStart)
    parse_hex_blob                           0x0800499d   Thumb Code   610  intelhex.o(i.parse_hex_blob)
    read_unique_id                           0x08005079   Thumb Code    26  read_uid.o(i.read_unique_id)
    reset_button_pressed                     0x0800517d   Thumb Code    20  main_bootloader.o(i.reset_button_pressed)
    reset_hex_parser                         0x08005191   Thumb Code    30  intelhex.o(i.reset_hex_parser)
    sdk_init                                 0x080051b9   Thumb Code   138  sdk.o(i.sdk_init)
    setting_in_region                        0x0800524d   Thumb Code    24  vfs_user.o(i.setting_in_region)
    stream_close                             0x0800547d   Thumb Code    40  file_stream.o(i.stream_close)
    stream_open                              0x080054b5   Thumb Code    78  file_stream.o(i.stream_open)
    stream_start_identify                    0x08005515   Thumb Code    44  file_stream.o(i.stream_start_identify)
    stream_type_from_name                    0x08005571   Thumb Code    40  file_stream.o(i.stream_type_from_name)
    stream_write                             0x080055a1   Thumb Code    86  file_stream.o(i.stream_write)
    string_field_in_region                   0x08005609   Thumb Code    88  vfs_user.o(i.string_field_in_region)
    sysTickEvtSet                            0x080056b5   Thumb Code    14  systick_handler.o(i.sysTickEvtSet)
    sysTickEvtWaitOr                         0x080056c9   Thumb Code    24  systick_handler.o(i.sysTickEvtWaitOr)
    sysTickFreqSet                           0x080056e5   Thumb Code     6  systick_handler.o(i.sysTickFreqSet)
    sysTickInit                              0x080056f1   Thumb Code    40  systick_handler.o(i.sysTickInit)
    sysTickRegCallback                       0x08005725   Thumb Code     6  systick_handler.o(i.sysTickRegCallback)
    sysTickRegMainFunc                       0x08005731   Thumb Code     6  systick_handler.o(i.sysTickRegMainFunc)
    sysTickStartMain                         0x0800573d   Thumb Code    14  systick_handler.o(i.sysTickStartMain)
    sysTickWait                              0x08005751   Thumb Code    12  systick_handler.o(i.sysTickWait)
    timer_task_30mS                          0x08005781   Thumb Code    46  main_bootloader.o(i.timer_task_30mS)
    uint32_field_in_region                   0x08005a71   Thumb Code    52  vfs_user.o(i.uint32_field_in_region)
    usbd_class_init                          0x08005d91   Thumb Code    62  usb_config.o(i.usbd_class_init)
    usbd_configured                          0x08005dfd   Thumb Code    12  usbd_core.o(i.usbd_configured)
    usbd_connect                             0x08005e0d   Thumb Code     4  usbd_core.o(i.usbd_connect)
    usbd_init                                0x08005e11   Thumb Code    24  usbd_core.o(i.usbd_init)
    usbd_msc_init                            0x08005e2d   Thumb Code    36  vfs_manager.o(i.usbd_msc_init)
    usbd_msc_read_sect                       0x08005e59   Thumb Code    42  vfs_manager.o(i.usbd_msc_read_sect)
    usbd_msc_start_stop                      0x08005e89   Thumb Code     2  usbd_msc.o(i.usbd_msc_start_stop)
    usbd_msc_write_sect                      0x08005e8d   Thumb Code    80  vfs_manager.o(i.usbd_msc_write_sect)
    usbd_reset_core                          0x08005ee9   Thumb Code    26  usbd_core.o(i.usbd_reset_core)
    util_assert_clear                        0x08005f0d   Thumb Code    18  util.o(i.util_assert_clear)
    util_write_hex32                         0x08005f1f   Thumb Code    50  util.o(i.util_write_hex32)
    util_write_hex8                          0x08005f51   Thumb Code    22  util.o(i.util_write_hex8)
    util_write_in_region                     0x08005f6d   Thumb Code    72  util.o(i.util_write_in_region)
    util_write_string_in_region              0x08005fb5   Thumb Code    40  util.o(i.util_write_string_in_region)
    util_write_uint32                        0x08005fdd   Thumb Code    84  util.o(i.util_write_uint32)
    util_write_uint32_zp                     0x08006031   Thumb Code    46  util.o(i.util_write_uint32_zp)
    validate_bin_nvic                        0x08006061   Thumb Code    30  validation.o(i.validate_bin_nvic)
    validate_bin_nvic_base                   0x08006085   Thumb Code   118  validation.o(i.validate_bin_nvic_base)
    validate_hexfile                         0x08006101   Thumb Code    48  validation.o(i.validate_hexfile)
    vfs_create_file                          0x08006135   Thumb Code   264  virtual_fs.o(i.vfs_create_file)
    vfs_file_get_attr                        0x08006261   Thumb Code     4  virtual_fs.o(i.vfs_file_get_attr)
    vfs_file_get_size                        0x08006265   Thumb Code     4  virtual_fs.o(i.vfs_file_get_size)
    vfs_file_get_start_sector                0x08006269   Thumb Code    36  virtual_fs.o(i.vfs_file_get_start_sector)
    vfs_file_set_attr                        0x08006295   Thumb Code     4  virtual_fs.o(i.vfs_file_set_attr)
    vfs_get_total_size                       0x08006299   Thumb Code    42  virtual_fs.o(i.vfs_get_total_size)
    vfs_init                                 0x080062d1   Thumb Code   326  virtual_fs.o(i.vfs_init)
    vfs_mngr_fs_remount                      0x0800643d   Thumb Code    32  vfs_manager.o(i.vfs_mngr_fs_remount)
    vfs_mngr_get_transfer_status             0x08006461   Thumb Code    12  vfs_manager.o(i.vfs_mngr_get_transfer_status)
    vfs_mngr_init                            0x08006471   Thumb Code    38  vfs_manager.o(i.vfs_mngr_init)
    vfs_mngr_periodic                        0x080064a1   Thumb Code   160  vfs_manager.o(i.vfs_mngr_periodic)
    vfs_read                                 0x08006555   Thumb Code    94  virtual_fs.o(i.vfs_read)
    vfs_set_file_change_callback             0x080065b9   Thumb Code     6  virtual_fs.o(i.vfs_set_file_change_callback)
    vfs_user_build_filesystem                0x080065c5   Thumb Code   146  vfs_user.o(i.vfs_user_build_filesystem)
    vfs_user_build_filesystem_hook           0x080066ad   Thumb Code     2  vfs_user.o(i.vfs_user_build_filesystem_hook)
    vfs_user_disconnecting                   0x080066b1   Thumb Code    22  vfs_user.o(i.vfs_user_disconnecting)
    vfs_user_file_change_handler             0x080066cd   Thumb Code   292  vfs_user.o(i.vfs_user_file_change_handler)
    vfs_user_file_change_handler_hook        0x08006801   Thumb Code     4  vfs_user.o(i.vfs_user_file_change_handler_hook)
    vfs_user_magic_file_hook                 0x08006805   Thumb Code     4  vfs_user.o(i.vfs_user_magic_file_hook)
    vfs_write                                0x08006809   Thumb Code    94  virtual_fs.o(i.vfs_write)
    g_board_info                             0x08006ab8   Data         132  stm32f103xb_bl.o(.constdata)
    flash_intf_target                        0x08006bf0   Data           4  flash_intf.o(.constdata)
    flash_intf_iap_protected                 0x08006c18   Data           4  iap_flash_intf.o(.constdata)
    virtual_media_tmpl                       0x08006efc   Data          48  virtual_fs.o(.constdata)
    AHBPrescTable                            0x08006f6c   Data          16  system_stm32f1xx.o(.constdata)
    usbd_power                               0x08006f7c   Data           1  usb_config.o(.constdata)
    usbd_hs_enable                           0x08006f7d   Data           1  usb_config.o(.constdata)
    usbd_bos_enable                          0x08006f7e   Data           1  usb_config.o(.constdata)
    usbd_max_packet0                         0x08006f7f   Data           1  usb_config.o(.constdata)
    usbd_msc_ep_bulkin                       0x08006f80   Data           1  usb_config.o(.constdata)
    usbd_msc_ep_bulkout                      0x08006f81   Data           1  usb_config.o(.constdata)
    usbd_msc_maxpacketsize                   0x08006f82   Data           4  usb_config.o(.constdata)
    USBD_MSC_BulkBufSize                     0x08006f86   Data           2  usb_config.o(.constdata)
    USBD_P_Reset_Event                       0x08006f88   Data           4  usb_config.o(.constdata)
    USBD_P_Suspend_Event                     0x08006f8c   Data           4  usb_config.o(.constdata)
    USBD_P_Resume_Event                      0x08006f90   Data           4  usb_config.o(.constdata)
    USBD_P_SOF_Event                         0x08006f94   Data           4  usb_config.o(.constdata)
    USBD_P_Error_Event                       0x08006f98   Data           4  usb_config.o(.constdata)
    USBD_P_EP                                0x08006f9c   Data          64  usb_config.o(.constdata)
    USBD_P_Configure_Event                   0x08006fdc   Data           4  usb_config.o(.constdata)
    USBD_P_Interface_Event                   0x08006fe0   Data           4  usb_config.o(.constdata)
    USBD_P_Feature_Event                     0x08006fe4   Data           4  usb_config.o(.constdata)
    USBD_DeviceDescriptor                    0x08006fe8   Data          18  usb_config.o(.constdata)
    USBD_DeviceQualifier                     0x08006ffa   Data           1  usb_config.o(.constdata)
    USBD_DeviceQualifier_HS                  0x08006ffb   Data           1  usb_config.o(.constdata)
    USBD_BinaryObjectStoreDescriptor         0x08006ffc   Data           1  usb_config.o(.constdata)
    USBD_StringDescriptor                    0x08006ffe   Data          90  usb_config.o(.constdata)
    Region$$Table$$Base                      0x08007a88   Number         0  anon$$obj.o(Region$$Table)
    Region$$Table$$Limit                     0x08007aa8   Number         0  anon$$obj.o(Region$$Table)
    target_device                            0x20000000   Data         428  stm32f103xb_bl.o(.data)
    g_target_family                          0x200001ac   Data           4  stm32f103xb_bl.o(.data)
    usb_state                                0x200001fa   Data           1  main_bootloader.o(.data)
    main_task_id                             0x20000200   Data           4  main_bootloader.o(.data)
    stream                                   0x20000214   Data          32  file_stream.o(.data)
    board_id_hex                             0x20000288   Data           2  intelhex.o(.data)
    board_id_hex_default                     0x2000028a   Data           2  intelhex.o(.data)
    file_count                               0x200002a8   Data           1  virtual_fs.o(.data)
    file_change_cb                           0x200002ac   Data           4  virtual_fs.o(.data)
    virtual_media_idx                        0x200002b0   Data           4  virtual_fs.o(.data)
    fat_idx                                  0x200002b4   Data           4  virtual_fs.o(.data)
    dir_idx                                  0x200002b8   Data           4  virtual_fs.o(.data)
    data_start                               0x200002bc   Data           4  virtual_fs.o(.data)
    time_count                               0x200002c0   Data           4  sdk.o(.data)
    SystemCoreClock                          0x200002c4   Data           4  system_stm32f1xx.o(.data)
    usbd_if_num                              0x200002c8   Data           2  usb_config.o(.data)
    usbd_msc_inquiry_data                    0x200002cc   Data           4  usb_config.o(.data)
    USBD_ConfigDescriptor_HS                 0x200002d0   Data           1  usb_config.o(.data)
    usbd_msc_if_num                          0x200002d1   Data           1  usb_config.o(.data)
    USBD_AltSetting                          0x200002d2   Data           1  usb_config.o(.data)
    FreeBufAddr                              0x200002d4   Data           2  usbd_stm32f103.o(.data)
    pBUF_DSCR                                0x200002d8   Data           4  usbd_stm32f103.o(.data)
    StatQueueHead                            0x200002dc   Data           4  usbd_stm32f103.o(.data)
    StatQueueTail                            0x200002e0   Data           4  usbd_stm32f103.o(.data)
    LastIstr                                 0x200002e4   Data           4  usbd_stm32f103.o(.data)
    USBD_DeviceAddress                       0x20000300   Data           1  usbd_core.o(.data)
    USBD_Configuration                       0x20000301   Data           1  usbd_core.o(.data)
    USBD_NumInterfaces                       0x20000302   Data           1  usbd_core.o(.data)
    USBD_HighSpeed                           0x20000303   Data           1  usbd_core.o(.data)
    USBD_ZLP                                 0x20000304   Data           1  usbd_core.o(.data)
    USBD_DeviceStatus                        0x20000306   Data           2  usbd_core.o(.data)
    USBD_EndPointMask                        0x20000308   Data           4  usbd_core.o(.data)
    USBD_EndPointHalt                        0x2000030c   Data           4  usbd_core.o(.data)
    USBD_EndPointStall                       0x20000310   Data           4  usbd_core.o(.data)
    USBD_EP0Data                             0x20000314   Data           8  usbd_core.o(.data)
    USBD_SetupPacket                         0x2000031c   Data           8  usbd_core.o(.data)
    BulkStage                                0x20000324   Data           1  usbd_msc.o(.data)
    USBD_MSC_MediaReady                      0x20000328   Data           4  usbd_msc.o(.data)
    USBD_MSC_ReadOnly                        0x2000032c   Data           4  usbd_msc.o(.data)
    USBD_MSC_MediaReadyEx                    0x20000330   Data           4  usbd_msc.o(.data)
    USBD_MSC_BlockSize                       0x20000334   Data           4  usbd_msc.o(.data)
    USBD_MSC_BlockGroup                      0x20000338   Data           4  usbd_msc.o(.data)
    USBD_MSC_BlockCount                      0x2000033c   Data           4  usbd_msc.o(.data)
    USBD_MSC_BlockBuf                        0x20000340   Data           4  usbd_msc.o(.data)
    MemOK                                    0x20000344   Data           4  usbd_msc.o(.data)
    Block                                    0x20000348   Data           4  usbd_msc.o(.data)
    Offset                                   0x2000034c   Data           4  usbd_msc.o(.data)
    Length                                   0x20000350   Data           4  usbd_msc.o(.data)
    BulkLen                                  0x20000354   Data           4  usbd_msc.o(.data)
    USBD_MSC_MemorySize                      0x20000358   Data           4  usbd_msc.o(.data)
    usb_buffer                               0x20000dc8   Data         512  vfs_manager.o(.bss)
    mbr                                      0x20001034   Data         512  virtual_fs.o(.bss)
    fat                                      0x20001234   Data         512  virtual_fs.o(.bss)
    virtual_media                            0x20001434   Data         192  virtual_fs.o(.bss)
    dir_current                              0x200014f4   Data        1024  virtual_fs.o(.bss)
    timer                                    0x20001930   Data          60  sdk.o(.bss)
    pFlash                                   0x20001970   Data          32  stm32f1xx_hal_flash.o(.bss)
    write_buffer                             0x20001990   Data          16  uart.o(.bss)
    write_buffer_data                        0x200019a0   Data         512  uart.o(.bss)
    read_buffer                              0x20001ba0   Data          16  uart.o(.bss)
    read_buffer_data                         0x20001bb0   Data         512  uart.o(.bss)
    USBD_ConfigDescriptor                    0x20001db0   Data         200  usb_config.o(.bss)
    USBD_EP0Buf                              0x20001e78   Data          64  usb_config.o(.bss)
    USBD_MSC_BulkBuf                         0x20001eb8   Data          64  usb_config.o(.bss)
    StatQueue                                0x20001ef8   Data          28  usbd_stm32f103.o(.bss)
    USBD_MSC_CBW                             0x20001fa2   Data          31  usbd_msc.o(.bss)
    USBD_MSC_CSW                             0x20001fc1   Data          13  usbd_msc.o(.bss)
    __libspace_start                         0x20001fd0   Data          96  libspace.o(.bss)
    __temporary_stack_top$libspace           0x20002030   Data           0  libspace.o(.bss)



==============================================================================

Memory Map of the image

  Image Entry point : 0x080000ed

  Load Region LR_IROM1 (Base: 0x08000000, Size: 0x0000bef4, Max: 0x0000bc00, ABSOLUTE, COMPRESSED[0x0000bc00])

    Execution Region ER_IROM1 (Exec base: 0x08000000, Load base: 0x08000000, Size: 0x00007aa8, Max: 0x0000bc00, ABSOLUTE)

    Exec Addr    Load Addr    Size         Type   Attr      Idx    E Section Name        Object

    0x08000000   0x08000000   0x000000ec   Data   RO         2154    RESET               startup_stm32f103xb.o
    0x080000ec   0x080000ec   0x00000008   Code   RO         5656  * !!!main             c_w.l(__main.o)
    0x080000f4   0x080000f4   0x00000034   Code   RO         5819    !!!scatter          c_w.l(__scatter.o)
    0x08000128   0x08000128   0x0000005a   Code   RO         5817    !!dczerorl2         c_w.l(__dczerorl2.o)
    0x08000182   0x08000182   0x00000002   PAD
    0x08000184   0x08000184   0x0000001c   Code   RO         5821    !!handler_zi        c_w.l(__scatter_zi.o)
    0x080001a0   0x080001a0   0x00000002   Code   RO         5685    .ARM.Collect$$libinit$$00000000  c_w.l(libinit.o)
    0x080001a2   0x080001a2   0x00000000   Code   RO         5692    .ARM.Collect$$libinit$$00000002  c_w.l(libinit2.o)
    0x080001a2   0x080001a2   0x00000000   Code   RO         5694    .ARM.Collect$$libinit$$00000004  c_w.l(libinit2.o)
    0x080001a2   0x080001a2   0x00000000   Code   RO         5697    .ARM.Collect$$libinit$$0000000A  c_w.l(libinit2.o)
    0x080001a2   0x080001a2   0x00000000   Code   RO         5699    .ARM.Collect$$libinit$$0000000C  c_w.l(libinit2.o)
    0x080001a2   0x080001a2   0x00000000   Code   RO         5701    .ARM.Collect$$libinit$$0000000E  c_w.l(libinit2.o)
    0x080001a2   0x080001a2   0x00000000   Code   RO         5704    .ARM.Collect$$libinit$$00000011  c_w.l(libinit2.o)
    0x080001a2   0x080001a2   0x00000000   Code   RO         5706    .ARM.Collect$$libinit$$00000013  c_w.l(libinit2.o)
    0x080001a2   0x080001a2   0x00000000   Code   RO         5708    .ARM.Collect$$libinit$$00000015  c_w.l(libinit2.o)
    0x080001a2   0x080001a2   0x00000000   Code   RO         5710    .ARM.Collect$$libinit$$00000017  c_w.l(libinit2.o)
    0x080001a2   0x080001a2   0x00000000   Code   RO         5712    .ARM.Collect$$libinit$$00000019  c_w.l(libinit2.o)
    0x080001a2   0x080001a2   0x00000000   Code   RO         5714    .ARM.Collect$$libinit$$0000001B  c_w.l(libinit2.o)
    0x080001a2   0x080001a2   0x00000000   Code   RO         5716    .ARM.Collect$$libinit$$0000001D  c_w.l(libinit2.o)
    0x080001a2   0x080001a2   0x00000000   Code   RO         5718    .ARM.Collect$$libinit$$0000001F  c_w.l(libinit2.o)
    0x080001a2   0x080001a2   0x00000000   Code   RO         5720    .ARM.Collect$$libinit$$00000021  c_w.l(libinit2.o)
    0x080001a2   0x080001a2   0x00000000   Code   RO         5722    .ARM.Collect$$libinit$$00000023  c_w.l(libinit2.o)
    0x080001a2   0x080001a2   0x00000000   Code   RO         5724    .ARM.Collect$$libinit$$00000025  c_w.l(libinit2.o)
    0x080001a2   0x080001a2   0x00000000   Code   RO         5728    .ARM.Collect$$libinit$$0000002C  c_w.l(libinit2.o)
    0x080001a2   0x080001a2   0x00000000   Code   RO         5730    .ARM.Collect$$libinit$$0000002E  c_w.l(libinit2.o)
    0x080001a2   0x080001a2   0x00000000   Code   RO         5732    .ARM.Collect$$libinit$$00000030  c_w.l(libinit2.o)
    0x080001a2   0x080001a2   0x00000000   Code   RO         5734    .ARM.Collect$$libinit$$00000032  c_w.l(libinit2.o)
    0x080001a2   0x080001a2   0x00000002   Code   RO         5735    .ARM.Collect$$libinit$$00000033  c_w.l(libinit2.o)
    0x080001a4   0x080001a4   0x00000002   Code   RO         5755    .ARM.Collect$$libshutdown$$00000000  c_w.l(libshutdown.o)
    0x080001a6   0x080001a6   0x00000000   Code   RO         5768    .ARM.Collect$$libshutdown$$00000002  c_w.l(libshutdown2.o)
    0x080001a6   0x080001a6   0x00000000   Code   RO         5770    .ARM.Collect$$libshutdown$$00000004  c_w.l(libshutdown2.o)
    0x080001a6   0x080001a6   0x00000000   Code   RO         5772    .ARM.Collect$$libshutdown$$00000006  c_w.l(libshutdown2.o)
    0x080001a6   0x080001a6   0x00000000   Code   RO         5775    .ARM.Collect$$libshutdown$$00000009  c_w.l(libshutdown2.o)
    0x080001a6   0x080001a6   0x00000000   Code   RO         5778    .ARM.Collect$$libshutdown$$0000000C  c_w.l(libshutdown2.o)
    0x080001a6   0x080001a6   0x00000000   Code   RO         5780    .ARM.Collect$$libshutdown$$0000000E  c_w.l(libshutdown2.o)
    0x080001a6   0x080001a6   0x00000000   Code   RO         5783    .ARM.Collect$$libshutdown$$00000011  c_w.l(libshutdown2.o)
    0x080001a6   0x080001a6   0x00000002   Code   RO         5784    .ARM.Collect$$libshutdown$$00000012  c_w.l(libshutdown2.o)
    0x080001a8   0x080001a8   0x00000000   Code   RO         5658    .ARM.Collect$$rtentry$$00000000  c_w.l(__rtentry.o)
    0x080001a8   0x080001a8   0x00000000   Code   RO         5662    .ARM.Collect$$rtentry$$00000002  c_w.l(__rtentry2.o)
    0x080001a8   0x080001a8   0x00000006   Code   RO         5674    .ARM.Collect$$rtentry$$00000004  c_w.l(__rtentry4.o)
    0x080001ae   0x080001ae   0x00000000   Code   RO         5664    .ARM.Collect$$rtentry$$00000009  c_w.l(__rtentry2.o)
    0x080001ae   0x080001ae   0x00000004   Code   RO         5665    .ARM.Collect$$rtentry$$0000000A  c_w.l(__rtentry2.o)
    0x080001b2   0x080001b2   0x00000000   Code   RO         5667    .ARM.Collect$$rtentry$$0000000C  c_w.l(__rtentry2.o)
    0x080001b2   0x080001b2   0x00000008   Code   RO         5668    .ARM.Collect$$rtentry$$0000000D  c_w.l(__rtentry2.o)
    0x080001ba   0x080001ba   0x00000002   Code   RO         5689    .ARM.Collect$$rtexit$$00000000  c_w.l(rtexit.o)
    0x080001bc   0x080001bc   0x00000000   Code   RO         5737    .ARM.Collect$$rtexit$$00000002  c_w.l(rtexit2.o)
    0x080001bc   0x080001bc   0x00000004   Code   RO         5738    .ARM.Collect$$rtexit$$00000003  c_w.l(rtexit2.o)
    0x080001c0   0x080001c0   0x00000006   Code   RO         5739    .ARM.Collect$$rtexit$$00000004  c_w.l(rtexit2.o)
    0x080001c6   0x080001c6   0x00000002   PAD
    0x080001c8   0x080001c8   0x00000004   Code   RO          756    .emb_text           main_bootloader.o
    0x080001cc   0x080001cc   0x00000040   Code   RO         2155    .text               startup_stm32f103xb.o
    0x0800020c   0x0800020c   0x00000026   Code   RO         5632    .text               c_w.l(llushr.o)
    0x08000232   0x08000232   0x00000058   Code   RO         5634    .text               c_w.l(memcmp.o)
    0x0800028a   0x0800028a   0x0000003e   Code   RO         5636    .text               c_w.l(strlen.o)
    0x080002c8   0x080002c8   0x00000096   Code   RO         5638    .text               c_w.l(strncmp.o)
    0x0800035e   0x0800035e   0x00000018   Code   RO         5640    .text               c_w.l(strcat.o)
    0x08000376   0x08000376   0x0000008a   Code   RO         5642    .text               c_w.l(rt_memcpy_v6.o)
    0x08000400   0x08000400   0x00000084   Code   RO         5644    .text               c_w.l(rt_memmove_v6.o)
    0x08000484   0x08000484   0x00000064   Code   RO         5646    .text               c_w.l(rt_memcpy_w.o)
    0x080004e8   0x080004e8   0x00000010   Code   RO         5648    .text               c_w.l(aeabi_memset.o)
    0x080004f8   0x080004f8   0x00000044   Code   RO         5650    .text               c_w.l(rt_memclr.o)
    0x0800053c   0x0800053c   0x0000004e   Code   RO         5652    .text               c_w.l(rt_memclr_w.o)
    0x0800058a   0x0800058a   0x00000006   Code   RO         5654    .text               c_w.l(heapauxi.o)
    0x08000590   0x08000590   0x0000007a   Code   RO         5659    .text               c_w.l(rt_memmove_w.o)
    0x0800060a   0x0800060a   0x0000004a   Code   RO         5676    .text               c_w.l(sys_stackheap_outer.o)
    0x08000654   0x08000654   0x00000012   Code   RO         5678    .text               c_w.l(exit.o)
    0x08000666   0x08000666   0x00000002   PAD
    0x08000668   0x08000668   0x00000008   Code   RO         5686    .text               c_w.l(libspace.o)
    0x08000670   0x08000670   0x0000000c   Code   RO         5747    .text               c_w.l(sys_exit.o)
    0x0800067c   0x0800067c   0x00000002   Code   RO         5758    .text               c_w.l(use_no_semi.o)
    0x0800067e   0x0800067e   0x00000000   Code   RO         5760    .text               c_w.l(indicate_semi.o)
    0x0800067e   0x0800067e   0x00000002   PAD
    0x08000680   0x08000680   0x00000028   Code   RO         4661    i.EP_Reset          usbd_stm32f103.o
    0x080006a8   0x080006a8   0x0000003c   Code   RO         4662    i.EP_Status         usbd_stm32f103.o
    0x080006e4   0x080006e4   0x0000002e   Code   RO         1882    i.EraseSector       flash.o
    0x08000712   0x08000712   0x00000002   PAD
    0x08000714   0x08000714   0x00000024   Code   RO         2609    i.FLASH_MassErase   stm32f1xx_hal_flash_ex.o
    0x08000738   0x08000738   0x00000024   Code   RO         2614    i.FLASH_PageErase   stm32f1xx_hal_flash_ex.o
    0x0800075c   0x0800075c   0x0000001c   Code   RO         2502    i.FLASH_Program_HalfWord  stm32f1xx_hal_flash.o
    0x08000778   0x08000778   0x00000044   Code   RO         2503    i.FLASH_SetErrorCode  stm32f1xx_hal_flash.o
    0x080007bc   0x080007bc   0x00000054   Code   RO         2504    i.FLASH_WaitForLastOperation  stm32f1xx_hal_flash.o
    0x08000810   0x08000810   0x00000016   Code   RO         2169    i.HAL_Delay         stm32f1xx_hal.o
    0x08000826   0x08000826   0x00000002   PAD
    0x08000828   0x08000828   0x000000a8   Code   RO         2615    i.HAL_FLASHEx_Erase  stm32f1xx_hal_flash_ex.o
    0x080008d0   0x080008d0   0x00000014   Code   RO         2508    i.HAL_FLASH_Lock    stm32f1xx_hal_flash.o
    0x080008e4   0x080008e4   0x00000084   Code   RO         2513    i.HAL_FLASH_Program  stm32f1xx_hal_flash.o
    0x08000968   0x08000968   0x00000024   Code   RO         2515    i.HAL_FLASH_Unlock  stm32f1xx_hal_flash.o
    0x0800098c   0x0800098c   0x000001c8   Code   RO         2701    i.HAL_GPIO_Init     stm32f1xx_hal_gpio.o
    0x08000b54   0x08000b54   0x0000000a   Code   RO         2705    i.HAL_GPIO_WritePin  stm32f1xx_hal_gpio.o
    0x08000b5e   0x08000b5e   0x00000002   PAD
    0x08000b60   0x08000b60   0x0000002c   Code   RO         2093    i.HAL_GetTick       sdk.o
    0x08000b8c   0x08000b8c   0x00000024   Code   RO         2175    i.HAL_Init          stm32f1xx_hal.o
    0x08000bb0   0x08000bb0   0x000000a4   Code   RO         2095    i.HAL_InitTick      sdk.o
    0x08000c54   0x08000c54   0x00000002   Code   RO         2178    i.HAL_MspInit       stm32f1xx_hal.o
    0x08000c56   0x08000c56   0x00000002   PAD
    0x08000c58   0x08000c58   0x00000024   Code   RO         2309    i.HAL_NVIC_SetPriorityGrouping  stm32f1xx_hal_cortex.o
    0x08000c7c   0x08000c7c   0x00000180   Code   RO         2809    i.HAL_RCC_ClockConfig  stm32f1xx_hal_rcc.o
    0x08000dfc   0x08000dfc   0x00000040   Code   RO         2813    i.HAL_RCC_GetClockConfig  stm32f1xx_hal_rcc.o
    0x08000e3c   0x08000e3c   0x00000088   Code   RO         2818    i.HAL_RCC_GetSysClockFreq  stm32f1xx_hal_rcc.o
    0x08000ec4   0x08000ec4   0x0000057a   Code   RO         2821    i.HAL_RCC_OscConfig  stm32f1xx_hal_rcc.o
    0x0800143e   0x0800143e   0x00000038   Code   RO         2954    i.HAL_TIM_Base_DeInit  stm32f1xx_hal_tim.o
    0x08001476   0x08001476   0x00000036   Code   RO         2956    i.HAL_TIM_Base_Init  stm32f1xx_hal_tim.o
    0x080014ac   0x080014ac   0x00000002   Code   RO         2957    i.HAL_TIM_Base_MspDeInit  stm32f1xx_hal_tim.o
    0x080014ae   0x080014ae   0x00000002   Code   RO         2958    i.HAL_TIM_Base_MspInit  stm32f1xx_hal_tim.o
    0x080014b0   0x080014b0   0x0000001a   Code   RO         2959    i.HAL_TIM_Base_Start  stm32f1xx_hal_tim.o
    0x080014ca   0x080014ca   0x000000d0   Code   RO         3022    i.HAL_TIM_PWM_ConfigChannel  stm32f1xx_hal_tim.o
    0x0800159a   0x0800159a   0x00000038   Code   RO         3023    i.HAL_TIM_PWM_DeInit  stm32f1xx_hal_tim.o
    0x080015d2   0x080015d2   0x00000036   Code   RO         3025    i.HAL_TIM_PWM_Init  stm32f1xx_hal_tim.o
    0x08001608   0x08001608   0x00000002   Code   RO         3026    i.HAL_TIM_PWM_MspDeInit  stm32f1xx_hal_tim.o
    0x0800160a   0x0800160a   0x00000002   Code   RO         3027    i.HAL_TIM_PWM_MspInit  stm32f1xx_hal_tim.o
    0x0800160c   0x0800160c   0x00000030   Code   RO         3029    i.HAL_TIM_PWM_Start  stm32f1xx_hal_tim.o
    0x0800163c   0x0800163c   0x00000004   Code   RO          535    i.HardFault_Handler  hardfault_handler.o
    0x08001640   0x08001640   0x00000004   Code   RO         1883    i.Init              flash.o
    0x08001644   0x08001644   0x00000058   Code   RO         1884    i.ProgramPage       flash.o
    0x0800169c   0x0800169c   0x00000034   Code   RO         4935    i.SysTick_Handler   systick_handler.o
    0x080016d0   0x080016d0   0x00000068   Code   RO         4289    i.SystemCoreClockUpdate  system_stm32f1xx.o
    0x08001738   0x08001738   0x00000048   Code   RO         4290    i.SystemInit        system_stm32f1xx.o
    0x08001780   0x08001780   0x00000024   Code   RO          226    i.SystemReset       cortex_m.o
    0x080017a4   0x080017a4   0x00000064   Code   RO         3040    i.TIM_Base_SetConfig  stm32f1xx_hal_tim.o
    0x08001808   0x08001808   0x00000016   Code   RO         3041    i.TIM_CCxChannelCmd  stm32f1xx_hal_tim.o
    0x0800181e   0x0800181e   0x00000002   PAD
    0x08001820   0x08001820   0x00000058   Code   RO         3049    i.TIM_OC1_SetConfig  stm32f1xx_hal_tim.o
    0x08001878   0x08001878   0x0000005c   Code   RO         3050    i.TIM_OC2_SetConfig  stm32f1xx_hal_tim.o
    0x080018d4   0x080018d4   0x00000058   Code   RO         3051    i.TIM_OC3_SetConfig  stm32f1xx_hal_tim.o
    0x0800192c   0x0800192c   0x00000044   Code   RO         3052    i.TIM_OC4_SetConfig  stm32f1xx_hal_tim.o
    0x08001970   0x08001970   0x00000080   Code   RO         4331    i.USART2_IRQHandler  uart.o
    0x080019f0   0x080019f0   0x00000016   Code   RO         4664    i.USBD_ClrStallEP   usbd_stm32f103.o
    0x08001a06   0x08001a06   0x00000002   PAD
    0x08001a08   0x08001a08   0x00000090   Code   RO         4665    i.USBD_ConfigEP     usbd_stm32f103.o
    0x08001a98   0x08001a98   0x00000010   Code   RO         4666    i.USBD_Configure    usbd_stm32f103.o
    0x08001aa8   0x08001aa8   0x00000030   Code   RO         4667    i.USBD_Connect      usbd_stm32f103.o
    0x08001ad8   0x08001ad8   0x00000038   Code   RO         5246    i.USBD_DataInStage  usbd_core.o
    0x08001b10   0x08001b10   0x00000020   Code   RO         5247    i.USBD_DataOutStage  usbd_core.o
    0x08001b30   0x08001b30   0x00000002   Code   RO         4668    i.USBD_DirCtrlEP    usbd_stm32f103.o
    0x08001b32   0x08001b32   0x00000006   Code   RO         4669    i.USBD_DisableEP    usbd_stm32f103.o
    0x08001b38   0x08001b38   0x00000008   Code   RO         4670    i.USBD_EnableEP     usbd_stm32f103.o
    0x08001b40   0x08001b40   0x000001d4   Code   RO         5248    i.USBD_EndPoint0    usbd_core.o
    0x08001d14   0x08001d14   0x00000004   Code   RO         4431    i.USBD_EndPoint0_Out_CDC_ReqToIF  usb_config.o
    0x08001d18   0x08001d18   0x00000004   Code   RO         4435    i.USBD_EndPoint0_Out_HID_ReqToIF  usb_config.o
    0x08001d1c   0x08001d1c   0x00000004   Code   RO         4438    i.USBD_EndPoint0_Setup_CDC_ReqToIF  usb_config.o
    0x08001d20   0x08001d20   0x00000004   Code   RO         4442    i.USBD_EndPoint0_Setup_HID_ReqToIF  usb_config.o
    0x08001d24   0x08001d24   0x0000005c   Code   RO         5373    i.USBD_EndPoint0_Setup_MSC_ReqToIF  usbd_core_msc.o
    0x08001d80   0x08001d80   0x00000004   Code   RO         4443    i.USBD_EndPoint0_Setup_WebUSB_ReqToDevice  usb_config.o
    0x08001d84   0x08001d84   0x00000004   Code   RO         4444    i.USBD_EndPoint0_Setup_WinUSB_ReqToDevice  usb_config.o
    0x08001d88   0x08001d88   0x00000104   Code   RO         4672    i.USBD_Handler      usbd_stm32f103.o
    0x08001e8c   0x08001e8c   0x00000024   Code   RO         4673    i.USBD_Init         usbd_stm32f103.o
    0x08001eb0   0x08001eb0   0x00000058   Code   RO         5403    i.USBD_MSC_ATAPassThrough  usbd_msc.o
    0x08001f08   0x08001f08   0x00000054   Code   RO         5404    i.USBD_MSC_BulkIn   usbd_msc.o
    0x08001f5c   0x08001f5c   0x00000098   Code   RO         5405    i.USBD_MSC_BulkOut  usbd_msc.o
    0x08001ff4   0x08001ff4   0x00000054   Code   RO         5406    i.USBD_MSC_CheckMedia  usbd_msc.o
    0x08002048   0x08002048   0x00000058   Code   RO         5407    i.USBD_MSC_ClrStallEP  usbd_msc.o
    0x080020a0   0x080020a0   0x00000034   Code   RO         5408    i.USBD_MSC_DataInFormat  usbd_msc.o
    0x080020d4   0x080020d4   0x0000004c   Code   RO         5409    i.USBD_MSC_DataInTransfer  usbd_msc.o
    0x08002120   0x08002120   0x0000002c   Code   RO         5411    i.USBD_MSC_EP_BULKOUT_Event  usbd_msc.o
    0x0800214c   0x0800214c   0x0000001c   Code   RO         5412    i.USBD_MSC_EP_BULK_Event  usbd_msc.o
    0x08002168   0x08002168   0x000001f0   Code   RO         5413    i.USBD_MSC_GetCBW   usbd_msc.o
    0x08002358   0x08002358   0x00000010   Code   RO         5414    i.USBD_MSC_GetMaxLUN  usbd_msc.o
    0x08002368   0x08002368   0x0000005c   Code   RO         5415    i.USBD_MSC_Inquiry  usbd_msc.o
    0x080023c4   0x080023c4   0x0000001c   Code   RO         5416    i.USBD_MSC_MediaRemoval  usbd_msc.o
    0x080023e0   0x080023e0   0x000000d4   Code   RO         5417    i.USBD_MSC_MemoryRead  usbd_msc.o
    0x080024b4   0x080024b4   0x000000d4   Code   RO         5418    i.USBD_MSC_MemoryVerify  usbd_msc.o
    0x08002588   0x08002588   0x000000f0   Code   RO         5419    i.USBD_MSC_MemoryWrite  usbd_msc.o
    0x08002678   0x08002678   0x00000058   Code   RO         5420    i.USBD_MSC_ModeSense10  usbd_msc.o
    0x080026d0   0x080026d0   0x00000050   Code   RO         5421    i.USBD_MSC_ModeSense6  usbd_msc.o
    0x08002720   0x08002720   0x000000ac   Code   RO         5422    i.USBD_MSC_RWSetup  usbd_msc.o
    0x080027cc   0x080027cc   0x00000050   Code   RO         5423    i.USBD_MSC_ReadCapacity  usbd_msc.o
    0x0800281c   0x0800281c   0x0000006c   Code   RO         5424    i.USBD_MSC_ReadFormatCapacity  usbd_msc.o
    0x08002888   0x08002888   0x00000084   Code   RO         5425    i.USBD_MSC_RequestSense  usbd_msc.o
    0x0800290c   0x0800290c   0x00000020   Code   RO         5426    i.USBD_MSC_Reset    usbd_msc.o
    0x0800292c   0x0800292c   0x0000004c   Code   RO         5428    i.USBD_MSC_ServiceActionIn16  usbd_msc.o
    0x08002978   0x08002978   0x00000030   Code   RO         5429    i.USBD_MSC_SetCSW   usbd_msc.o
    0x080029a8   0x080029a8   0x0000002c   Code   RO         5430    i.USBD_MSC_SetStallEP  usbd_msc.o
    0x080029d4   0x080029d4   0x00000034   Code   RO         5431    i.USBD_MSC_StartStopUnit  usbd_msc.o
    0x08002a08   0x08002a08   0x00000010   Code   RO         5432    i.USBD_MSC_SynchronizeCache  usbd_msc.o
    0x08002a18   0x08002a18   0x0000004c   Code   RO         5433    i.USBD_MSC_TestUnitReady  usbd_msc.o
    0x08002a64   0x08002a64   0x00000002   Code   RO         4445    i.USBD_RTX_TaskInit  usb_config.o
    0x08002a66   0x08002a66   0x00000002   PAD
    0x08002a68   0x08002a68   0x0000004c   Code   RO         4675    i.USBD_ReadEP       usbd_stm32f103.o
    0x08002ab4   0x08002ab4   0x00000004   Code   RO         5374    i.USBD_ReqClrFeature_MSC  usbd_core_msc.o
    0x08002ab8   0x08002ab8   0x0000016c   Code   RO         5249    i.USBD_ReqGetDescriptor  usbd_core.o
    0x08002c24   0x08002c24   0x00000004   Code   RO         4446    i.USBD_ReqGetDescriptor_HID  usb_config.o
    0x08002c28   0x08002c28   0x0000007c   Code   RO         5250    i.USBD_ReqGetStatus  usbd_core.o
    0x08002ca4   0x08002ca4   0x000000a0   Code   RO         5251    i.USBD_ReqSetClrFeature  usbd_core.o
    0x08002d44   0x08002d44   0x00000188   Code   RO         5252    i.USBD_ReqSetConfiguration  usbd_core.o
    0x08002ecc   0x08002ecc   0x0000012c   Code   RO         5253    i.USBD_ReqSetInterface  usbd_core.o
    0x08002ff8   0x08002ff8   0x000000b0   Code   RO         4676    i.USBD_Reset        usbd_stm32f103.o
    0x080030a8   0x080030a8   0x00000004   Code   RO         4677    i.USBD_ResetEP      usbd_stm32f103.o
    0x080030ac   0x080030ac   0x00000014   Code   RO         4679    i.USBD_SetAddress   usbd_stm32f103.o
    0x080030c0   0x080030c0   0x00000008   Code   RO         4680    i.USBD_SetStallEP   usbd_stm32f103.o
    0x080030c8   0x080030c8   0x00000010   Code   RO         5254    i.USBD_SetupStage   usbd_core.o
    0x080030d8   0x080030d8   0x00000010   Code   RO          757    i.USBD_SignalHandler  main_bootloader.o
    0x080030e8   0x080030e8   0x0000000a   Code   RO         5255    i.USBD_StatusInStage  usbd_core.o
    0x080030f2   0x080030f2   0x00000002   PAD
    0x080030f4   0x080030f4   0x00000014   Code   RO         5256    i.USBD_StatusOutStage  usbd_core.o
    0x08003108   0x08003108   0x00000018   Code   RO         4681    i.USBD_Suspend      usbd_stm32f103.o
    0x08003120   0x08003120   0x00000010   Code   RO         4682    i.USBD_WakeUp       usbd_stm32f103.o
    0x08003130   0x08003130   0x00000002   Code   RO         4683    i.USBD_WakeUpCfg    usbd_stm32f103.o
    0x08003132   0x08003132   0x00000002   PAD
    0x08003134   0x08003134   0x00000064   Code   RO         4684    i.USBD_WriteEP      usbd_stm32f103.o
    0x08003198   0x08003198   0x000000a4   Code   RO         4685    i.USB_LP_CAN1_RX0_IRQHandler  usbd_stm32f103.o
    0x0800323c   0x0800323c   0x00000004   Code   RO         1885    i.UnInit            flash.o
    0x08003240   0x08003240   0x0000001a   Code   RO         4686    i.__NVIC_EnableIRQ  usbd_stm32f103.o
    0x0800325a   0x0800325a   0x00000002   PAD
    0x0800325c   0x0800325c   0x000000ac   Code   RO          536    i._fault_handler    hardfault_handler.o
    0x08003308   0x08003308   0x00000042   Code   RO          882    i._util_assert      util.o
    0x0800334a   0x0800334a   0x00000002   Code   RO          759    i.board_bootloader_init  main_bootloader.o
    0x0800334c   0x0800334c   0x00000002   Code   RO         1418    i.board_vfs_stream_closed_hook  vfs_manager.o
    0x0800334e   0x0800334e   0x00000002   PAD
    0x08003350   0x08003350   0x00000060   Code   RO         1419    i.build_filesystem  vfs_manager.o
    0x080033b0   0x080033b0   0x00000018   Code   RO         1420    i.changing_state    vfs_manager.o
    0x080033c8   0x080033c8   0x0000001a   Code   RO           71    i.circ_buf_count_free  circ_buf.o
    0x080033e2   0x080033e2   0x0000001e   Code   RO           72    i.circ_buf_count_used  circ_buf.o
    0x08003400   0x08003400   0x0000005c   Code   RO           75    i.circ_buf_pop      circ_buf.o
    0x0800345c   0x0800345c   0x0000005c   Code   RO           77    i.circ_buf_push     circ_buf.o
    0x080034b8   0x080034b8   0x0000002e   Code   RO           79    i.circ_buf_write    circ_buf.o
    0x080034e6   0x080034e6   0x00000004   Code   RO         1018    i.close_bin         file_stream.o
    0x080034ea   0x080034ea   0x00000004   Code   RO         1019    i.close_hex         file_stream.o
    0x080034ee   0x080034ee   0x00000004   Code   RO         5123    i.config_get_auto_rst  settings_rom_stub.o
    0x080034f2   0x080034f2   0x00000004   Code   RO         5124    i.config_get_automation_allowed  settings_rom_stub.o
    0x080034f6   0x080034f6   0x00000004   Code   RO         5125    i.config_get_detect_incompatible_target  settings_rom_stub.o
    0x080034fa   0x080034fa   0x00000004   Code   RO         5126    i.config_get_overflow_detect  settings_rom_stub.o
    0x080034fe   0x080034fe   0x00000002   PAD
    0x08003500   0x08003500   0x00000098   Code   RO         5023    i.config_init       settings.o
    0x08003598   0x08003598   0x00000024   Code   RO         5024    i.config_ram_add_hexdump  settings.o
    0x080035bc   0x080035bc   0x0000001c   Code   RO         5025    i.config_ram_clear_assert  settings.o
    0x080035d8   0x080035d8   0x0000006c   Code   RO         5026    i.config_ram_get_assert  settings.o
    0x08003644   0x08003644   0x0000001c   Code   RO         5028    i.config_ram_get_hexdumps  settings.o
    0x08003660   0x08003660   0x00000010   Code   RO         5030    i.config_ram_get_initial_hold_in_bl  settings.o
    0x08003670   0x08003670   0x00000014   Code   RO         5031    i.config_ram_get_page_erase  settings.o
    0x08003684   0x08003684   0x00000044   Code   RO         5032    i.config_ram_set_assert  settings.o
    0x080036c8   0x080036c8   0x0000000c   Code   RO         5033    i.config_ram_set_disable_msd  settings.o
    0x080036d4   0x080036d4   0x0000000c   Code   RO         5035    i.config_ram_set_page_erase  settings.o
    0x080036e0   0x080036e0   0x00000002   Code   RO         5127    i.config_rom_init   settings_rom_stub.o
    0x080036e2   0x080036e2   0x00000002   Code   RO         5128    i.config_set_auto_rst  settings_rom_stub.o
    0x080036e4   0x080036e4   0x00000002   Code   RO         5129    i.config_set_automation_allowed  settings_rom_stub.o
    0x080036e6   0x080036e6   0x00000002   Code   RO         5130    i.config_set_detect_incompatible_target  settings_rom_stub.o
    0x080036e8   0x080036e8   0x00000002   Code   RO         5131    i.config_set_overflow_detect  settings_rom_stub.o
    0x080036ea   0x080036ea   0x00000002   PAD
    0x080036ec   0x080036ec   0x00000050   Code   RO          261    i.crc32             crc32.o
    0x0800373c   0x0800373c   0x00000012   Code   RO         1020    i.detect_bin        file_stream.o
    0x0800374e   0x0800374e   0x0000000e   Code   RO         1021    i.detect_hex        file_stream.o
    0x0800375c   0x0800375c   0x0000006c   Code   RO         1304    i.erase_chip        iap_flash_intf.o
    0x080037c8   0x080037c8   0x000000a4   Code   RO         1305    i.erase_sector      iap_flash_intf.o
    0x0800386c   0x0800386c   0x00000006   Code   RO         1306    i.erase_sector_size  iap_flash_intf.o
    0x08003872   0x08003872   0x00000002   PAD
    0x08003874   0x08003874   0x00000030   Code   RO          403    i.error_get_string  error.o
    0x080038a4   0x080038a4   0x00000014   Code   RO          404    i.error_get_type    error.o
    0x080038b8   0x080038b8   0x00000134   Code   RO         1605    i.expand_info       vfs_user.o
    0x080039ec   0x080039ec   0x0000004a   Code   RO         1606    i.expand_string_in_region  vfs_user.o
    0x08003a36   0x08003a36   0x00000002   Code   RO         1752    i.file_change_cb_stub  virtual_fs.o
    0x08003a38   0x08003a38   0x000000d0   Code   RO         1421    i.file_change_handler  vfs_manager.o
    0x08003b08   0x08003b08   0x00000080   Code   RO         1422    i.file_data_handler  vfs_manager.o
    0x08003b88   0x08003b88   0x00000078   Code   RO         1753    i.filename_valid    virtual_fs.o
    0x08003c00   0x08003c00   0x00000044   Code   RO         1132    i.flash_decoder_close  flash_decoder.o
    0x08003c44   0x08003c44   0x00000070   Code   RO         1133    i.flash_decoder_detect_type  flash_decoder.o
    0x08003cb4   0x08003cb4   0x0000008c   Code   RO         1134    i.flash_decoder_get_flash  flash_decoder.o
    0x08003d40   0x08003d40   0x00000068   Code   RO         1135    i.flash_decoder_is_at_end  flash_decoder.o
    0x08003da8   0x08003da8   0x00000044   Code   RO         1136    i.flash_decoder_open  flash_decoder.o
    0x08003dec   0x08003dec   0x00000004   Code   RO         1137    i.flash_decoder_validate_target_image  flash_decoder.o
    0x08003df0   0x08003df0   0x0000014c   Code   RO         1138    i.flash_decoder_write  flash_decoder.o
    0x08003f3c   0x08003f3c   0x00000012   Code   RO          443    i.flash_erase_sector  flash_hal.o
    0x08003f4e   0x08003f4e   0x00000020   Code   RO          444    i.flash_is_readable  flash_hal.o
    0x08003f6e   0x08003f6e   0x00000002   PAD
    0x08003f70   0x08003f70   0x0000010c   Code   RO         1245    i.flash_manager_data  flash_manager.o
    0x0800407c   0x0800407c   0x00000090   Code   RO         1246    i.flash_manager_init  flash_manager.o
    0x0800410c   0x0800410c   0x00000068   Code   RO         1248    i.flash_manager_uninit  flash_manager.o
    0x08004174   0x08004174   0x00000012   Code   RO          445    i.flash_program_page  flash_hal.o
    0x08004186   0x08004186   0x00000002   PAD
    0x08004188   0x08004188   0x00000044   Code   RO         1249    i.flush_current_block  flash_manager.o
    0x080041cc   0x080041cc   0x00000024   Code   RO         5187    i.get_board_id      target_board.o
    0x080041f0   0x080041f0   0x00000024   Code   RO         5188    i.get_family_id     target_board.o
    0x08004214   0x08004214   0x0000000a   Code   RO         1607    i.get_file_size     vfs_user.o
    0x0800421e   0x0800421e   0x00000004   Code   RO         1934    i.gpio_get_reset_btn_fwrd  gpio.o
    0x08004222   0x08004222   0x00000002   PAD
    0x08004224   0x08004224   0x00000010   Code   RO         1935    i.gpio_get_reset_btn_no_fwrd  gpio.o
    0x08004234   0x08004234   0x0000016c   Code   RO         1936    i.gpio_init         gpio.o
    0x080043a0   0x080043a0   0x00000018   Code   RO         1938    i.gpio_set_cdc_led  gpio.o
    0x080043b8   0x080043b8   0x00000018   Code   RO         1939    i.gpio_set_hid_led  gpio.o
    0x080043d0   0x080043d0   0x00000018   Code   RO         1940    i.gpio_set_msc_led  gpio.o
    0x080043e8   0x080043e8   0x00000044   Code   RO         1608    i.hex32_field_in_region  vfs_user.o
    0x0800442c   0x0800442c   0x0000000c   Code   RO          575    i.hex_to_ascii      info.o
    0x08004438   0x08004438   0x00000070   Code   RO          576    i.info_crc_compute  info.o
    0x080044a8   0x080044a8   0x00000008   Code   RO          577    i.info_get_board_id  info.o
    0x080044b0   0x080044b0   0x00000038   Code   RO          578    i.info_get_bootloader_present  info.o
    0x080044e8   0x080044e8   0x0000000c   Code   RO          582    i.info_get_crc_bootloader  info.o
    0x080044f4   0x080044f4   0x0000000c   Code   RO          584    i.info_get_crc_interface  info.o
    0x08004500   0x08004500   0x00000008   Code   RO          585    i.info_get_hic_id   info.o
    0x08004508   0x08004508   0x00000008   Code   RO          586    i.info_get_host_id  info.o
    0x08004510   0x08004510   0x00000038   Code   RO          587    i.info_get_interface_present  info.o
    0x08004548   0x08004548   0x00000014   Code   RO          588    i.info_get_interface_version  info.o
    0x0800455c   0x0800455c   0x00000008   Code   RO          589    i.info_get_mac      info.o
    0x08004564   0x08004564   0x00000008   Code   RO          590    i.info_get_target_id  info.o
    0x0800456c   0x0800456c   0x00000008   Code   RO          591    i.info_get_unique_id  info.o
    0x08004574   0x08004574   0x00000008   Code   RO          592    i.info_get_unique_id_string_descriptor  info.o
    0x0800457c   0x0800457c   0x00000008   Code   RO          593    i.info_get_version  info.o
    0x08004584   0x08004584   0x00000090   Code   RO          594    i.info_init         info.o
    0x08004614   0x08004614   0x0000005c   Code   RO         1307    i.init              iap_flash_intf.o
    0x08004670   0x08004670   0x00000044   Code   RO         1308    i.intercept_page_write  iap_flash_intf.o
    0x080046b4   0x080046b4   0x0000005c   Code   RO          760    i.main              main_bootloader.o
    0x08004710   0x08004710   0x00000010   Code   RO          761    i.main_blink_msc_led  main_bootloader.o
    0x08004720   0x08004720   0x00000128   Code   RO          762    i.main_task         main_bootloader.o
    0x08004848   0x08004848   0x00000004   Code   RO         1022    i.open_bin          file_stream.o
    0x0800484c   0x0800484c   0x0000001c   Code   RO         1023    i.open_hex          file_stream.o
    0x08004868   0x08004868   0x0000000a   Code   RO         4851    i.osDelay           cmsis_os2_port.o
    0x08004872   0x08004872   0x0000000a   Code   RO         4852    i.osKernelInitialize  cmsis_os2_port.o
    0x0800487c   0x0800487c   0x0000000a   Code   RO         4853    i.osKernelStart     cmsis_os2_port.o
    0x08004886   0x08004886   0x00000004   Code   RO         4854    i.osMutexAcquire    cmsis_os2_port.o
    0x0800488a   0x0800488a   0x00000004   Code   RO         4855    i.osMutexNew        cmsis_os2_port.o
    0x0800488e   0x0800488e   0x00000004   Code   RO         4856    i.osMutexRelease    cmsis_os2_port.o
    0x08004892   0x08004892   0x0000000e   Code   RO         4857    i.osThreadFlagsSet  cmsis_os2_port.o
    0x080048a0   0x080048a0   0x00000004   Code   RO         4858    i.osThreadFlagsWait  cmsis_os2_port.o
    0x080048a4   0x080048a4   0x00000004   Code   RO         4859    i.osThreadGetId     cmsis_os2_port.o
    0x080048a8   0x080048a8   0x0000000a   Code   RO         4860    i.osThreadNew       cmsis_os2_port.o
    0x080048b2   0x080048b2   0x0000000a   Code   RO         4861    i.osTimerNew        cmsis_os2_port.o
    0x080048bc   0x080048bc   0x0000000c   Code   RO         4862    i.osTimerStart      cmsis_os2_port.o
    0x080048c8   0x080048c8   0x000000d4   Code   RO         1941    i.output_clock_enable  gpio.o
    0x0800499c   0x0800499c   0x00000278   Code   RO         1381    i.parse_hex_blob    intelhex.o
    0x08004c14   0x08004c14   0x00000118   Code   RO         1309    i.program_page      iap_flash_intf.o
    0x08004d2c   0x08004d2c   0x00000006   Code   RO         1310    i.program_page_min_size  iap_flash_intf.o
    0x08004d32   0x08004d32   0x00000002   PAD
    0x08004d34   0x08004d34   0x00000054   Code   RO         1754    i.read_dir          virtual_fs.o
    0x08004d88   0x08004d88   0x00000020   Code   RO         1755    i.read_fat          virtual_fs.o
    0x08004da8   0x08004da8   0x00000154   Code   RO         1609    i.read_file_assert_txt  vfs_user.o
    0x08004efc   0x08004efc   0x00000012   Code   RO         1610    i.read_file_details_txt  vfs_user.o
    0x08004f0e   0x08004f0e   0x00000002   PAD
    0x08004f10   0x08004f10   0x000000d4   Code   RO         1611    i.read_file_fail_txt  vfs_user.o
    0x08004fe4   0x08004fe4   0x00000074   Code   RO         1612    i.read_file_mbed_htm  vfs_user.o
    0x08005058   0x08005058   0x00000020   Code   RO         1756    i.read_mbr          virtual_fs.o
    0x08005078   0x08005078   0x00000020   Code   RO         2065    i.read_unique_id    read_uid.o
    0x08005098   0x08005098   0x00000010   Code   RO         1757    i.read_zero         virtual_fs.o
    0x080050a8   0x080050a8   0x000000a4   Code   RO         1423    i.ready_for_state_change  vfs_manager.o
    0x0800514c   0x0800514c   0x00000030   Code   RO          263    i.reflect           crc32.o
    0x0800517c   0x0800517c   0x00000014   Code   RO          763    i.reset_button_pressed  main_bootloader.o
    0x08005190   0x08005190   0x00000028   Code   RO         1382    i.reset_hex_parser  intelhex.o
    0x080051b8   0x080051b8   0x00000094   Code   RO         2098    i.sdk_init          sdk.o
    0x0800524c   0x0800524c   0x00000020   Code   RO         1614    i.setting_in_region  vfs_user.o
    0x0800526c   0x0800526c   0x000000f0   Code   RO          596    i.setup_basics      info.o
    0x0800535c   0x0800535c   0x000000f0   Code   RO         1250    i.setup_next_sector  flash_manager.o
    0x0800544c   0x0800544c   0x00000030   Code   RO         4687    i.stat_enque        usbd_stm32f103.o
    0x0800547c   0x0800547c   0x00000038   Code   RO         1024    i.stream_close      file_stream.o
    0x080054b4   0x080054b4   0x00000060   Code   RO         1025    i.stream_open       file_stream.o
    0x08005514   0x08005514   0x00000030   Code   RO         1026    i.stream_start_identify  file_stream.o
    0x08005544   0x08005544   0x0000002c   Code   RO         1027    i.stream_thread_assert  file_stream.o
    0x08005570   0x08005570   0x00000030   Code   RO         1028    i.stream_type_from_name  file_stream.o
    0x080055a0   0x080055a0   0x00000068   Code   RO         1029    i.stream_write      file_stream.o
    0x08005608   0x08005608   0x00000060   Code   RO         1615    i.string_field_in_region  vfs_user.o
    0x08005668   0x08005668   0x00000030   Code   RO         1424    i.sync_assert_usb_thread  vfs_manager.o
    0x08005698   0x08005698   0x00000010   Code   RO         1425    i.sync_lock         vfs_manager.o
    0x080056a8   0x080056a8   0x0000000c   Code   RO         1426    i.sync_unlock       vfs_manager.o
    0x080056b4   0x080056b4   0x00000014   Code   RO         4936    i.sysTickEvtSet     systick_handler.o
    0x080056c8   0x080056c8   0x0000001c   Code   RO         4937    i.sysTickEvtWaitOr  systick_handler.o
    0x080056e4   0x080056e4   0x0000000c   Code   RO         4938    i.sysTickFreqSet    systick_handler.o
    0x080056f0   0x080056f0   0x00000034   Code   RO         4939    i.sysTickInit       systick_handler.o
    0x08005724   0x08005724   0x0000000c   Code   RO         4940    i.sysTickRegCallback  systick_handler.o
    0x08005730   0x08005730   0x0000000c   Code   RO         4941    i.sysTickRegMainFunc  systick_handler.o
    0x0800573c   0x0800573c   0x00000014   Code   RO         4942    i.sysTickStartMain  systick_handler.o
    0x08005750   0x08005750   0x00000010   Code   RO         4944    i.sysTickWait       systick_handler.o
    0x08005760   0x08005760   0x00000010   Code   RO         1311    i.target_flash_busy  iap_flash_intf.o
    0x08005770   0x08005770   0x00000010   Code   RO          977    i.test_range        validation.o
    0x08005780   0x08005780   0x00000034   Code   RO          764    i.timer_task_30mS   main_bootloader.o
    0x080057b4   0x080057b4   0x00000098   Code   RO         1427    i.transfer_stream_data  vfs_manager.o
    0x0800584c   0x0800584c   0x00000078   Code   RO         1428    i.transfer_stream_open  vfs_manager.o
    0x080058c4   0x080058c4   0x00000074   Code   RO         1429    i.transfer_update_file_info  vfs_manager.o
    0x08005938   0x08005938   0x00000138   Code   RO         1430    i.transfer_update_state  vfs_manager.o
    0x08005a70   0x08005a70   0x00000034   Code   RO         1616    i.uint32_field_in_region  vfs_user.o
    0x08005aa4   0x08005aa4   0x00000034   Code   RO         1312    i.uninit            iap_flash_intf.o
    0x08005ad8   0x08005ad8   0x000002b8   Code   RO         1617    i.update_details_txt_file  vfs_user.o
    0x08005d90   0x08005d90   0x0000006c   Code   RO         4448    i.usbd_class_init   usb_config.o
    0x08005dfc   0x08005dfc   0x00000010   Code   RO         5257    i.usbd_configured   usbd_core.o
    0x08005e0c   0x08005e0c   0x00000004   Code   RO         5258    i.usbd_connect      usbd_core.o
    0x08005e10   0x08005e10   0x0000001c   Code   RO         5259    i.usbd_init         usbd_core.o
    0x08005e2c   0x08005e2c   0x0000002c   Code   RO         1431    i.usbd_msc_init     vfs_manager.o
    0x08005e58   0x08005e58   0x00000030   Code   RO         1432    i.usbd_msc_read_sect  vfs_manager.o
    0x08005e88   0x08005e88   0x00000002   Code   RO         5436    i.usbd_msc_start_stop  usbd_msc.o
    0x08005e8a   0x08005e8a   0x00000002   PAD
    0x08005e8c   0x08005e8c   0x0000005c   Code   RO         1433    i.usbd_msc_write_sect  vfs_manager.o
    0x08005ee8   0x08005ee8   0x00000024   Code   RO         5260    i.usbd_reset_core   usbd_core.o
    0x08005f0c   0x08005f0c   0x00000012   Code   RO          883    i.util_assert_clear  util.o
    0x08005f1e   0x08005f1e   0x00000032   Code   RO          885    i.util_write_hex32  util.o
    0x08005f50   0x08005f50   0x0000001c   Code   RO          886    i.util_write_hex8   util.o
    0x08005f6c   0x08005f6c   0x00000048   Code   RO          887    i.util_write_in_region  util.o
    0x08005fb4   0x08005fb4   0x00000028   Code   RO          889    i.util_write_string_in_region  util.o
    0x08005fdc   0x08005fdc   0x00000054   Code   RO          890    i.util_write_uint32  util.o
    0x08006030   0x08006030   0x0000002e   Code   RO          891    i.util_write_uint32_zp  util.o
    0x0800605e   0x0800605e   0x00000002   PAD
    0x08006060   0x08006060   0x00000024   Code   RO          978    i.validate_bin_nvic  validation.o
    0x08006084   0x08006084   0x0000007c   Code   RO          979    i.validate_bin_nvic_base  validation.o
    0x08006100   0x08006100   0x00000034   Code   RO          980    i.validate_hexfile  validation.o
    0x08006134   0x08006134   0x0000012c   Code   RO         1758    i.vfs_create_file   virtual_fs.o
    0x08006260   0x08006260   0x00000004   Code   RO         1759    i.vfs_file_get_attr  virtual_fs.o
    0x08006264   0x08006264   0x00000004   Code   RO         1760    i.vfs_file_get_size  virtual_fs.o
    0x08006268   0x08006268   0x0000002c   Code   RO         1761    i.vfs_file_get_start_sector  virtual_fs.o
    0x08006294   0x08006294   0x00000004   Code   RO         1762    i.vfs_file_set_attr  virtual_fs.o
    0x08006298   0x08006298   0x00000038   Code   RO         1763    i.vfs_get_total_size  virtual_fs.o
    0x080062d0   0x080062d0   0x0000016c   Code   RO         1764    i.vfs_init          virtual_fs.o
    0x0800643c   0x0800643c   0x00000024   Code   RO         1435    i.vfs_mngr_fs_remount  vfs_manager.o
    0x08006460   0x08006460   0x00000010   Code   RO         1436    i.vfs_mngr_get_transfer_status  vfs_manager.o
    0x08006470   0x08006470   0x00000030   Code   RO         1437    i.vfs_mngr_init     vfs_manager.o
    0x080064a0   0x080064a0   0x000000b4   Code   RO         1438    i.vfs_mngr_periodic  vfs_manager.o
    0x08006554   0x08006554   0x00000064   Code   RO         1765    i.vfs_read          virtual_fs.o
    0x080065b8   0x080065b8   0x0000000c   Code   RO         1766    i.vfs_set_file_change_callback  virtual_fs.o
    0x080065c4   0x080065c4   0x000000e8   Code   RO         1618    i.vfs_user_build_filesystem  vfs_user.o
    0x080066ac   0x080066ac   0x00000002   Code   RO         1619    i.vfs_user_build_filesystem_hook  vfs_user.o
    0x080066ae   0x080066ae   0x00000002   PAD
    0x080066b0   0x080066b0   0x0000001c   Code   RO         1620    i.vfs_user_disconnecting  vfs_user.o
    0x080066cc   0x080066cc   0x00000134   Code   RO         1621    i.vfs_user_file_change_handler  vfs_user.o
    0x08006800   0x08006800   0x00000004   Code   RO         1622    i.vfs_user_file_change_handler_hook  vfs_user.o
    0x08006804   0x08006804   0x00000004   Code   RO         1623    i.vfs_user_magic_file_hook  vfs_user.o
    0x08006808   0x08006808   0x00000068   Code   RO         1767    i.vfs_write         virtual_fs.o
    0x08006870   0x08006870   0x00000092   Code   RO         1030    i.write_bin         file_stream.o
    0x08006902   0x08006902   0x00000002   PAD
    0x08006904   0x08006904   0x000000c8   Code   RO         1768    i.write_dir         virtual_fs.o
    0x080069cc   0x080069cc   0x00000030   Code   RO         1769    i.write_fat         virtual_fs.o
    0x080069fc   0x080069fc   0x000000b0   Code   RO         1031    i.write_hex         file_stream.o
    0x08006aac   0x08006aac   0x00000002   Code   RO         1770    i.write_none        virtual_fs.o
    0x08006aae   0x08006aae   0x00000008   Data   RO            5    .constdata          stm32f103xb_bl.o
    0x08006ab6   0x08006ab6   0x00000002   PAD
    0x08006ab8   0x08006ab8   0x00000084   Data   RO            6    .constdata          stm32f103xb_bl.o
    0x08006b3c   0x08006b3c   0x000000a0   Data   RO          405    .constdata          error.o
    0x08006bdc   0x08006bdc   0x00000011   Data   RO          893    .constdata          util.o
    0x08006bed   0x08006bed   0x00000003   PAD
    0x08006bf0   0x08006bf0   0x00000004   Data   RO         1220    .constdata          flash_intf.o
    0x08006bf4   0x08006bf4   0x00000024   Data   RO         1314    .constdata          iap_flash_intf.o
    0x08006c18   0x08006c18   0x00000004   Data   RO         1315    .constdata          iap_flash_intf.o
    0x08006c1c   0x08006c1c   0x00000028   Data   RO         1440    .constdata          vfs_manager.o
    0x08006c44   0x08006c44   0x0000000b   Data   RO         1625    .constdata          vfs_user.o
    0x08006c4f   0x08006c4f   0x00000001   PAD
    0x08006c50   0x08006c50   0x000000ab   Data   RO         1626    .constdata          vfs_user.o
    0x08006cfb   0x08006cfb   0x00000001   PAD
    0x08006cfc   0x08006cfc   0x00000270   Data   RO         1772    .constdata          virtual_fs.o
    0x08006f6c   0x08006f6c   0x00000010   Data   RO         4291    .constdata          system_stm32f1xx.o
    0x08006f7c   0x08006f7c   0x00000001   Data   RO         4455    .constdata          usb_config.o
    0x08006f7d   0x08006f7d   0x00000001   Data   RO         4456    .constdata          usb_config.o
    0x08006f7e   0x08006f7e   0x00000001   Data   RO         4457    .constdata          usb_config.o
    0x08006f7f   0x08006f7f   0x00000001   Data   RO         4459    .constdata          usb_config.o
    0x08006f80   0x08006f80   0x00000001   Data   RO         4460    .constdata          usb_config.o
    0x08006f81   0x08006f81   0x00000001   Data   RO         4461    .constdata          usb_config.o
    0x08006f82   0x08006f82   0x00000004   Data   RO         4462    .constdata          usb_config.o
    0x08006f86   0x08006f86   0x00000002   Data   RO         4463    .constdata          usb_config.o
    0x08006f88   0x08006f88   0x00000004   Data   RO         4465    .constdata          usb_config.o
    0x08006f8c   0x08006f8c   0x00000004   Data   RO         4466    .constdata          usb_config.o
    0x08006f90   0x08006f90   0x00000004   Data   RO         4467    .constdata          usb_config.o
    0x08006f94   0x08006f94   0x00000004   Data   RO         4469    .constdata          usb_config.o
    0x08006f98   0x08006f98   0x00000004   Data   RO         4470    .constdata          usb_config.o
    0x08006f9c   0x08006f9c   0x00000040   Data   RO         4471    .constdata          usb_config.o
    0x08006fdc   0x08006fdc   0x00000004   Data   RO         4472    .constdata          usb_config.o
    0x08006fe0   0x08006fe0   0x00000004   Data   RO         4473    .constdata          usb_config.o
    0x08006fe4   0x08006fe4   0x00000004   Data   RO         4474    .constdata          usb_config.o
    0x08006fe8   0x08006fe8   0x00000012   Data   RO         4478    .constdata          usb_config.o
    0x08006ffa   0x08006ffa   0x00000001   Data   RO         4479    .constdata          usb_config.o
    0x08006ffb   0x08006ffb   0x00000001   Data   RO         4480    .constdata          usb_config.o
    0x08006ffc   0x08006ffc   0x00000001   Data   RO         4482    .constdata          usb_config.o
    0x08006ffd   0x08006ffd   0x00000001   PAD
    0x08006ffe   0x08006ffe   0x0000005a   Data   RO         4483    .constdata          usb_config.o
    0x08007058   0x08007058   0x000007b5   Data   RO          406    .conststring        error.o
    0x0800780d   0x0800780d   0x00000003   PAD
    0x08007810   0x08007810   0x0000025a   Data   RO         1627    .conststring        vfs_user.o
    0x08007a6a   0x08007a6a   0x00000002   PAD
    0x08007a6c   0x08007a6c   0x0000001c   Data   RO         4484    .conststring        usb_config.o
    0x08007a88   0x08007a88   0x00000020   Data   RO         5815    Region$$Table       anon$$obj.o


    Execution Region ER_IROM1_CRC (Exec base: 0x0800bbfc, Load base: 0x0800bbfc, Size: 0x00000004, Max: 0x00000004, ABSOLUTE, FIXED)

    Exec Addr    Load Addr    Size         Type   Attr      Idx    E Section Name        Object

    0x0800bbfc        -       0x00000004   Zero   RW            1    ER_IROM1_CRC.bss    anon$$obj.o


    Execution Region RW_IRAM1 (Exec base: 0x20000000, Load base: 0x08007aa8, Size: 0x00002630, Max: 0x00004f00, ABSOLUTE, COMPRESSED[0x00000068])

    Exec Addr    Load Addr    Size         Type   Attr      Idx    E Section Name        Object

    0x20000000   COMPRESSED   0x000001ac   Data   RW            7    .data               stm32f103xb_bl.o
    0x200001ac   COMPRESSED   0x00000004   Data   RW            8    .data               stm32f103xb_bl.o
    0x200001b0   COMPRESSED   0x00000028   Data   RW          407    .data               error.o
    0x200001d8   COMPRESSED   0x0000001f   Data   RW          598    .data               info.o
    0x200001f7   COMPRESSED   0x00000001   PAD
    0x200001f8   COMPRESSED   0x00000010   Data   RW          765    .data               main_bootloader.o
    0x20000208   COMPRESSED   0x0000002c   Data   RW         1033    .data               file_stream.o
    0x20000234   COMPRESSED   0x00000014   Data   RW         1140    .data               flash_decoder.o
    0x20000248   COMPRESSED   0x0000001c   Data   RW         1252    .data               flash_manager.o
    0x20000264   COMPRESSED   0x0000001c   Data   RW         1316    .data               iap_flash_intf.o
    0x20000280   COMPRESSED   0x00000010   Data   RW         1384    .data               intelhex.o
    0x20000290   COMPRESSED   0x00000010   Data   RW         1441    .data               vfs_manager.o
    0x200002a0   COMPRESSED   0x00000008   Data   RW         1628    .data               vfs_user.o
    0x200002a8   COMPRESSED   0x00000018   Data   RW         1773    .data               virtual_fs.o
    0x200002c0   COMPRESSED   0x00000004   Data   RW         2100    .data               sdk.o
    0x200002c4   COMPRESSED   0x00000004   Data   RW         4293    .data               system_stm32f1xx.o
    0x200002c8   COMPRESSED   0x00000002   Data   RW         4485    .data               usb_config.o
    0x200002ca   COMPRESSED   0x00000002   PAD
    0x200002cc   COMPRESSED   0x00000004   Data   RW         4486    .data               usb_config.o
    0x200002d0   COMPRESSED   0x00000002   Data   RW         4488    .data               usb_config.o
    0x200002d2   COMPRESSED   0x00000001   Data   RW         4490    .data               usb_config.o
    0x200002d3   COMPRESSED   0x00000001   PAD
    0x200002d4   COMPRESSED   0x00000014   Data   RW         4689    .data               usbd_stm32f103.o
    0x200002e8   COMPRESSED   0x00000018   Data   RW         4945    .data               systick_handler.o
    0x20000300   COMPRESSED   0x00000024   Data   RW         5261    .data               usbd_core.o
    0x20000324   COMPRESSED   0x00000034   Data   RW         5439    .data               usbd_msc.o
    0x20000358   COMPRESSED   0x00000004   Data   RW         5440    .data               usbd_msc.o
    0x2000035c        -       0x0000010d   Zero   RW          597    .bss                info.o
    0x20000469   COMPRESSED   0x00000003   PAD
    0x2000046c        -       0x00000104   Zero   RW         1032    .bss                file_stream.o
    0x20000570        -       0x00000030   Zero   RW         1139    .bss                flash_decoder.o
    0x200005a0        -       0x00000400   Zero   RW         1251    .bss                flash_manager.o
    0x200009a0        -       0x00000400   Zero   RW         1313    .bss                iap_flash_intf.o
    0x20000da0        -       0x00000025   Zero   RW         1383    .bss                intelhex.o
    0x20000dc5   COMPRESSED   0x00000003   PAD
    0x20000dc8        -       0x00000228   Zero   RW         1439    .bss                vfs_manager.o
    0x20000ff0        -       0x00000041   Zero   RW         1624    .bss                vfs_user.o
    0x20001031   COMPRESSED   0x00000003   PAD
    0x20001034        -       0x000008c0   Zero   RW         1771    .bss                virtual_fs.o
    0x200018f4        -       0x0000003c   Zero   RW         1943    .bss                gpio.o
    0x20001930        -       0x0000003c   Zero   RW         2099    .bss                sdk.o
    0x2000196c   COMPRESSED   0x00000004   PAD
    0x20001970        -       0x00000020   Zero   RW         2516    .bss                stm32f1xx_hal_flash.o
    0x20001990        -       0x00000420   Zero   RW         4342    .bss                uart.o
    0x20001db0        -       0x000000c8   Zero   RW         4452    .bss                usb_config.o
    0x20001e78        -       0x00000040   Zero   RW         4453    .bss                usb_config.o
    0x20001eb8        -       0x00000040   Zero   RW         4454    .bss                usb_config.o
    0x20001ef8        -       0x0000001c   Zero   RW         4688    .bss                usbd_stm32f103.o
    0x20001f14        -       0x0000008e   Zero   RW         5036    .bss                settings.o
    0x20001fa2        -       0x0000002c   Zero   RW         5438    .bss                usbd_msc.o
    0x20001fce   COMPRESSED   0x00000002   PAD
    0x20001fd0        -       0x00000060   Zero   RW         5687    .bss                c_w.l(libspace.o)
    0x20002030        -       0x00000200   Zero   RW         2153    HEAP                startup_stm32f103xb.o
    0x20002230        -       0x00000400   Zero   RW         2152    STACK               startup_stm32f103xb.o


    Execution Region RW_CONFIG (Exec base: 0x20004f00, Load base: 0x08007b10, Size: 0x00000090, Max: 0x00000100, ABSOLUTE, UNINIT)

    Exec Addr    Load Addr    Size         Type   Attr      Idx    E Section Name        Object

    0x20004f00        -       0x0000008e   Zero   RW         5037    cfgram              settings.o



  Load Region LR_CONFIG (Base: 0x0801fc00, Size: 0x00000000, Max: 0x00000400, ABSOLUTE)

    Execution Region ER_CONFIG (Exec base: 0x0801fc00, Load base: 0x0801fc00, Size: 0x00000000, Max: 0x00000400, ABSOLUTE, UNINIT)

    **** No section assigned to this execution region ****


==============================================================================

Image component sizes


      Code (inc. data)   RO Data    RW Data    ZI Data      Debug   Object Name

       286         20          0          0          0     436218   circ_buf.o
        96          0          0          0          0       7371   cmsis_os2_port.o
        36         10          0          0          0      25841   cortex_m.o
       128          4          0          0          0       2600   crc32.o
         0          0          0          0          0       4436   daplink_debug.o
        68         24       2133         40          0       3476   error.o
       790         84          0         44        260      15903   file_stream.o
       142         10          0          0          0       3320   flash.o
       828        100          0         20         48      11903   flash_decoder.o
        68          0          0          0          0       2942   flash_hal.o
         0          0          4          0          0       2210   flash_intf.o
       824         76          0         28       1024       5741   flash_manager.o
       668         72          0          0         60     425516   gpio.o
       176         12          0          0          0       6217   hardfault_handler.o
       792        122         40         28       1024      10228   iap_flash_intf.o
       728        112          0         31        269      16760   info.o
       672         32          0         16         37       5076   intelhex.o
       498         40          0         16          0      10243   main_bootloader.o
        32          6          0          0          0       1161   read_uid.o
       356         38          0          4         60       3423   sdk.o
       480         56          0          0        284       7876   settings.o
        26          0          0          0          0       4904   settings_rom_stub.o
        64         26        236          0       1536        900   startup_stm32f103xb.o
         0          0        140        432          0      11817   stm32f103xb_bl.o
        60          4          0          0          0       2737   stm32f1xx_hal.o
        36         10          0          0          0      26098   stm32f1xx_hal_cortex.o
       368         48          0          0         32       5462   stm32f1xx_hal_flash.o
       240         26          0          0          0       3873   stm32f1xx_hal_flash_ex.o
       466         34          0          0          0       3412   stm32f1xx_hal_gpio.o
      1986         74          0          0          0       5659   stm32f1xx_hal_rcc.o
       968         40          0          0          0      14050   stm32f1xx_hal_tim.o
       176         36         16          4          0       2255   system_stm32f1xx.o
       224         54          0         24          0      31078   systick_handler.o
        72          8          0          0          0       1067   target_board.o
         0          0          0          0          0       2083   target_default.o
       128         42          0          0       1056       3530   uart.o
       138         46        247          9        328      27594   usb_config.o
      2026        180          0         36          0      12030   usbd_core.o
        96         18          0          0          0       1180   usbd_core_msc.o
      2998        408          0         56         44      20261   usbd_msc.o
      1306        166          0         20         28      44541   usbd_stm32f103.o
       404          6         17          0          0      11076   util.o
       228         16          0          0          0       3532   validation.o
      1862        216         40         16        552      23976   vfs_manager.o
      2600        676        784          8         65      19895   vfs_user.o
      1528        190        624         24       2240      17979   virtual_fs.o

    ----------------------------------------------------------------------
     25714       3142       4326        860       8968    1309450   Object Totals
         0          0         32          0          4          0   (incl. Generated)
        46          0         13          4         17          0   (incl. Padding)

    ----------------------------------------------------------------------

      Code (inc. data)   RO Data    RW Data    ZI Data      Debug   Library Member Name

        90          0          0          0          0          0   __dczerorl2.o
         8          0          0          0          0         68   __main.o
         0          0          0          0          0          0   __rtentry.o
        12          0          0          0          0          0   __rtentry2.o
         6          0          0          0          0          0   __rtentry4.o
        52          8          0          0          0          0   __scatter.o
        28          0          0          0          0          0   __scatter_zi.o
        16          0          0          0          0         68   aeabi_memset.o
        18          0          0          0          0         80   exit.o
         6          0          0          0          0        152   heapauxi.o
         0          0          0          0          0          0   indicate_semi.o
         2          0          0          0          0          0   libinit.o
         2          0          0          0          0          0   libinit2.o
         2          0          0          0          0          0   libshutdown.o
         2          0          0          0          0          0   libshutdown2.o
         8          4          0          0         96         68   libspace.o
        38          0          0          0          0         68   llushr.o
        88          0          0          0          0         76   memcmp.o
        68          0          0          0          0         68   rt_memclr.o
        78          0          0          0          0         80   rt_memclr_w.o
       138          0          0          0          0         68   rt_memcpy_v6.o
       100          0          0          0          0         80   rt_memcpy_w.o
       132          0          0          0          0         68   rt_memmove_v6.o
       122          0          0          0          0         80   rt_memmove_w.o
         2          0          0          0          0          0   rtexit.o
        10          0          0          0          0          0   rtexit2.o
        24          0          0          0          0         68   strcat.o
        62          0          0          0          0         76   strlen.o
       150          0          0          0          0         80   strncmp.o
        12          4          0          0          0         68   sys_exit.o
        74          0          0          0          0         80   sys_stackheap_outer.o
         2          0          0          0          0         68   use_no_semi.o

    ----------------------------------------------------------------------
      1360         16          0          0         96       1464   Library Totals
         8          0          0          0          0          0   (incl. Padding)

    ----------------------------------------------------------------------

      Code (inc. data)   RO Data    RW Data    ZI Data      Debug   Library Name

      1352         16          0          0         96       1464   c_w.l

    ----------------------------------------------------------------------
      1360         16          0          0         96       1464   Library Totals

    ----------------------------------------------------------------------

==============================================================================


      Code (inc. data)   RO Data    RW Data    ZI Data      Debug   

     27074       3158       4326        860       9064    1293750   Grand Totals
     27074       3158       4326        104       9064    1293750   ELF Image Totals (compressed)
     27074       3158       4326        104          0          0   ROM Totals

==============================================================================

    Total RO  Size (Code + RO Data)                31400 (  30.66kB)
    Total RW  Size (RW Data + ZI Data)              9924 (   9.69kB)
    Total ROM Size (Code + RO Data + RW Data)      31504 (  30.77kB)

==============================================================================

