<html>
<body>
<pre>
<h1>µVision Build Log</h1>
<h2>Tool Versions:</h2>
IDE-Version: ¦ÌVision V5.41.0.0
Copyright (C) 2024 ARM Ltd and ARM Germany GmbH. All rights reserved.
License Information: microsys microsysdeve@hotmail.com, microsys@sina.com, LIC=2TTQ1-CGG42-E05N4-FEX4L-PE1B6-5QHQP
 
Tool Versions:
Toolchain:       MDK-ARM Professional  Version: 5.41.0.0
Toolchain Path:  C:\Users\micro\AppData\Local\Keil_v5\ARM\ARM_Compiler_5.06u7\Bin
C Compiler:      Armcc.exe V5.06 update 7 (build 960)
Assembler:       Armasm.exe V5.06 update 7 (build 960)
Linker/Locator:  ArmLink.exe V5.06 update 7 (build 960)
Library Manager: ArmAr.exe V5.06 update 7 (build 960)
Hex Converter:   FromElf.exe V5.06 update 7 (build 960)
CPU DLL:         SARMCM3.DLL V5.41.0.0
Dialog DLL:      DCM.DLL V1.17.5.0
Target DLL:      STLink\ST-LINKIII-KEIL_SWO.dll V3.3.0.0
Dialog DLL:      TCM.DLL V1.56.4.0
 
<h2>Project:</h2>
C:\worktop\daplink\DAPLink-ARM-PX\projectfiles\uvision\stm32f103xb_bl\stm32f103xb_bl.uvprojx
Project File Date:  04/21/2026

<h2>Output:</h2>
*** Using Compiler 'V5.06 update 7 (build 960)', folder: 'C:\Users\micro\AppData\Local\Keil_v5\ARM\ARM_Compiler_5.06u7\Bin'
Build target 'stm32f103xb_bl'
Before Build - User command #1: ..\..\..\tools\pre_build_script.bat
Python 3.14.3
C:\worktop\daplink\DAPLink-ARM-PX\projectfiles\uvision\stm32f103xb_bl>python ..\..\..\tools\pre_build_script.py 
#> Getting git description
#> Pre-build script start
#> Getting git SHA
#> Checking for local changes
#> Writing git version file
#> Pre-build script completed written ..\..\..\source\daplink\version_git.h
compiling error.c...
compiling crc32.c...
compiling stm32f103xb_bl.c...
compiling daplink_debug.c...
..\..\..\source\daplink\daplink_debug.c(90): warning:  #1-D: last line of file ends without a newline
  #endif
..\..\..\source\daplink\daplink_debug.c: 1 warning, 0 errors
compiling info.c...
compiling flash_hal.c...
compiling cortex_m.c...
compiling sdk_stub.c...
compiling HardFault_Handler.c...
compiling util.c...
compiling circ_buf.c...
compiling validation.c...
compiling file_stream.c...
compiling main_bootloader.c...
compiling flash_decoder.c...
compiling flash_intf.c...
compiling flash_manager.c...
compiling intelhex.c...
compiling iap_flash_intf.c...
compiling virtual_fs.c...
assembling startup_stm32f103xb.S...
compiling flash.c...
compiling read_uid.c...
compiling stm32f1xx_hal.c...
compiling gpio.c...
compiling sdk.c...
compiling vfs_user.c...
compiling vfs_manager.c...
compiling stm32f1xx_hal_cortex.c...
compiling stm32f1xx_hal_gpio_ex.c...
compiling stm32f1xx_hal_flash.c...
compiling stm32f1xx_hal_flash_ex.c...
compiling stm32f1xx_hal_gpio.c...
compiling stm32f1xx_hal_dma.c...
compiling stm32f1xx_hal_rcc.c...
compiling system_stm32f1xx.c...
compiling stm32f1xx_hal_rcc_ex.c...
compiling uart.c...
compiling stm32f1xx_hal_uart.c...
compiling cmsis_os2_port.c...
compiling stm32f1xx_hal_usart.c...
compiling stm32f1xx_hal_tim_ex.c...
compiling usb_config.c...
compiling settings_rom_stub.c...
compiling target_board.c...
compiling target_default.c...
compiling stm32f1xx_hal_tim.c...
compiling usbd_core.c...
compiling usbd_core_msc.c...
compiling usbd_msc.c...
compiling SysTick_Handler.c...
compiling settings.c...
compiling usbd_STM32F103.c...
linking...
Program Size: Code=27074 RO-data=4326 RW-data=860 ZI-data=9064  
".\build\stm32f103xb_bl.axf" - 0 Error(s), 1 Warning(s).

<h2>Software Packages used:</h2>

Package Vendor: ARM
                https://www.keil.com/pack/ARM.CMSIS.6.1.0.pack
                ARM::CMSIS@6.1.0
                CMSIS (Common Microcontroller Software Interface Standard)
   * Component: CORE Version: 6.1.0

Package Vendor: Keil
                https://www.keil.com/pack/Keil.STM32F1xx_DFP.2.4.1.pack
                Keil::STM32F1xx_DFP@2.4.1
                STMicroelectronics STM32F1 Series Device Support, Drivers and Examples

<h2>Collection of Component include folders:</h2>
  ./RTE/_stm32f103xb_bl
  C:/Users/micro/AppData/Local/Arm/Packs/ARM/CMSIS/6.1.0/CMSIS/Core/Include
  C:/Users/micro/AppData/Local/Arm/Packs/Keil/STM32F1xx_DFP/2.4.1/Device/Include

<h2>Collection of Component Files used:</h2>

   * Component: ARM::CMSIS:CORE@6.1.0
Build Time Elapsed:  00:00:10
</pre>
</body>
</html>
