<!doctype html public "-//w3c//dtd html 4.0 transitional//en">
<html><head>
<title>Static Call Graph - [.\build\stm32f103xb_bl.axf]</title></head>
<body><HR>
<H1>Static Call Graph for image .\build\stm32f103xb_bl.axf</H1><HR>
<BR><P>#&#060CALLGRAPH&#062# ARM Linker, 5060960: Last Updated: Fri Apr 24 11:51:27 2026
<BR><P>
<H3>Maximum Stack Usage =        256 bytes + Unknown(Functions without stacksize, Cycles, Untraceable Function Pointers)</H3><H3>
Call chain for Maximum Stack Depth:</H3>
read_file_details_txt &rArr; update_details_txt_file &rArr; expand_string_in_region &rArr; expand_info &rArr; strlen
<P>
<H3>
Functions with no stack information
</H3><UL>
 <LI><a href="#[75]">__user_initial_stackheap</a>
</UL>
</UL>
<P>
<H3>
Mutually Recursive functions
</H3> <LI><a href="#[c]">NMI_Handler</a>&nbsp;&nbsp;&nbsp;&rArr;&nbsp;&nbsp;&nbsp;<a href="#[c]">NMI_Handler</a><BR>
 <LI><a href="#[e]">MemManage_Handler</a>&nbsp;&nbsp;&nbsp;&rArr;&nbsp;&nbsp;&nbsp;<a href="#[e]">MemManage_Handler</a><BR>
 <LI><a href="#[f]">BusFault_Handler</a>&nbsp;&nbsp;&nbsp;&rArr;&nbsp;&nbsp;&nbsp;<a href="#[f]">BusFault_Handler</a><BR>
 <LI><a href="#[10]">UsageFault_Handler</a>&nbsp;&nbsp;&nbsp;&rArr;&nbsp;&nbsp;&nbsp;<a href="#[10]">UsageFault_Handler</a><BR>
 <LI><a href="#[11]">SVC_Handler</a>&nbsp;&nbsp;&nbsp;&rArr;&nbsp;&nbsp;&nbsp;<a href="#[11]">SVC_Handler</a><BR>
 <LI><a href="#[12]">DebugMon_Handler</a>&nbsp;&nbsp;&nbsp;&rArr;&nbsp;&nbsp;&nbsp;<a href="#[12]">DebugMon_Handler</a><BR>
 <LI><a href="#[13]">PendSV_Handler</a>&nbsp;&nbsp;&nbsp;&rArr;&nbsp;&nbsp;&nbsp;<a href="#[13]">PendSV_Handler</a><BR>
 <LI><a href="#[27]">ADC1_2_IRQHandler</a>&nbsp;&nbsp;&nbsp;&rArr;&nbsp;&nbsp;&nbsp;<a href="#[27]">ADC1_2_IRQHandler</a><BR>
</UL>
<P>
<H3>
Function Pointers
</H3><UL>
 <LI><a href="#[27]">ADC1_2_IRQHandler</a> from startup_stm32f103xb.o(.text) referenced from startup_stm32f103xb.o(RESET)
 <LI><a href="#[f]">BusFault_Handler</a> from startup_stm32f103xb.o(.text) referenced from startup_stm32f103xb.o(RESET)
 <LI><a href="#[2a]">CAN1_RX1_IRQHandler</a> from startup_stm32f103xb.o(.text) referenced from startup_stm32f103xb.o(RESET)
 <LI><a href="#[2b]">CAN1_SCE_IRQHandler</a> from startup_stm32f103xb.o(.text) referenced from startup_stm32f103xb.o(RESET)
 <LI><a href="#[20]">DMA1_Channel1_IRQHandler</a> from startup_stm32f103xb.o(.text) referenced from startup_stm32f103xb.o(RESET)
 <LI><a href="#[21]">DMA1_Channel2_IRQHandler</a> from startup_stm32f103xb.o(.text) referenced from startup_stm32f103xb.o(RESET)
 <LI><a href="#[22]">DMA1_Channel3_IRQHandler</a> from startup_stm32f103xb.o(.text) referenced from startup_stm32f103xb.o(RESET)
 <LI><a href="#[23]">DMA1_Channel4_IRQHandler</a> from startup_stm32f103xb.o(.text) referenced from startup_stm32f103xb.o(RESET)
 <LI><a href="#[24]">DMA1_Channel5_IRQHandler</a> from startup_stm32f103xb.o(.text) referenced from startup_stm32f103xb.o(RESET)
 <LI><a href="#[25]">DMA1_Channel6_IRQHandler</a> from startup_stm32f103xb.o(.text) referenced from startup_stm32f103xb.o(RESET)
 <LI><a href="#[26]">DMA1_Channel7_IRQHandler</a> from startup_stm32f103xb.o(.text) referenced from startup_stm32f103xb.o(RESET)
 <LI><a href="#[12]">DebugMon_Handler</a> from startup_stm32f103xb.o(.text) referenced from startup_stm32f103xb.o(RESET)
 <LI><a href="#[1b]">EXTI0_IRQHandler</a> from startup_stm32f103xb.o(.text) referenced from startup_stm32f103xb.o(RESET)
 <LI><a href="#[3d]">EXTI15_10_IRQHandler</a> from startup_stm32f103xb.o(.text) referenced from startup_stm32f103xb.o(RESET)
 <LI><a href="#[1c]">EXTI1_IRQHandler</a> from startup_stm32f103xb.o(.text) referenced from startup_stm32f103xb.o(RESET)
 <LI><a href="#[1d]">EXTI2_IRQHandler</a> from startup_stm32f103xb.o(.text) referenced from startup_stm32f103xb.o(RESET)
 <LI><a href="#[1e]">EXTI3_IRQHandler</a> from startup_stm32f103xb.o(.text) referenced from startup_stm32f103xb.o(RESET)
 <LI><a href="#[1f]">EXTI4_IRQHandler</a> from startup_stm32f103xb.o(.text) referenced from startup_stm32f103xb.o(RESET)
 <LI><a href="#[2c]">EXTI9_5_IRQHandler</a> from startup_stm32f103xb.o(.text) referenced from startup_stm32f103xb.o(RESET)
 <LI><a href="#[19]">FLASH_IRQHandler</a> from startup_stm32f103xb.o(.text) referenced from startup_stm32f103xb.o(RESET)
 <LI><a href="#[d]">HardFault_Handler</a> from hardfault_handler.o(i.HardFault_Handler) referenced from startup_stm32f103xb.o(RESET)
 <LI><a href="#[35]">I2C1_ER_IRQHandler</a> from startup_stm32f103xb.o(.text) referenced from startup_stm32f103xb.o(RESET)
 <LI><a href="#[34]">I2C1_EV_IRQHandler</a> from startup_stm32f103xb.o(.text) referenced from startup_stm32f103xb.o(RESET)
 <LI><a href="#[37]">I2C2_ER_IRQHandler</a> from startup_stm32f103xb.o(.text) referenced from startup_stm32f103xb.o(RESET)
 <LI><a href="#[36]">I2C2_EV_IRQHandler</a> from startup_stm32f103xb.o(.text) referenced from startup_stm32f103xb.o(RESET)
 <LI><a href="#[e]">MemManage_Handler</a> from startup_stm32f103xb.o(.text) referenced from startup_stm32f103xb.o(RESET)
 <LI><a href="#[c]">NMI_Handler</a> from startup_stm32f103xb.o(.text) referenced from startup_stm32f103xb.o(RESET)
 <LI><a href="#[16]">PVD_IRQHandler</a> from startup_stm32f103xb.o(.text) referenced from startup_stm32f103xb.o(RESET)
 <LI><a href="#[13]">PendSV_Handler</a> from startup_stm32f103xb.o(.text) referenced from startup_stm32f103xb.o(RESET)
 <LI><a href="#[1a]">RCC_IRQHandler</a> from startup_stm32f103xb.o(.text) referenced from startup_stm32f103xb.o(RESET)
 <LI><a href="#[3e]">RTC_Alarm_IRQHandler</a> from startup_stm32f103xb.o(.text) referenced from startup_stm32f103xb.o(RESET)
 <LI><a href="#[18]">RTC_IRQHandler</a> from startup_stm32f103xb.o(.text) referenced from startup_stm32f103xb.o(RESET)
 <LI><a href="#[b]">Reset_Handler</a> from startup_stm32f103xb.o(.text) referenced from startup_stm32f103xb.o(RESET)
 <LI><a href="#[38]">SPI1_IRQHandler</a> from startup_stm32f103xb.o(.text) referenced from startup_stm32f103xb.o(RESET)
 <LI><a href="#[39]">SPI2_IRQHandler</a> from startup_stm32f103xb.o(.text) referenced from startup_stm32f103xb.o(RESET)
 <LI><a href="#[11]">SVC_Handler</a> from startup_stm32f103xb.o(.text) referenced from startup_stm32f103xb.o(RESET)
 <LI><a href="#[14]">SysTick_Handler</a> from systick_handler.o(i.SysTick_Handler) referenced from startup_stm32f103xb.o(RESET)
 <LI><a href="#[40]">SystemInit</a> from system_stm32f1xx.o(i.SystemInit) referenced from startup_stm32f103xb.o(.text)
 <LI><a href="#[17]">TAMPER_IRQHandler</a> from startup_stm32f103xb.o(.text) referenced from startup_stm32f103xb.o(RESET)
 <LI><a href="#[2d]">TIM1_BRK_IRQHandler</a> from startup_stm32f103xb.o(.text) referenced from startup_stm32f103xb.o(RESET)
 <LI><a href="#[30]">TIM1_CC_IRQHandler</a> from startup_stm32f103xb.o(.text) referenced from startup_stm32f103xb.o(RESET)
 <LI><a href="#[2f]">TIM1_TRG_COM_IRQHandler</a> from startup_stm32f103xb.o(.text) referenced from startup_stm32f103xb.o(RESET)
 <LI><a href="#[2e]">TIM1_UP_IRQHandler</a> from startup_stm32f103xb.o(.text) referenced from startup_stm32f103xb.o(RESET)
 <LI><a href="#[31]">TIM2_IRQHandler</a> from startup_stm32f103xb.o(.text) referenced from startup_stm32f103xb.o(RESET)
 <LI><a href="#[32]">TIM3_IRQHandler</a> from startup_stm32f103xb.o(.text) referenced from startup_stm32f103xb.o(RESET)
 <LI><a href="#[33]">TIM4_IRQHandler</a> from startup_stm32f103xb.o(.text) referenced from startup_stm32f103xb.o(RESET)
 <LI><a href="#[3a]">USART1_IRQHandler</a> from startup_stm32f103xb.o(.text) referenced from startup_stm32f103xb.o(RESET)
 <LI><a href="#[3b]">USART2_IRQHandler</a> from uart.o(i.USART2_IRQHandler) referenced from startup_stm32f103xb.o(RESET)
 <LI><a href="#[3c]">USART3_IRQHandler</a> from startup_stm32f103xb.o(.text) referenced from startup_stm32f103xb.o(RESET)
 <LI><a href="#[58]">USBD_EndPoint0</a> from usbd_core.o(i.USBD_EndPoint0) referenced from usb_config.o(.constdata)
 <LI><a href="#[59]">USBD_MSC_EP_BULK_Event</a> from usbd_msc.o(i.USBD_MSC_EP_BULK_Event) referenced from usb_config.o(.constdata)
 <LI><a href="#[3f]">USBWakeUp_IRQHandler</a> from startup_stm32f103xb.o(.text) referenced from startup_stm32f103xb.o(RESET)
 <LI><a href="#[28]">USB_HP_CAN1_TX_IRQHandler</a> from startup_stm32f103xb.o(.text) referenced from startup_stm32f103xb.o(RESET)
 <LI><a href="#[29]">USB_LP_CAN1_RX0_IRQHandler</a> from usbd_stm32f103.o(i.USB_LP_CAN1_RX0_IRQHandler) referenced from startup_stm32f103xb.o(RESET)
 <LI><a href="#[10]">UsageFault_Handler</a> from startup_stm32f103xb.o(.text) referenced from startup_stm32f103xb.o(RESET)
 <LI><a href="#[15]">WWDG_IRQHandler</a> from startup_stm32f103xb.o(.text) referenced from startup_stm32f103xb.o(RESET)
 <LI><a href="#[5a]">__main</a> from __main.o(!!!main) referenced from startup_stm32f103xb.o(.text)
 <LI><a href="#[6]">close_bin</a> from file_stream.o(i.close_bin) referenced 2 times from file_stream.o(.data)
 <LI><a href="#[a]">close_hex</a> from file_stream.o(i.close_hex) referenced 2 times from file_stream.o(.data)
 <LI><a href="#[3]">detect_bin</a> from file_stream.o(i.detect_bin) referenced 2 times from file_stream.o(.data)
 <LI><a href="#[7]">detect_hex</a> from file_stream.o(i.detect_hex) referenced 2 times from file_stream.o(.data)
 <LI><a href="#[50]">erase_chip</a> from iap_flash_intf.o(i.erase_chip) referenced from iap_flash_intf.o(.constdata)
 <LI><a href="#[4f]">erase_sector</a> from iap_flash_intf.o(i.erase_sector) referenced from iap_flash_intf.o(.constdata)
 <LI><a href="#[52]">erase_sector_size</a> from iap_flash_intf.o(i.erase_sector_size) referenced from iap_flash_intf.o(.constdata)
 <LI><a href="#[47]">file_change_cb_stub</a> from virtual_fs.o(i.file_change_cb_stub) referenced from virtual_fs.o(i.vfs_init)
 <LI><a href="#[42]">file_change_handler</a> from vfs_manager.o(i.file_change_handler) referenced from vfs_manager.o(i.build_filesystem)
 <LI><a href="#[4c]">init</a> from iap_flash_intf.o(i.init) referenced from iap_flash_intf.o(.constdata)
 <LI><a href="#[43]">main_task</a> from main_bootloader.o(i.main_task) referenced from main_bootloader.o(i.main)
 <LI><a href="#[4]">open_bin</a> from file_stream.o(i.open_bin) referenced 2 times from file_stream.o(.data)
 <LI><a href="#[8]">open_hex</a> from file_stream.o(i.open_hex) referenced 2 times from file_stream.o(.data)
 <LI><a href="#[4e]">program_page</a> from iap_flash_intf.o(i.program_page) referenced from iap_flash_intf.o(.constdata)
 <LI><a href="#[51]">program_page_min_size</a> from iap_flash_intf.o(i.program_page_min_size) referenced from iap_flash_intf.o(.constdata)
 <LI><a href="#[56]">read_dir</a> from virtual_fs.o(i.read_dir) referenced from virtual_fs.o(.constdata)
 <LI><a href="#[55]">read_fat</a> from virtual_fs.o(i.read_fat) referenced 2 times from virtual_fs.o(.constdata)
 <LI><a href="#[4b]">read_file_assert_txt</a> from vfs_user.o(i.read_file_assert_txt) referenced from vfs_user.o(i.vfs_user_build_filesystem)
 <LI><a href="#[49]">read_file_details_txt</a> from vfs_user.o(i.read_file_details_txt) referenced from vfs_user.o(i.vfs_user_build_filesystem)
 <LI><a href="#[4a]">read_file_fail_txt</a> from vfs_user.o(i.read_file_fail_txt) referenced from vfs_user.o(i.vfs_user_build_filesystem)
 <LI><a href="#[48]">read_file_mbed_htm</a> from vfs_user.o(i.read_file_mbed_htm) referenced from vfs_user.o(i.vfs_user_build_filesystem)
 <LI><a href="#[54]">read_mbr</a> from virtual_fs.o(i.read_mbr) referenced from virtual_fs.o(.constdata)
 <LI><a href="#[45]">read_zero</a> from virtual_fs.o(i.read_zero) referenced from virtual_fs.o(i.vfs_create_file)
 <LI><a href="#[53]">target_flash_busy</a> from iap_flash_intf.o(i.target_flash_busy) referenced from iap_flash_intf.o(.constdata)
 <LI><a href="#[44]">timer_task_30mS</a> from main_bootloader.o(i.timer_task_30mS) referenced from main_bootloader.o(i.main_task)
 <LI><a href="#[4d]">uninit</a> from iap_flash_intf.o(i.uninit) referenced from iap_flash_intf.o(.constdata)
 <LI><a href="#[5]">write_bin</a> from file_stream.o(i.write_bin) referenced 2 times from file_stream.o(.data)
 <LI><a href="#[57]">write_dir</a> from virtual_fs.o(i.write_dir) referenced from virtual_fs.o(.constdata)
 <LI><a href="#[9]">write_hex</a> from file_stream.o(i.write_hex) referenced 2 times from file_stream.o(.data)
 <LI><a href="#[46]">write_none</a> from virtual_fs.o(i.write_none) referenced 3 times from virtual_fs.o(.constdata)
 <LI><a href="#[46]">write_none</a> from virtual_fs.o(i.write_none) referenced from virtual_fs.o(i.vfs_create_file)
</UL>
<P>
<H3>
Global Symbols
</H3>
<P><STRONG><a name="[5a]"></a>__main</STRONG> (Thumb, 8 bytes, Stack size 0 bytes, __main.o(!!!main))
<BR><BR>[Calls]<UL><LI><a href="#[5c]">&gt;&gt;</a>&nbsp;&nbsp;&nbsp;__scatterload
<LI><a href="#[5d]">&gt;&gt;</a>&nbsp;&nbsp;&nbsp;__rt_entry
</UL>

<P><STRONG><a name="[5c]"></a>__scatterload</STRONG> (Thumb, 0 bytes, Stack size unknown bytes, __scatter.o(!!!scatter))
<BR><BR>[Called By]<UL><LI><a href="#[5a]">&gt;&gt;</a>&nbsp;&nbsp;&nbsp;__main
</UL>

<P><STRONG><a name="[5e]"></a>__scatterload_rt2</STRONG> (Thumb, 44 bytes, Stack size unknown bytes, __scatter.o(!!!scatter), UNUSED)
<BR><BR>[Calls]<UL><LI><a href="#[5d]">&gt;&gt;</a>&nbsp;&nbsp;&nbsp;__rt_entry
</UL>

<P><STRONG><a name="[199]"></a>__scatterload_rt2_thumb_only</STRONG> (Thumb, 0 bytes, Stack size unknown bytes, __scatter.o(!!!scatter), UNUSED)

<P><STRONG><a name="[19a]"></a>__scatterload_null</STRONG> (Thumb, 0 bytes, Stack size unknown bytes, __scatter.o(!!!scatter), UNUSED)

<P><STRONG><a name="[19b]"></a>__decompress</STRONG> (Thumb, 90 bytes, Stack size unknown bytes, __dczerorl2.o(!!dczerorl2), UNUSED)

<P><STRONG><a name="[19c]"></a>__decompress1</STRONG> (Thumb, 0 bytes, Stack size unknown bytes, __dczerorl2.o(!!dczerorl2), UNUSED)

<P><STRONG><a name="[19d]"></a>__scatterload_zeroinit</STRONG> (Thumb, 28 bytes, Stack size unknown bytes, __scatter_zi.o(!!handler_zi), UNUSED)

<P><STRONG><a name="[62]"></a>__rt_lib_init</STRONG> (Thumb, 0 bytes, Stack size unknown bytes, libinit.o(.ARM.Collect$$libinit$$00000000))
<BR><BR>[Called By]<UL><LI><a href="#[61]">&gt;&gt;</a>&nbsp;&nbsp;&nbsp;__rt_entry_li
</UL>

<P><STRONG><a name="[19e]"></a>__rt_lib_init_alloca_1</STRONG> (Thumb, 0 bytes, Stack size unknown bytes, libinit2.o(.ARM.Collect$$libinit$$0000002E))

<P><STRONG><a name="[19f]"></a>__rt_lib_init_argv_1</STRONG> (Thumb, 0 bytes, Stack size unknown bytes, libinit2.o(.ARM.Collect$$libinit$$0000002C))

<P><STRONG><a name="[1a0]"></a>__rt_lib_init_atexit_1</STRONG> (Thumb, 0 bytes, Stack size unknown bytes, libinit2.o(.ARM.Collect$$libinit$$0000001B))

<P><STRONG><a name="[1a1]"></a>__rt_lib_init_clock_1</STRONG> (Thumb, 0 bytes, Stack size unknown bytes, libinit2.o(.ARM.Collect$$libinit$$00000021))

<P><STRONG><a name="[1a2]"></a>__rt_lib_init_cpp_1</STRONG> (Thumb, 0 bytes, Stack size unknown bytes, libinit2.o(.ARM.Collect$$libinit$$00000032))

<P><STRONG><a name="[1a3]"></a>__rt_lib_init_exceptions_1</STRONG> (Thumb, 0 bytes, Stack size unknown bytes, libinit2.o(.ARM.Collect$$libinit$$00000030))

<P><STRONG><a name="[1a4]"></a>__rt_lib_init_fp_1</STRONG> (Thumb, 0 bytes, Stack size unknown bytes, libinit2.o(.ARM.Collect$$libinit$$00000002))

<P><STRONG><a name="[1a5]"></a>__rt_lib_init_fp_trap_1</STRONG> (Thumb, 0 bytes, Stack size unknown bytes, libinit2.o(.ARM.Collect$$libinit$$0000001F))

<P><STRONG><a name="[1a6]"></a>__rt_lib_init_getenv_1</STRONG> (Thumb, 0 bytes, Stack size unknown bytes, libinit2.o(.ARM.Collect$$libinit$$00000023))

<P><STRONG><a name="[1a7]"></a>__rt_lib_init_heap_1</STRONG> (Thumb, 0 bytes, Stack size unknown bytes, libinit2.o(.ARM.Collect$$libinit$$0000000A))

<P><STRONG><a name="[1a8]"></a>__rt_lib_init_lc_collate_1</STRONG> (Thumb, 0 bytes, Stack size unknown bytes, libinit2.o(.ARM.Collect$$libinit$$00000011))

<P><STRONG><a name="[1a9]"></a>__rt_lib_init_lc_ctype_1</STRONG> (Thumb, 0 bytes, Stack size unknown bytes, libinit2.o(.ARM.Collect$$libinit$$00000013))

<P><STRONG><a name="[1aa]"></a>__rt_lib_init_lc_monetary_1</STRONG> (Thumb, 0 bytes, Stack size unknown bytes, libinit2.o(.ARM.Collect$$libinit$$00000015))

<P><STRONG><a name="[1ab]"></a>__rt_lib_init_lc_numeric_1</STRONG> (Thumb, 0 bytes, Stack size unknown bytes, libinit2.o(.ARM.Collect$$libinit$$00000017))

<P><STRONG><a name="[1ac]"></a>__rt_lib_init_lc_time_1</STRONG> (Thumb, 0 bytes, Stack size unknown bytes, libinit2.o(.ARM.Collect$$libinit$$00000019))

<P><STRONG><a name="[1ad]"></a>__rt_lib_init_preinit_1</STRONG> (Thumb, 0 bytes, Stack size unknown bytes, libinit2.o(.ARM.Collect$$libinit$$00000004))

<P><STRONG><a name="[1ae]"></a>__rt_lib_init_rand_1</STRONG> (Thumb, 0 bytes, Stack size unknown bytes, libinit2.o(.ARM.Collect$$libinit$$0000000E))

<P><STRONG><a name="[1af]"></a>__rt_lib_init_return</STRONG> (Thumb, 0 bytes, Stack size unknown bytes, libinit2.o(.ARM.Collect$$libinit$$00000033))

<P><STRONG><a name="[1b0]"></a>__rt_lib_init_signal_1</STRONG> (Thumb, 0 bytes, Stack size unknown bytes, libinit2.o(.ARM.Collect$$libinit$$0000001D))

<P><STRONG><a name="[1b1]"></a>__rt_lib_init_stdio_1</STRONG> (Thumb, 0 bytes, Stack size unknown bytes, libinit2.o(.ARM.Collect$$libinit$$00000025))

<P><STRONG><a name="[1b2]"></a>__rt_lib_init_user_alloc_1</STRONG> (Thumb, 0 bytes, Stack size unknown bytes, libinit2.o(.ARM.Collect$$libinit$$0000000C))

<P><STRONG><a name="[67]"></a>__rt_lib_shutdown</STRONG> (Thumb, 0 bytes, Stack size unknown bytes, libshutdown.o(.ARM.Collect$$libshutdown$$00000000))
<BR><BR>[Called By]<UL><LI><a href="#[66]">&gt;&gt;</a>&nbsp;&nbsp;&nbsp;__rt_exit_ls
</UL>

<P><STRONG><a name="[1b3]"></a>__rt_lib_shutdown_cpp_1</STRONG> (Thumb, 0 bytes, Stack size unknown bytes, libshutdown2.o(.ARM.Collect$$libshutdown$$00000004))

<P><STRONG><a name="[1b4]"></a>__rt_lib_shutdown_fini_1</STRONG> (Thumb, 0 bytes, Stack size unknown bytes, libshutdown2.o(.ARM.Collect$$libshutdown$$00000002))

<P><STRONG><a name="[1b5]"></a>__rt_lib_shutdown_fp_trap_1</STRONG> (Thumb, 0 bytes, Stack size unknown bytes, libshutdown2.o(.ARM.Collect$$libshutdown$$00000009))

<P><STRONG><a name="[1b6]"></a>__rt_lib_shutdown_heap_1</STRONG> (Thumb, 0 bytes, Stack size unknown bytes, libshutdown2.o(.ARM.Collect$$libshutdown$$00000011))

<P><STRONG><a name="[1b7]"></a>__rt_lib_shutdown_return</STRONG> (Thumb, 0 bytes, Stack size unknown bytes, libshutdown2.o(.ARM.Collect$$libshutdown$$00000012))

<P><STRONG><a name="[1b8]"></a>__rt_lib_shutdown_signal_1</STRONG> (Thumb, 0 bytes, Stack size unknown bytes, libshutdown2.o(.ARM.Collect$$libshutdown$$0000000C))

<P><STRONG><a name="[1b9]"></a>__rt_lib_shutdown_stdio_1</STRONG> (Thumb, 0 bytes, Stack size unknown bytes, libshutdown2.o(.ARM.Collect$$libshutdown$$00000006))

<P><STRONG><a name="[1ba]"></a>__rt_lib_shutdown_user_alloc_1</STRONG> (Thumb, 0 bytes, Stack size unknown bytes, libshutdown2.o(.ARM.Collect$$libshutdown$$0000000E))

<P><STRONG><a name="[5d]"></a>__rt_entry</STRONG> (Thumb, 0 bytes, Stack size unknown bytes, __rtentry.o(.ARM.Collect$$rtentry$$00000000))
<BR><BR>[Called By]<UL><LI><a href="#[5e]">&gt;&gt;</a>&nbsp;&nbsp;&nbsp;__scatterload_rt2
<LI><a href="#[5a]">&gt;&gt;</a>&nbsp;&nbsp;&nbsp;__main
</UL>

<P><STRONG><a name="[1bb]"></a>__rt_entry_presh_1</STRONG> (Thumb, 0 bytes, Stack size unknown bytes, __rtentry2.o(.ARM.Collect$$rtentry$$00000002))

<P><STRONG><a name="[5f]"></a>__rt_entry_sh</STRONG> (Thumb, 0 bytes, Stack size unknown bytes, __rtentry4.o(.ARM.Collect$$rtentry$$00000004))
<BR><BR>[Stack]<UL><LI>Max Depth = 8 + Unknown Stack Size
<LI>Call Chain = __rt_entry_sh &rArr; __user_setup_stackheap
</UL>
<BR>[Calls]<UL><LI><a href="#[60]">&gt;&gt;</a>&nbsp;&nbsp;&nbsp;__user_setup_stackheap
</UL>

<P><STRONG><a name="[61]"></a>__rt_entry_li</STRONG> (Thumb, 0 bytes, Stack size unknown bytes, __rtentry2.o(.ARM.Collect$$rtentry$$0000000A))
<BR><BR>[Calls]<UL><LI><a href="#[62]">&gt;&gt;</a>&nbsp;&nbsp;&nbsp;__rt_lib_init
</UL>

<P><STRONG><a name="[1bc]"></a>__rt_entry_postsh_1</STRONG> (Thumb, 0 bytes, Stack size unknown bytes, __rtentry2.o(.ARM.Collect$$rtentry$$00000009))

<P><STRONG><a name="[63]"></a>__rt_entry_main</STRONG> (Thumb, 0 bytes, Stack size unknown bytes, __rtentry2.o(.ARM.Collect$$rtentry$$0000000D))
<BR><BR>[Stack]<UL><LI>Max Depth = 184 + Unknown Stack Size
<LI>Call Chain = __rt_entry_main &rArr; main &rArr; gpio_init &rArr; output_clock_enable &rArr; _util_assert &rArr; config_ram_get_assert &rArr; strlen
</UL>
<BR>[Calls]<UL><LI><a href="#[64]">&gt;&gt;</a>&nbsp;&nbsp;&nbsp;main
<LI><a href="#[65]">&gt;&gt;</a>&nbsp;&nbsp;&nbsp;exit
</UL>

<P><STRONG><a name="[1bd]"></a>__rt_entry_postli_1</STRONG> (Thumb, 0 bytes, Stack size unknown bytes, __rtentry2.o(.ARM.Collect$$rtentry$$0000000C))

<P><STRONG><a name="[76]"></a>__rt_exit</STRONG> (Thumb, 0 bytes, Stack size unknown bytes, rtexit.o(.ARM.Collect$$rtexit$$00000000))
<BR><BR>[Called By]<UL><LI><a href="#[65]">&gt;&gt;</a>&nbsp;&nbsp;&nbsp;exit
</UL>

<P><STRONG><a name="[66]"></a>__rt_exit_ls</STRONG> (Thumb, 0 bytes, Stack size unknown bytes, rtexit2.o(.ARM.Collect$$rtexit$$00000003))
<BR><BR>[Calls]<UL><LI><a href="#[67]">&gt;&gt;</a>&nbsp;&nbsp;&nbsp;__rt_lib_shutdown
</UL>

<P><STRONG><a name="[1be]"></a>__rt_exit_prels_1</STRONG> (Thumb, 0 bytes, Stack size unknown bytes, rtexit2.o(.ARM.Collect$$rtexit$$00000002))

<P><STRONG><a name="[68]"></a>__rt_exit_exit</STRONG> (Thumb, 0 bytes, Stack size unknown bytes, rtexit2.o(.ARM.Collect$$rtexit$$00000004))
<BR><BR>[Calls]<UL><LI><a href="#[69]">&gt;&gt;</a>&nbsp;&nbsp;&nbsp;_sys_exit
</UL>

<P><STRONG><a name="[144]"></a>modify_stack_pointer_and_start_app</STRONG> (Thumb, 4 bytes, Stack size 0 bytes, main_bootloader.o(.emb_text))
<BR><BR>[Called By]<UL><LI><a href="#[64]">&gt;&gt;</a>&nbsp;&nbsp;&nbsp;main
</UL>

<P><STRONG><a name="[b]"></a>Reset_Handler</STRONG> (Thumb, 8 bytes, Stack size 0 bytes, startup_stm32f103xb.o(.text))
<BR>[Address Reference Count : 1]<UL><LI> startup_stm32f103xb.o(RESET)
</UL>
<P><STRONG><a name="[c]"></a>NMI_Handler</STRONG> (Thumb, 2 bytes, Stack size 0 bytes, startup_stm32f103xb.o(.text))
<BR><BR>[Calls]<UL><LI><a href="#[c]">&gt;&gt;</a>&nbsp;&nbsp;&nbsp;NMI_Handler
</UL>
<BR>[Called By]<UL><LI><a href="#[c]">&gt;&gt;</a>&nbsp;&nbsp;&nbsp;NMI_Handler
</UL>
<BR>[Address Reference Count : 1]<UL><LI> startup_stm32f103xb.o(RESET)
</UL>
<P><STRONG><a name="[e]"></a>MemManage_Handler</STRONG> (Thumb, 2 bytes, Stack size 0 bytes, startup_stm32f103xb.o(.text))
<BR><BR>[Calls]<UL><LI><a href="#[e]">&gt;&gt;</a>&nbsp;&nbsp;&nbsp;MemManage_Handler
</UL>
<BR>[Called By]<UL><LI><a href="#[e]">&gt;&gt;</a>&nbsp;&nbsp;&nbsp;MemManage_Handler
</UL>
<BR>[Address Reference Count : 1]<UL><LI> startup_stm32f103xb.o(RESET)
</UL>
<P><STRONG><a name="[f]"></a>BusFault_Handler</STRONG> (Thumb, 2 bytes, Stack size 0 bytes, startup_stm32f103xb.o(.text))
<BR><BR>[Calls]<UL><LI><a href="#[f]">&gt;&gt;</a>&nbsp;&nbsp;&nbsp;BusFault_Handler
</UL>
<BR>[Called By]<UL><LI><a href="#[f]">&gt;&gt;</a>&nbsp;&nbsp;&nbsp;BusFault_Handler
</UL>
<BR>[Address Reference Count : 1]<UL><LI> startup_stm32f103xb.o(RESET)
</UL>
<P><STRONG><a name="[10]"></a>UsageFault_Handler</STRONG> (Thumb, 2 bytes, Stack size 0 bytes, startup_stm32f103xb.o(.text))
<BR><BR>[Calls]<UL><LI><a href="#[10]">&gt;&gt;</a>&nbsp;&nbsp;&nbsp;UsageFault_Handler
</UL>
<BR>[Called By]<UL><LI><a href="#[10]">&gt;&gt;</a>&nbsp;&nbsp;&nbsp;UsageFault_Handler
</UL>
<BR>[Address Reference Count : 1]<UL><LI> startup_stm32f103xb.o(RESET)
</UL>
<P><STRONG><a name="[11]"></a>SVC_Handler</STRONG> (Thumb, 2 bytes, Stack size 0 bytes, startup_stm32f103xb.o(.text))
<BR><BR>[Calls]<UL><LI><a href="#[11]">&gt;&gt;</a>&nbsp;&nbsp;&nbsp;SVC_Handler
</UL>
<BR>[Called By]<UL><LI><a href="#[11]">&gt;&gt;</a>&nbsp;&nbsp;&nbsp;SVC_Handler
</UL>
<BR>[Address Reference Count : 1]<UL><LI> startup_stm32f103xb.o(RESET)
</UL>
<P><STRONG><a name="[12]"></a>DebugMon_Handler</STRONG> (Thumb, 2 bytes, Stack size 0 bytes, startup_stm32f103xb.o(.text))
<BR><BR>[Calls]<UL><LI><a href="#[12]">&gt;&gt;</a>&nbsp;&nbsp;&nbsp;DebugMon_Handler
</UL>
<BR>[Called By]<UL><LI><a href="#[12]">&gt;&gt;</a>&nbsp;&nbsp;&nbsp;DebugMon_Handler
</UL>
<BR>[Address Reference Count : 1]<UL><LI> startup_stm32f103xb.o(RESET)
</UL>
<P><STRONG><a name="[13]"></a>PendSV_Handler</STRONG> (Thumb, 2 bytes, Stack size 0 bytes, startup_stm32f103xb.o(.text))
<BR><BR>[Calls]<UL><LI><a href="#[13]">&gt;&gt;</a>&nbsp;&nbsp;&nbsp;PendSV_Handler
</UL>
<BR>[Called By]<UL><LI><a href="#[13]">&gt;&gt;</a>&nbsp;&nbsp;&nbsp;PendSV_Handler
</UL>
<BR>[Address Reference Count : 1]<UL><LI> startup_stm32f103xb.o(RESET)
</UL>
<P><STRONG><a name="[27]"></a>ADC1_2_IRQHandler</STRONG> (Thumb, 0 bytes, Stack size 0 bytes, startup_stm32f103xb.o(.text))
<BR><BR>[Calls]<UL><LI><a href="#[27]">&gt;&gt;</a>&nbsp;&nbsp;&nbsp;ADC1_2_IRQHandler
</UL>
<BR>[Called By]<UL><LI><a href="#[27]">&gt;&gt;</a>&nbsp;&nbsp;&nbsp;ADC1_2_IRQHandler
</UL>
<BR>[Address Reference Count : 1]<UL><LI> startup_stm32f103xb.o(RESET)
</UL>
<P><STRONG><a name="[2a]"></a>CAN1_RX1_IRQHandler</STRONG> (Thumb, 0 bytes, Stack size 0 bytes, startup_stm32f103xb.o(.text))
<BR>[Address Reference Count : 1]<UL><LI> startup_stm32f103xb.o(RESET)
</UL>
<P><STRONG><a name="[2b]"></a>CAN1_SCE_IRQHandler</STRONG> (Thumb, 0 bytes, Stack size 0 bytes, startup_stm32f103xb.o(.text))
<BR>[Address Reference Count : 1]<UL><LI> startup_stm32f103xb.o(RESET)
</UL>
<P><STRONG><a name="[20]"></a>DMA1_Channel1_IRQHandler</STRONG> (Thumb, 0 bytes, Stack size 0 bytes, startup_stm32f103xb.o(.text))
<BR>[Address Reference Count : 1]<UL><LI> startup_stm32f103xb.o(RESET)
</UL>
<P><STRONG><a name="[21]"></a>DMA1_Channel2_IRQHandler</STRONG> (Thumb, 0 bytes, Stack size 0 bytes, startup_stm32f103xb.o(.text))
<BR>[Address Reference Count : 1]<UL><LI> startup_stm32f103xb.o(RESET)
</UL>
<P><STRONG><a name="[22]"></a>DMA1_Channel3_IRQHandler</STRONG> (Thumb, 0 bytes, Stack size 0 bytes, startup_stm32f103xb.o(.text))
<BR>[Address Reference Count : 1]<UL><LI> startup_stm32f103xb.o(RESET)
</UL>
<P><STRONG><a name="[23]"></a>DMA1_Channel4_IRQHandler</STRONG> (Thumb, 0 bytes, Stack size 0 bytes, startup_stm32f103xb.o(.text))
<BR>[Address Reference Count : 1]<UL><LI> startup_stm32f103xb.o(RESET)
</UL>
<P><STRONG><a name="[24]"></a>DMA1_Channel5_IRQHandler</STRONG> (Thumb, 0 bytes, Stack size 0 bytes, startup_stm32f103xb.o(.text))
<BR>[Address Reference Count : 1]<UL><LI> startup_stm32f103xb.o(RESET)
</UL>
<P><STRONG><a name="[25]"></a>DMA1_Channel6_IRQHandler</STRONG> (Thumb, 0 bytes, Stack size 0 bytes, startup_stm32f103xb.o(.text))
<BR>[Address Reference Count : 1]<UL><LI> startup_stm32f103xb.o(RESET)
</UL>
<P><STRONG><a name="[26]"></a>DMA1_Channel7_IRQHandler</STRONG> (Thumb, 0 bytes, Stack size 0 bytes, startup_stm32f103xb.o(.text))
<BR>[Address Reference Count : 1]<UL><LI> startup_stm32f103xb.o(RESET)
</UL>
<P><STRONG><a name="[1b]"></a>EXTI0_IRQHandler</STRONG> (Thumb, 0 bytes, Stack size 0 bytes, startup_stm32f103xb.o(.text))
<BR>[Address Reference Count : 1]<UL><LI> startup_stm32f103xb.o(RESET)
</UL>
<P><STRONG><a name="[3d]"></a>EXTI15_10_IRQHandler</STRONG> (Thumb, 0 bytes, Stack size 0 bytes, startup_stm32f103xb.o(.text))
<BR>[Address Reference Count : 1]<UL><LI> startup_stm32f103xb.o(RESET)
</UL>
<P><STRONG><a name="[1c]"></a>EXTI1_IRQHandler</STRONG> (Thumb, 0 bytes, Stack size 0 bytes, startup_stm32f103xb.o(.text))
<BR>[Address Reference Count : 1]<UL><LI> startup_stm32f103xb.o(RESET)
</UL>
<P><STRONG><a name="[1d]"></a>EXTI2_IRQHandler</STRONG> (Thumb, 0 bytes, Stack size 0 bytes, startup_stm32f103xb.o(.text))
<BR>[Address Reference Count : 1]<UL><LI> startup_stm32f103xb.o(RESET)
</UL>
<P><STRONG><a name="[1e]"></a>EXTI3_IRQHandler</STRONG> (Thumb, 0 bytes, Stack size 0 bytes, startup_stm32f103xb.o(.text))
<BR>[Address Reference Count : 1]<UL><LI> startup_stm32f103xb.o(RESET)
</UL>
<P><STRONG><a name="[1f]"></a>EXTI4_IRQHandler</STRONG> (Thumb, 0 bytes, Stack size 0 bytes, startup_stm32f103xb.o(.text))
<BR>[Address Reference Count : 1]<UL><LI> startup_stm32f103xb.o(RESET)
</UL>
<P><STRONG><a name="[2c]"></a>EXTI9_5_IRQHandler</STRONG> (Thumb, 0 bytes, Stack size 0 bytes, startup_stm32f103xb.o(.text))
<BR>[Address Reference Count : 1]<UL><LI> startup_stm32f103xb.o(RESET)
</UL>
<P><STRONG><a name="[19]"></a>FLASH_IRQHandler</STRONG> (Thumb, 0 bytes, Stack size 0 bytes, startup_stm32f103xb.o(.text))
<BR>[Address Reference Count : 1]<UL><LI> startup_stm32f103xb.o(RESET)
</UL>
<P><STRONG><a name="[35]"></a>I2C1_ER_IRQHandler</STRONG> (Thumb, 0 bytes, Stack size 0 bytes, startup_stm32f103xb.o(.text))
<BR>[Address Reference Count : 1]<UL><LI> startup_stm32f103xb.o(RESET)
</UL>
<P><STRONG><a name="[34]"></a>I2C1_EV_IRQHandler</STRONG> (Thumb, 0 bytes, Stack size 0 bytes, startup_stm32f103xb.o(.text))
<BR>[Address Reference Count : 1]<UL><LI> startup_stm32f103xb.o(RESET)
</UL>
<P><STRONG><a name="[37]"></a>I2C2_ER_IRQHandler</STRONG> (Thumb, 0 bytes, Stack size 0 bytes, startup_stm32f103xb.o(.text))
<BR>[Address Reference Count : 1]<UL><LI> startup_stm32f103xb.o(RESET)
</UL>
<P><STRONG><a name="[36]"></a>I2C2_EV_IRQHandler</STRONG> (Thumb, 0 bytes, Stack size 0 bytes, startup_stm32f103xb.o(.text))
<BR>[Address Reference Count : 1]<UL><LI> startup_stm32f103xb.o(RESET)
</UL>
<P><STRONG><a name="[16]"></a>PVD_IRQHandler</STRONG> (Thumb, 0 bytes, Stack size 0 bytes, startup_stm32f103xb.o(.text))
<BR>[Address Reference Count : 1]<UL><LI> startup_stm32f103xb.o(RESET)
</UL>
<P><STRONG><a name="[1a]"></a>RCC_IRQHandler</STRONG> (Thumb, 0 bytes, Stack size 0 bytes, startup_stm32f103xb.o(.text))
<BR>[Address Reference Count : 1]<UL><LI> startup_stm32f103xb.o(RESET)
</UL>
<P><STRONG><a name="[3e]"></a>RTC_Alarm_IRQHandler</STRONG> (Thumb, 0 bytes, Stack size 0 bytes, startup_stm32f103xb.o(.text))
<BR>[Address Reference Count : 1]<UL><LI> startup_stm32f103xb.o(RESET)
</UL>
<P><STRONG><a name="[18]"></a>RTC_IRQHandler</STRONG> (Thumb, 0 bytes, Stack size 0 bytes, startup_stm32f103xb.o(.text))
<BR>[Address Reference Count : 1]<UL><LI> startup_stm32f103xb.o(RESET)
</UL>
<P><STRONG><a name="[38]"></a>SPI1_IRQHandler</STRONG> (Thumb, 0 bytes, Stack size 0 bytes, startup_stm32f103xb.o(.text))
<BR>[Address Reference Count : 1]<UL><LI> startup_stm32f103xb.o(RESET)
</UL>
<P><STRONG><a name="[39]"></a>SPI2_IRQHandler</STRONG> (Thumb, 0 bytes, Stack size 0 bytes, startup_stm32f103xb.o(.text))
<BR>[Address Reference Count : 1]<UL><LI> startup_stm32f103xb.o(RESET)
</UL>
<P><STRONG><a name="[17]"></a>TAMPER_IRQHandler</STRONG> (Thumb, 0 bytes, Stack size 0 bytes, startup_stm32f103xb.o(.text))
<BR>[Address Reference Count : 1]<UL><LI> startup_stm32f103xb.o(RESET)
</UL>
<P><STRONG><a name="[2d]"></a>TIM1_BRK_IRQHandler</STRONG> (Thumb, 0 bytes, Stack size 0 bytes, startup_stm32f103xb.o(.text))
<BR>[Address Reference Count : 1]<UL><LI> startup_stm32f103xb.o(RESET)
</UL>
<P><STRONG><a name="[30]"></a>TIM1_CC_IRQHandler</STRONG> (Thumb, 0 bytes, Stack size 0 bytes, startup_stm32f103xb.o(.text))
<BR>[Address Reference Count : 1]<UL><LI> startup_stm32f103xb.o(RESET)
</UL>
<P><STRONG><a name="[2f]"></a>TIM1_TRG_COM_IRQHandler</STRONG> (Thumb, 0 bytes, Stack size 0 bytes, startup_stm32f103xb.o(.text))
<BR>[Address Reference Count : 1]<UL><LI> startup_stm32f103xb.o(RESET)
</UL>
<P><STRONG><a name="[2e]"></a>TIM1_UP_IRQHandler</STRONG> (Thumb, 0 bytes, Stack size 0 bytes, startup_stm32f103xb.o(.text))
<BR>[Address Reference Count : 1]<UL><LI> startup_stm32f103xb.o(RESET)
</UL>
<P><STRONG><a name="[31]"></a>TIM2_IRQHandler</STRONG> (Thumb, 0 bytes, Stack size 0 bytes, startup_stm32f103xb.o(.text))
<BR>[Address Reference Count : 1]<UL><LI> startup_stm32f103xb.o(RESET)
</UL>
<P><STRONG><a name="[32]"></a>TIM3_IRQHandler</STRONG> (Thumb, 0 bytes, Stack size 0 bytes, startup_stm32f103xb.o(.text))
<BR>[Address Reference Count : 1]<UL><LI> startup_stm32f103xb.o(RESET)
</UL>
<P><STRONG><a name="[33]"></a>TIM4_IRQHandler</STRONG> (Thumb, 0 bytes, Stack size 0 bytes, startup_stm32f103xb.o(.text))
<BR>[Address Reference Count : 1]<UL><LI> startup_stm32f103xb.o(RESET)
</UL>
<P><STRONG><a name="[3a]"></a>USART1_IRQHandler</STRONG> (Thumb, 0 bytes, Stack size 0 bytes, startup_stm32f103xb.o(.text))
<BR>[Address Reference Count : 1]<UL><LI> startup_stm32f103xb.o(RESET)
</UL>
<P><STRONG><a name="[3c]"></a>USART3_IRQHandler</STRONG> (Thumb, 0 bytes, Stack size 0 bytes, startup_stm32f103xb.o(.text))
<BR>[Address Reference Count : 1]<UL><LI> startup_stm32f103xb.o(RESET)
</UL>
<P><STRONG><a name="[3f]"></a>USBWakeUp_IRQHandler</STRONG> (Thumb, 0 bytes, Stack size 0 bytes, startup_stm32f103xb.o(.text))
<BR>[Address Reference Count : 1]<UL><LI> startup_stm32f103xb.o(RESET)
</UL>
<P><STRONG><a name="[28]"></a>USB_HP_CAN1_TX_IRQHandler</STRONG> (Thumb, 0 bytes, Stack size 0 bytes, startup_stm32f103xb.o(.text))
<BR>[Address Reference Count : 1]<UL><LI> startup_stm32f103xb.o(RESET)
</UL>
<P><STRONG><a name="[15]"></a>WWDG_IRQHandler</STRONG> (Thumb, 0 bytes, Stack size 0 bytes, startup_stm32f103xb.o(.text))
<BR>[Address Reference Count : 1]<UL><LI> startup_stm32f103xb.o(RESET)
</UL>
<P><STRONG><a name="[75]"></a>__user_initial_stackheap</STRONG> (Thumb, 0 bytes, Stack size unknown bytes, startup_stm32f103xb.o(.text))
<BR><BR>[Called By]<UL><LI><a href="#[60]">&gt;&gt;</a>&nbsp;&nbsp;&nbsp;__user_setup_stackheap
</UL>

<P><STRONG><a name="[82]"></a>__aeabi_llsr</STRONG> (Thumb, 0 bytes, Stack size 0 bytes, llushr.o(.text))
<BR><BR>[Called By]<UL><LI><a href="#[81]">&gt;&gt;</a>&nbsp;&nbsp;&nbsp;HAL_FLASH_Program
</UL>

<P><STRONG><a name="[1bf]"></a>_ll_ushift_r</STRONG> (Thumb, 38 bytes, Stack size 0 bytes, llushr.o(.text), UNUSED)

<P><STRONG><a name="[191]"></a>memcmp</STRONG> (Thumb, 88 bytes, Stack size 8 bytes, memcmp.o(.text))
<BR><BR>[Stack]<UL><LI>Max Depth = 8<LI>Call Chain = memcmp
</UL>
<BR>[Called By]<UL><LI><a href="#[57]">&gt;&gt;</a>&nbsp;&nbsp;&nbsp;write_dir
<LI><a href="#[110]">&gt;&gt;</a>&nbsp;&nbsp;&nbsp;vfs_user_file_change_handler
</UL>

<P><STRONG><a name="[fd]"></a>strlen</STRONG> (Thumb, 62 bytes, Stack size 8 bytes, strlen.o(.text))
<BR><BR>[Stack]<UL><LI>Max Depth = 8<LI>Call Chain = strlen
</UL>
<BR>[Called By]<UL><LI><a href="#[13a]">&gt;&gt;</a>&nbsp;&nbsp;&nbsp;info_init
<LI><a href="#[f2]">&gt;&gt;</a>&nbsp;&nbsp;&nbsp;config_ram_set_assert
<LI><a href="#[f1]">&gt;&gt;</a>&nbsp;&nbsp;&nbsp;config_ram_get_assert
<LI><a href="#[15c]">&gt;&gt;</a>&nbsp;&nbsp;&nbsp;util_write_string_in_region
<LI><a href="#[104]">&gt;&gt;</a>&nbsp;&nbsp;&nbsp;expand_info
</UL>

<P><STRONG><a name="[16d]"></a>strncmp</STRONG> (Thumb, 150 bytes, Stack size 16 bytes, strncmp.o(.text))
<BR><BR>[Stack]<UL><LI>Max Depth = 16<LI>Call Chain = strncmp
</UL>
<BR>[Called By]<UL><LI><a href="#[113]">&gt;&gt;</a>&nbsp;&nbsp;&nbsp;stream_type_from_name
</UL>

<P><STRONG><a name="[13d]"></a>strcat</STRONG> (Thumb, 24 bytes, Stack size 0 bytes, strcat.o(.text))
<BR><BR>[Called By]<UL><LI><a href="#[13a]">&gt;&gt;</a>&nbsp;&nbsp;&nbsp;info_init
</UL>

<P><STRONG><a name="[6d]"></a>__aeabi_memcpy</STRONG> (Thumb, 0 bytes, Stack size 0 bytes, rt_memcpy_v6.o(.text))
<BR><BR>[Called By]<UL><LI><a href="#[126]">&gt;&gt;</a>&nbsp;&nbsp;&nbsp;flash_manager_data
<LI><a href="#[15b]">&gt;&gt;</a>&nbsp;&nbsp;&nbsp;parse_hex_blob
<LI><a href="#[122]">&gt;&gt;</a>&nbsp;&nbsp;&nbsp;flash_decoder_write
<LI><a href="#[5]">&gt;&gt;</a>&nbsp;&nbsp;&nbsp;write_bin
<LI><a href="#[f2]">&gt;&gt;</a>&nbsp;&nbsp;&nbsp;config_ram_set_assert
<LI><a href="#[f1]">&gt;&gt;</a>&nbsp;&nbsp;&nbsp;config_ram_get_assert
<LI><a href="#[10f]">&gt;&gt;</a>&nbsp;&nbsp;&nbsp;util_write_in_region
<LI><a href="#[f9]">&gt;&gt;</a>&nbsp;&nbsp;&nbsp;config_init
<LI><a href="#[57]">&gt;&gt;</a>&nbsp;&nbsp;&nbsp;write_dir
<LI><a href="#[54]">&gt;&gt;</a>&nbsp;&nbsp;&nbsp;read_mbr
<LI><a href="#[55]">&gt;&gt;</a>&nbsp;&nbsp;&nbsp;read_fat
<LI><a href="#[56]">&gt;&gt;</a>&nbsp;&nbsp;&nbsp;read_dir
<LI><a href="#[18a]">&gt;&gt;</a>&nbsp;&nbsp;&nbsp;vfs_init
<LI><a href="#[187]">&gt;&gt;</a>&nbsp;&nbsp;&nbsp;vfs_create_file
<LI><a href="#[104]">&gt;&gt;</a>&nbsp;&nbsp;&nbsp;expand_info
<LI><a href="#[17b]">&gt;&gt;</a>&nbsp;&nbsp;&nbsp;usbd_class_init
<LI><a href="#[6c]">&gt;&gt;</a>&nbsp;&nbsp;&nbsp;__rt_memmove
</UL>

<P><STRONG><a name="[6a]"></a>__rt_memcpy</STRONG> (Thumb, 138 bytes, Stack size 0 bytes, rt_memcpy_v6.o(.text), UNUSED)
<BR><BR>[Calls]<UL><LI><a href="#[6b]">&gt;&gt;</a>&nbsp;&nbsp;&nbsp;__aeabi_memcpy4
</UL>

<P><STRONG><a name="[1c0]"></a>_memcpy_lastbytes</STRONG> (Thumb, 0 bytes, Stack size unknown bytes, rt_memcpy_v6.o(.text), UNUSED)

<P><STRONG><a name="[105]"></a>__aeabi_memmove</STRONG> (Thumb, 0 bytes, Stack size 0 bytes, rt_memmove_v6.o(.text))
<BR><BR>[Called By]<UL><LI><a href="#[104]">&gt;&gt;</a>&nbsp;&nbsp;&nbsp;expand_info
</UL>

<P><STRONG><a name="[6c]"></a>__rt_memmove</STRONG> (Thumb, 132 bytes, Stack size 0 bytes, rt_memmove_v6.o(.text), UNUSED)
<BR><BR>[Calls]<UL><LI><a href="#[6e]">&gt;&gt;</a>&nbsp;&nbsp;&nbsp;__memmove_aligned
<LI><a href="#[6d]">&gt;&gt;</a>&nbsp;&nbsp;&nbsp;__aeabi_memcpy
</UL>

<P><STRONG><a name="[1c1]"></a>__memmove_lastfew</STRONG> (Thumb, 0 bytes, Stack size unknown bytes, rt_memmove_v6.o(.text), UNUSED)

<P><STRONG><a name="[6b]"></a>__aeabi_memcpy4</STRONG> (Thumb, 0 bytes, Stack size 8 bytes, rt_memcpy_w.o(.text))
<BR><BR>[Stack]<UL><LI>Max Depth = 8<LI>Call Chain = __aeabi_memcpy4
</UL>
<BR>[Called By]<UL><LI><a href="#[42]">&gt;&gt;</a>&nbsp;&nbsp;&nbsp;file_change_handler
<LI><a href="#[f4]">&gt;&gt;</a>&nbsp;&nbsp;&nbsp;build_filesystem
<LI><a href="#[18a]">&gt;&gt;</a>&nbsp;&nbsp;&nbsp;vfs_init
<LI><a href="#[17b]">&gt;&gt;</a>&nbsp;&nbsp;&nbsp;usbd_class_init
<LI><a href="#[73]">&gt;&gt;</a>&nbsp;&nbsp;&nbsp;__rt_memmove_w
<LI><a href="#[6a]">&gt;&gt;</a>&nbsp;&nbsp;&nbsp;__rt_memcpy
</UL>

<P><STRONG><a name="[1c2]"></a>__aeabi_memcpy8</STRONG> (Thumb, 0 bytes, Stack size 8 bytes, rt_memcpy_w.o(.text), UNUSED)

<P><STRONG><a name="[1c3]"></a>__rt_memcpy_w</STRONG> (Thumb, 100 bytes, Stack size 8 bytes, rt_memcpy_w.o(.text), UNUSED)

<P><STRONG><a name="[1c4]"></a>_memcpy_lastbytes_aligned</STRONG> (Thumb, 0 bytes, Stack size unknown bytes, rt_memcpy_w.o(.text), UNUSED)

<P><STRONG><a name="[6f]"></a>__aeabi_memset</STRONG> (Thumb, 16 bytes, Stack size 0 bytes, aeabi_memset.o(.text))
<BR><BR>[Calls]<UL><LI><a href="#[70]">&gt;&gt;</a>&nbsp;&nbsp;&nbsp;_memset
</UL>
<BR>[Called By]<UL><LI><a href="#[128]">&gt;&gt;</a>&nbsp;&nbsp;&nbsp;setup_next_sector
<LI><a href="#[129]">&gt;&gt;</a>&nbsp;&nbsp;&nbsp;flush_current_block
<LI><a href="#[11d]">&gt;&gt;</a>&nbsp;&nbsp;&nbsp;flash_manager_uninit
<LI><a href="#[125]">&gt;&gt;</a>&nbsp;&nbsp;&nbsp;flash_manager_init
<LI><a href="#[15b]">&gt;&gt;</a>&nbsp;&nbsp;&nbsp;parse_hex_blob
<LI><a href="#[121]">&gt;&gt;</a>&nbsp;&nbsp;&nbsp;flash_decoder_open
<LI><a href="#[178]">&gt;&gt;</a>&nbsp;&nbsp;&nbsp;util_write_uint32_zp
</UL>

<P><STRONG><a name="[fa]"></a>__aeabi_memclr</STRONG> (Thumb, 0 bytes, Stack size 0 bytes, rt_memclr.o(.text))
<BR><BR>[Called By]<UL><LI><a href="#[13c]">&gt;&gt;</a>&nbsp;&nbsp;&nbsp;setup_basics
<LI><a href="#[4c]">&gt;&gt;</a>&nbsp;&nbsp;&nbsp;init
<LI><a href="#[152]">&gt;&gt;</a>&nbsp;&nbsp;&nbsp;reset_hex_parser
<LI><a href="#[15b]">&gt;&gt;</a>&nbsp;&nbsp;&nbsp;parse_hex_blob
<LI><a href="#[8]">&gt;&gt;</a>&nbsp;&nbsp;&nbsp;open_hex
<LI><a href="#[f2]">&gt;&gt;</a>&nbsp;&nbsp;&nbsp;config_ram_set_assert
<LI><a href="#[f1]">&gt;&gt;</a>&nbsp;&nbsp;&nbsp;config_ram_get_assert
<LI><a href="#[fc]">&gt;&gt;</a>&nbsp;&nbsp;&nbsp;config_ram_clear_assert
<LI><a href="#[f9]">&gt;&gt;</a>&nbsp;&nbsp;&nbsp;config_init
<LI><a href="#[45]">&gt;&gt;</a>&nbsp;&nbsp;&nbsp;read_zero
<LI><a href="#[56]">&gt;&gt;</a>&nbsp;&nbsp;&nbsp;read_dir
<LI><a href="#[181]">&gt;&gt;</a>&nbsp;&nbsp;&nbsp;vfs_read
</UL>

<P><STRONG><a name="[71]"></a>__rt_memclr</STRONG> (Thumb, 68 bytes, Stack size 0 bytes, rt_memclr.o(.text), UNUSED)
<BR><BR>[Calls]<UL><LI><a href="#[72]">&gt;&gt;</a>&nbsp;&nbsp;&nbsp;_memset_w
</UL>

<P><STRONG><a name="[70]"></a>_memset</STRONG> (Thumb, 0 bytes, Stack size unknown bytes, rt_memclr.o(.text))
<BR><BR>[Called By]<UL><LI><a href="#[6f]">&gt;&gt;</a>&nbsp;&nbsp;&nbsp;__aeabi_memset
</UL>

<P><STRONG><a name="[10e]"></a>__aeabi_memclr4</STRONG> (Thumb, 0 bytes, Stack size 4 bytes, rt_memclr_w.o(.text))
<BR><BR>[Stack]<UL><LI>Max Depth = 4<LI>Call Chain = __aeabi_memclr4
</UL>
<BR>[Called By]<UL><LI><a href="#[13a]">&gt;&gt;</a>&nbsp;&nbsp;&nbsp;info_init
<LI><a href="#[13c]">&gt;&gt;</a>&nbsp;&nbsp;&nbsp;setup_basics
<LI><a href="#[16c]">&gt;&gt;</a>&nbsp;&nbsp;&nbsp;stream_open
<LI><a href="#[140]">&gt;&gt;</a>&nbsp;&nbsp;&nbsp;sdk_init
<LI><a href="#[18a]">&gt;&gt;</a>&nbsp;&nbsp;&nbsp;vfs_init
<LI><a href="#[10d]">&gt;&gt;</a>&nbsp;&nbsp;&nbsp;expand_string_in_region
</UL>

<P><STRONG><a name="[1c5]"></a>__aeabi_memclr8</STRONG> (Thumb, 0 bytes, Stack size 4 bytes, rt_memclr_w.o(.text), UNUSED)

<P><STRONG><a name="[1c6]"></a>__rt_memclr_w</STRONG> (Thumb, 78 bytes, Stack size 4 bytes, rt_memclr_w.o(.text), UNUSED)

<P><STRONG><a name="[72]"></a>_memset_w</STRONG> (Thumb, 0 bytes, Stack size unknown bytes, rt_memclr_w.o(.text), UNUSED)
<BR><BR>[Called By]<UL><LI><a href="#[71]">&gt;&gt;</a>&nbsp;&nbsp;&nbsp;__rt_memclr
</UL>

<P><STRONG><a name="[1c7]"></a>__use_two_region_memory</STRONG> (Thumb, 2 bytes, Stack size 0 bytes, heapauxi.o(.text), UNUSED)

<P><STRONG><a name="[1c8]"></a>__rt_heap_escrow$2region</STRONG> (Thumb, 2 bytes, Stack size 0 bytes, heapauxi.o(.text), UNUSED)

<P><STRONG><a name="[1c9]"></a>__rt_heap_expand$2region</STRONG> (Thumb, 2 bytes, Stack size 0 bytes, heapauxi.o(.text), UNUSED)

<P><STRONG><a name="[1ca]"></a>__aeabi_memmove4</STRONG> (Thumb, 0 bytes, Stack size 8 bytes, rt_memmove_w.o(.text), UNUSED)

<P><STRONG><a name="[1cb]"></a>__aeabi_memmove8</STRONG> (Thumb, 0 bytes, Stack size 8 bytes, rt_memmove_w.o(.text), UNUSED)

<P><STRONG><a name="[73]"></a>__rt_memmove_w</STRONG> (Thumb, 122 bytes, Stack size 8 bytes, rt_memmove_w.o(.text), UNUSED)
<BR><BR>[Calls]<UL><LI><a href="#[6b]">&gt;&gt;</a>&nbsp;&nbsp;&nbsp;__aeabi_memcpy4
</UL>

<P><STRONG><a name="[6e]"></a>__memmove_aligned</STRONG> (Thumb, 0 bytes, Stack size unknown bytes, rt_memmove_w.o(.text), UNUSED)
<BR><BR>[Called By]<UL><LI><a href="#[6c]">&gt;&gt;</a>&nbsp;&nbsp;&nbsp;__rt_memmove
</UL>

<P><STRONG><a name="[1cc]"></a>__memmove_lastfew_aligned</STRONG> (Thumb, 0 bytes, Stack size unknown bytes, rt_memmove_w.o(.text), UNUSED)

<P><STRONG><a name="[60]"></a>__user_setup_stackheap</STRONG> (Thumb, 74 bytes, Stack size 8 bytes, sys_stackheap_outer.o(.text))
<BR><BR>[Stack]<UL><LI>Max Depth = 8 + Unknown Stack Size
<LI>Call Chain = __user_setup_stackheap
</UL>
<BR>[Calls]<UL><LI><a href="#[75]">&gt;&gt;</a>&nbsp;&nbsp;&nbsp;__user_initial_stackheap
<LI><a href="#[74]">&gt;&gt;</a>&nbsp;&nbsp;&nbsp;__user_perproc_libspace
</UL>
<BR>[Called By]<UL><LI><a href="#[5f]">&gt;&gt;</a>&nbsp;&nbsp;&nbsp;__rt_entry_sh
</UL>

<P><STRONG><a name="[65]"></a>exit</STRONG> (Thumb, 18 bytes, Stack size 8 bytes, exit.o(.text))
<BR><BR>[Stack]<UL><LI>Max Depth = 8 + Unknown Stack Size
<LI>Call Chain = exit
</UL>
<BR>[Calls]<UL><LI><a href="#[76]">&gt;&gt;</a>&nbsp;&nbsp;&nbsp;__rt_exit
</UL>
<BR>[Called By]<UL><LI><a href="#[63]">&gt;&gt;</a>&nbsp;&nbsp;&nbsp;__rt_entry_main
</UL>

<P><STRONG><a name="[1cd]"></a>__user_libspace</STRONG> (Thumb, 8 bytes, Stack size 0 bytes, libspace.o(.text), UNUSED)

<P><STRONG><a name="[74]"></a>__user_perproc_libspace</STRONG> (Thumb, 0 bytes, Stack size 0 bytes, libspace.o(.text))
<BR><BR>[Called By]<UL><LI><a href="#[60]">&gt;&gt;</a>&nbsp;&nbsp;&nbsp;__user_setup_stackheap
</UL>

<P><STRONG><a name="[1ce]"></a>__user_perthread_libspace</STRONG> (Thumb, 0 bytes, Stack size 0 bytes, libspace.o(.text), UNUSED)

<P><STRONG><a name="[69]"></a>_sys_exit</STRONG> (Thumb, 8 bytes, Stack size 0 bytes, sys_exit.o(.text))
<BR><BR>[Called By]<UL><LI><a href="#[68]">&gt;&gt;</a>&nbsp;&nbsp;&nbsp;__rt_exit_exit
</UL>

<P><STRONG><a name="[1cf]"></a>__I$use$semihosting</STRONG> (Thumb, 0 bytes, Stack size 0 bytes, use_no_semi.o(.text), UNUSED)

<P><STRONG><a name="[1d0]"></a>__use_no_semihosting_swi</STRONG> (Thumb, 2 bytes, Stack size 0 bytes, use_no_semi.o(.text), UNUSED)

<P><STRONG><a name="[1d1]"></a>__semihosting_library_function</STRONG> (Thumb, 0 bytes, Stack size unknown bytes, indicate_semi.o(.text), UNUSED)

<P><STRONG><a name="[a5]"></a>EP_Reset</STRONG> (Thumb, 34 bytes, Stack size 0 bytes, usbd_stm32f103.o(i.EP_Reset))
<BR><BR>[Called By]<UL><LI><a href="#[eb]">&gt;&gt;</a>&nbsp;&nbsp;&nbsp;USBD_ResetEP
<LI><a href="#[a4]">&gt;&gt;</a>&nbsp;&nbsp;&nbsp;USBD_ClrStallEP
</UL>

<P><STRONG><a name="[a6]"></a>EP_Status</STRONG> (Thumb, 54 bytes, Stack size 12 bytes, usbd_stm32f103.o(i.EP_Status))
<BR><BR>[Stack]<UL><LI>Max Depth = 12<LI>Call Chain = EP_Status
</UL>
<BR>[Called By]<UL><LI><a href="#[a8]">&gt;&gt;</a>&nbsp;&nbsp;&nbsp;USBD_WriteEP
<LI><a href="#[bb]">&gt;&gt;</a>&nbsp;&nbsp;&nbsp;USBD_SetStallEP
<LI><a href="#[aa]">&gt;&gt;</a>&nbsp;&nbsp;&nbsp;USBD_ReadEP
<LI><a href="#[ac]">&gt;&gt;</a>&nbsp;&nbsp;&nbsp;USBD_EnableEP
<LI><a href="#[ab]">&gt;&gt;</a>&nbsp;&nbsp;&nbsp;USBD_DisableEP
<LI><a href="#[a4]">&gt;&gt;</a>&nbsp;&nbsp;&nbsp;USBD_ClrStallEP
</UL>

<P><STRONG><a name="[77]"></a>EraseSector</STRONG> (Thumb, 46 bytes, Stack size 32 bytes, flash.o(i.EraseSector))
<BR><BR>[Stack]<UL><LI>Max Depth = 80<LI>Call Chain = EraseSector &rArr; HAL_FLASHEx_Erase &rArr; FLASH_WaitForLastOperation
</UL>
<BR>[Calls]<UL><LI><a href="#[78]">&gt;&gt;</a>&nbsp;&nbsp;&nbsp;HAL_FLASH_Unlock
<LI><a href="#[7a]">&gt;&gt;</a>&nbsp;&nbsp;&nbsp;HAL_FLASH_Lock
<LI><a href="#[79]">&gt;&gt;</a>&nbsp;&nbsp;&nbsp;HAL_FLASHEx_Erase
</UL>
<BR>[Called By]<UL><LI><a href="#[102]">&gt;&gt;</a>&nbsp;&nbsp;&nbsp;flash_erase_sector
</UL>

<P><STRONG><a name="[80]"></a>FLASH_PageErase</STRONG> (Thumb, 28 bytes, Stack size 0 bytes, stm32f1xx_hal_flash_ex.o(i.FLASH_PageErase))
<BR><BR>[Called By]<UL><LI><a href="#[79]">&gt;&gt;</a>&nbsp;&nbsp;&nbsp;HAL_FLASHEx_Erase
</UL>

<P><STRONG><a name="[7b]"></a>FLASH_WaitForLastOperation</STRONG> (Thumb, 80 bytes, Stack size 16 bytes, stm32f1xx_hal_flash.o(i.FLASH_WaitForLastOperation))
<BR><BR>[Stack]<UL><LI>Max Depth = 16<LI>Call Chain = FLASH_WaitForLastOperation
</UL>
<BR>[Calls]<UL><LI><a href="#[7c]">&gt;&gt;</a>&nbsp;&nbsp;&nbsp;HAL_GetTick
<LI><a href="#[7d]">&gt;&gt;</a>&nbsp;&nbsp;&nbsp;FLASH_SetErrorCode
</UL>
<BR>[Called By]<UL><LI><a href="#[81]">&gt;&gt;</a>&nbsp;&nbsp;&nbsp;HAL_FLASH_Program
<LI><a href="#[79]">&gt;&gt;</a>&nbsp;&nbsp;&nbsp;HAL_FLASHEx_Erase
</UL>

<P><STRONG><a name="[7e]"></a>HAL_Delay</STRONG> (Thumb, 22 bytes, Stack size 16 bytes, stm32f1xx_hal.o(i.HAL_Delay))
<BR><BR>[Stack]<UL><LI>Max Depth = 16<LI>Call Chain = HAL_Delay
</UL>
<BR>[Calls]<UL><LI><a href="#[7c]">&gt;&gt;</a>&nbsp;&nbsp;&nbsp;HAL_GetTick
</UL>
<BR>[Called By]<UL><LI><a href="#[8e]">&gt;&gt;</a>&nbsp;&nbsp;&nbsp;HAL_RCC_OscConfig
</UL>

<P><STRONG><a name="[79]"></a>HAL_FLASHEx_Erase</STRONG> (Thumb, 160 bytes, Stack size 32 bytes, stm32f1xx_hal_flash_ex.o(i.HAL_FLASHEx_Erase))
<BR><BR>[Stack]<UL><LI>Max Depth = 48<LI>Call Chain = HAL_FLASHEx_Erase &rArr; FLASH_WaitForLastOperation
</UL>
<BR>[Calls]<UL><LI><a href="#[7f]">&gt;&gt;</a>&nbsp;&nbsp;&nbsp;FLASH_MassErase
<LI><a href="#[80]">&gt;&gt;</a>&nbsp;&nbsp;&nbsp;FLASH_PageErase
<LI><a href="#[7b]">&gt;&gt;</a>&nbsp;&nbsp;&nbsp;FLASH_WaitForLastOperation
</UL>
<BR>[Called By]<UL><LI><a href="#[77]">&gt;&gt;</a>&nbsp;&nbsp;&nbsp;EraseSector
</UL>

<P><STRONG><a name="[7a]"></a>HAL_FLASH_Lock</STRONG> (Thumb, 14 bytes, Stack size 0 bytes, stm32f1xx_hal_flash.o(i.HAL_FLASH_Lock))
<BR><BR>[Called By]<UL><LI><a href="#[9d]">&gt;&gt;</a>&nbsp;&nbsp;&nbsp;ProgramPage
<LI><a href="#[77]">&gt;&gt;</a>&nbsp;&nbsp;&nbsp;EraseSector
</UL>

<P><STRONG><a name="[81]"></a>HAL_FLASH_Program</STRONG> (Thumb, 122 bytes, Stack size 40 bytes, stm32f1xx_hal_flash.o(i.HAL_FLASH_Program))
<BR><BR>[Stack]<UL><LI>Max Depth = 56<LI>Call Chain = HAL_FLASH_Program &rArr; FLASH_WaitForLastOperation
</UL>
<BR>[Calls]<UL><LI><a href="#[7b]">&gt;&gt;</a>&nbsp;&nbsp;&nbsp;FLASH_WaitForLastOperation
<LI><a href="#[83]">&gt;&gt;</a>&nbsp;&nbsp;&nbsp;FLASH_Program_HalfWord
<LI><a href="#[82]">&gt;&gt;</a>&nbsp;&nbsp;&nbsp;__aeabi_llsr
</UL>
<BR>[Called By]<UL><LI><a href="#[9d]">&gt;&gt;</a>&nbsp;&nbsp;&nbsp;ProgramPage
</UL>

<P><STRONG><a name="[78]"></a>HAL_FLASH_Unlock</STRONG> (Thumb, 24 bytes, Stack size 0 bytes, stm32f1xx_hal_flash.o(i.HAL_FLASH_Unlock))
<BR><BR>[Called By]<UL><LI><a href="#[9d]">&gt;&gt;</a>&nbsp;&nbsp;&nbsp;ProgramPage
<LI><a href="#[77]">&gt;&gt;</a>&nbsp;&nbsp;&nbsp;EraseSector
</UL>

<P><STRONG><a name="[12c]"></a>HAL_GPIO_Init</STRONG> (Thumb, 422 bytes, Stack size 40 bytes, stm32f1xx_hal_gpio.o(i.HAL_GPIO_Init))
<BR><BR>[Stack]<UL><LI>Max Depth = 40<LI>Call Chain = HAL_GPIO_Init
</UL>
<BR>[Called By]<UL><LI><a href="#[12b]">&gt;&gt;</a>&nbsp;&nbsp;&nbsp;gpio_init
</UL>

<P><STRONG><a name="[12d]"></a>HAL_GPIO_WritePin</STRONG> (Thumb, 10 bytes, Stack size 0 bytes, stm32f1xx_hal_gpio.o(i.HAL_GPIO_WritePin))
<BR><BR>[Called By]<UL><LI><a href="#[131]">&gt;&gt;</a>&nbsp;&nbsp;&nbsp;gpio_set_msc_led
<LI><a href="#[130]">&gt;&gt;</a>&nbsp;&nbsp;&nbsp;gpio_set_hid_led
<LI><a href="#[12f]">&gt;&gt;</a>&nbsp;&nbsp;&nbsp;gpio_set_cdc_led
<LI><a href="#[12b]">&gt;&gt;</a>&nbsp;&nbsp;&nbsp;gpio_init
</UL>

<P><STRONG><a name="[7c]"></a>HAL_GetTick</STRONG> (Thumb, 34 bytes, Stack size 0 bytes, sdk.o(i.HAL_GetTick))
<BR><BR>[Called By]<UL><LI><a href="#[8e]">&gt;&gt;</a>&nbsp;&nbsp;&nbsp;HAL_RCC_OscConfig
<LI><a href="#[8c]">&gt;&gt;</a>&nbsp;&nbsp;&nbsp;HAL_RCC_ClockConfig
<LI><a href="#[7b]">&gt;&gt;</a>&nbsp;&nbsp;&nbsp;FLASH_WaitForLastOperation
<LI><a href="#[7e]">&gt;&gt;</a>&nbsp;&nbsp;&nbsp;HAL_Delay
</UL>

<P><STRONG><a name="[84]"></a>HAL_Init</STRONG> (Thumb, 32 bytes, Stack size 8 bytes, stm32f1xx_hal.o(i.HAL_Init))
<BR><BR>[Stack]<UL><LI>Max Depth = 76<LI>Call Chain = HAL_Init &rArr; HAL_InitTick &rArr; HAL_TIM_Base_Init &rArr; TIM_Base_SetConfig
</UL>
<BR>[Calls]<UL><LI><a href="#[86]">&gt;&gt;</a>&nbsp;&nbsp;&nbsp;HAL_InitTick
<LI><a href="#[87]">&gt;&gt;</a>&nbsp;&nbsp;&nbsp;HAL_MspInit
<LI><a href="#[85]">&gt;&gt;</a>&nbsp;&nbsp;&nbsp;HAL_NVIC_SetPriorityGrouping
</UL>
<BR>[Called By]<UL><LI><a href="#[140]">&gt;&gt;</a>&nbsp;&nbsp;&nbsp;sdk_init
</UL>

<P><STRONG><a name="[86]"></a>HAL_InitTick</STRONG> (Thumb, 146 bytes, Stack size 40 bytes, sdk.o(i.HAL_InitTick))
<BR><BR>[Stack]<UL><LI>Max Depth = 68<LI>Call Chain = HAL_InitTick &rArr; HAL_TIM_Base_Init &rArr; TIM_Base_SetConfig
</UL>
<BR>[Calls]<UL><LI><a href="#[8b]">&gt;&gt;</a>&nbsp;&nbsp;&nbsp;HAL_TIM_Base_Start
<LI><a href="#[8a]">&gt;&gt;</a>&nbsp;&nbsp;&nbsp;HAL_TIM_Base_Init
<LI><a href="#[89]">&gt;&gt;</a>&nbsp;&nbsp;&nbsp;HAL_TIM_Base_DeInit
<LI><a href="#[88]">&gt;&gt;</a>&nbsp;&nbsp;&nbsp;HAL_RCC_GetClockConfig
</UL>
<BR>[Called By]<UL><LI><a href="#[8c]">&gt;&gt;</a>&nbsp;&nbsp;&nbsp;HAL_RCC_ClockConfig
<LI><a href="#[84]">&gt;&gt;</a>&nbsp;&nbsp;&nbsp;HAL_Init
</UL>

<P><STRONG><a name="[87]"></a>HAL_MspInit</STRONG> (Thumb, 2 bytes, Stack size 0 bytes, stm32f1xx_hal.o(i.HAL_MspInit))
<BR><BR>[Called By]<UL><LI><a href="#[84]">&gt;&gt;</a>&nbsp;&nbsp;&nbsp;HAL_Init
</UL>

<P><STRONG><a name="[85]"></a>HAL_NVIC_SetPriorityGrouping</STRONG> (Thumb, 26 bytes, Stack size 0 bytes, stm32f1xx_hal_cortex.o(i.HAL_NVIC_SetPriorityGrouping))
<BR><BR>[Called By]<UL><LI><a href="#[84]">&gt;&gt;</a>&nbsp;&nbsp;&nbsp;HAL_Init
</UL>

<P><STRONG><a name="[8c]"></a>HAL_RCC_ClockConfig</STRONG> (Thumb, 366 bytes, Stack size 32 bytes, stm32f1xx_hal_rcc.o(i.HAL_RCC_ClockConfig))
<BR><BR>[Stack]<UL><LI>Max Depth = 100<LI>Call Chain = HAL_RCC_ClockConfig &rArr; HAL_InitTick &rArr; HAL_TIM_Base_Init &rArr; TIM_Base_SetConfig
</UL>
<BR>[Calls]<UL><LI><a href="#[86]">&gt;&gt;</a>&nbsp;&nbsp;&nbsp;HAL_InitTick
<LI><a href="#[7c]">&gt;&gt;</a>&nbsp;&nbsp;&nbsp;HAL_GetTick
<LI><a href="#[8d]">&gt;&gt;</a>&nbsp;&nbsp;&nbsp;HAL_RCC_GetSysClockFreq
</UL>
<BR>[Called By]<UL><LI><a href="#[140]">&gt;&gt;</a>&nbsp;&nbsp;&nbsp;sdk_init
</UL>

<P><STRONG><a name="[88]"></a>HAL_RCC_GetClockConfig</STRONG> (Thumb, 54 bytes, Stack size 0 bytes, stm32f1xx_hal_rcc.o(i.HAL_RCC_GetClockConfig))
<BR><BR>[Called By]<UL><LI><a href="#[86]">&gt;&gt;</a>&nbsp;&nbsp;&nbsp;HAL_InitTick
<LI><a href="#[12e]">&gt;&gt;</a>&nbsp;&nbsp;&nbsp;output_clock_enable
</UL>

<P><STRONG><a name="[8d]"></a>HAL_RCC_GetSysClockFreq</STRONG> (Thumb, 102 bytes, Stack size 28 bytes, stm32f1xx_hal_rcc.o(i.HAL_RCC_GetSysClockFreq))
<BR><BR>[Stack]<UL><LI>Max Depth = 28<LI>Call Chain = HAL_RCC_GetSysClockFreq
</UL>
<BR>[Called By]<UL><LI><a href="#[8c]">&gt;&gt;</a>&nbsp;&nbsp;&nbsp;HAL_RCC_ClockConfig
</UL>

<P><STRONG><a name="[8e]"></a>HAL_RCC_OscConfig</STRONG> (Thumb, 1402 bytes, Stack size 40 bytes, stm32f1xx_hal_rcc.o(i.HAL_RCC_OscConfig))
<BR><BR>[Stack]<UL><LI>Max Depth = 56<LI>Call Chain = HAL_RCC_OscConfig &rArr; HAL_Delay
</UL>
<BR>[Calls]<UL><LI><a href="#[7c]">&gt;&gt;</a>&nbsp;&nbsp;&nbsp;HAL_GetTick
<LI><a href="#[7e]">&gt;&gt;</a>&nbsp;&nbsp;&nbsp;HAL_Delay
</UL>
<BR>[Called By]<UL><LI><a href="#[140]">&gt;&gt;</a>&nbsp;&nbsp;&nbsp;sdk_init
</UL>

<P><STRONG><a name="[89]"></a>HAL_TIM_Base_DeInit</STRONG> (Thumb, 56 bytes, Stack size 8 bytes, stm32f1xx_hal_tim.o(i.HAL_TIM_Base_DeInit))
<BR><BR>[Stack]<UL><LI>Max Depth = 8<LI>Call Chain = HAL_TIM_Base_DeInit
</UL>
<BR>[Calls]<UL><LI><a href="#[8f]">&gt;&gt;</a>&nbsp;&nbsp;&nbsp;HAL_TIM_Base_MspDeInit
</UL>
<BR>[Called By]<UL><LI><a href="#[86]">&gt;&gt;</a>&nbsp;&nbsp;&nbsp;HAL_InitTick
</UL>

<P><STRONG><a name="[8a]"></a>HAL_TIM_Base_Init</STRONG> (Thumb, 54 bytes, Stack size 8 bytes, stm32f1xx_hal_tim.o(i.HAL_TIM_Base_Init))
<BR><BR>[Stack]<UL><LI>Max Depth = 28<LI>Call Chain = HAL_TIM_Base_Init &rArr; TIM_Base_SetConfig
</UL>
<BR>[Calls]<UL><LI><a href="#[90]">&gt;&gt;</a>&nbsp;&nbsp;&nbsp;HAL_TIM_Base_MspInit
<LI><a href="#[91]">&gt;&gt;</a>&nbsp;&nbsp;&nbsp;TIM_Base_SetConfig
</UL>
<BR>[Called By]<UL><LI><a href="#[86]">&gt;&gt;</a>&nbsp;&nbsp;&nbsp;HAL_InitTick
</UL>

<P><STRONG><a name="[8f]"></a>HAL_TIM_Base_MspDeInit</STRONG> (Thumb, 2 bytes, Stack size 0 bytes, stm32f1xx_hal_tim.o(i.HAL_TIM_Base_MspDeInit))
<BR><BR>[Called By]<UL><LI><a href="#[89]">&gt;&gt;</a>&nbsp;&nbsp;&nbsp;HAL_TIM_Base_DeInit
</UL>

<P><STRONG><a name="[90]"></a>HAL_TIM_Base_MspInit</STRONG> (Thumb, 2 bytes, Stack size 0 bytes, stm32f1xx_hal_tim.o(i.HAL_TIM_Base_MspInit))
<BR><BR>[Called By]<UL><LI><a href="#[8a]">&gt;&gt;</a>&nbsp;&nbsp;&nbsp;HAL_TIM_Base_Init
</UL>

<P><STRONG><a name="[8b]"></a>HAL_TIM_Base_Start</STRONG> (Thumb, 26 bytes, Stack size 0 bytes, stm32f1xx_hal_tim.o(i.HAL_TIM_Base_Start))
<BR><BR>[Called By]<UL><LI><a href="#[86]">&gt;&gt;</a>&nbsp;&nbsp;&nbsp;HAL_InitTick
</UL>

<P><STRONG><a name="[92]"></a>HAL_TIM_PWM_ConfigChannel</STRONG> (Thumb, 208 bytes, Stack size 16 bytes, stm32f1xx_hal_tim.o(i.HAL_TIM_PWM_ConfigChannel))
<BR><BR>[Stack]<UL><LI>Max Depth = 28<LI>Call Chain = HAL_TIM_PWM_ConfigChannel &rArr; TIM_OC4_SetConfig
</UL>
<BR>[Calls]<UL><LI><a href="#[96]">&gt;&gt;</a>&nbsp;&nbsp;&nbsp;TIM_OC4_SetConfig
<LI><a href="#[95]">&gt;&gt;</a>&nbsp;&nbsp;&nbsp;TIM_OC3_SetConfig
<LI><a href="#[93]">&gt;&gt;</a>&nbsp;&nbsp;&nbsp;TIM_OC1_SetConfig
<LI><a href="#[94]">&gt;&gt;</a>&nbsp;&nbsp;&nbsp;TIM_OC2_SetConfig
</UL>
<BR>[Called By]<UL><LI><a href="#[12e]">&gt;&gt;</a>&nbsp;&nbsp;&nbsp;output_clock_enable
</UL>

<P><STRONG><a name="[97]"></a>HAL_TIM_PWM_DeInit</STRONG> (Thumb, 56 bytes, Stack size 8 bytes, stm32f1xx_hal_tim.o(i.HAL_TIM_PWM_DeInit))
<BR><BR>[Stack]<UL><LI>Max Depth = 8<LI>Call Chain = HAL_TIM_PWM_DeInit
</UL>
<BR>[Calls]<UL><LI><a href="#[98]">&gt;&gt;</a>&nbsp;&nbsp;&nbsp;HAL_TIM_PWM_MspDeInit
</UL>
<BR>[Called By]<UL><LI><a href="#[12e]">&gt;&gt;</a>&nbsp;&nbsp;&nbsp;output_clock_enable
</UL>

<P><STRONG><a name="[99]"></a>HAL_TIM_PWM_Init</STRONG> (Thumb, 54 bytes, Stack size 8 bytes, stm32f1xx_hal_tim.o(i.HAL_TIM_PWM_Init))
<BR><BR>[Stack]<UL><LI>Max Depth = 28<LI>Call Chain = HAL_TIM_PWM_Init &rArr; TIM_Base_SetConfig
</UL>
<BR>[Calls]<UL><LI><a href="#[9a]">&gt;&gt;</a>&nbsp;&nbsp;&nbsp;HAL_TIM_PWM_MspInit
<LI><a href="#[91]">&gt;&gt;</a>&nbsp;&nbsp;&nbsp;TIM_Base_SetConfig
</UL>
<BR>[Called By]<UL><LI><a href="#[12e]">&gt;&gt;</a>&nbsp;&nbsp;&nbsp;output_clock_enable
</UL>

<P><STRONG><a name="[98]"></a>HAL_TIM_PWM_MspDeInit</STRONG> (Thumb, 2 bytes, Stack size 0 bytes, stm32f1xx_hal_tim.o(i.HAL_TIM_PWM_MspDeInit))
<BR><BR>[Called By]<UL><LI><a href="#[97]">&gt;&gt;</a>&nbsp;&nbsp;&nbsp;HAL_TIM_PWM_DeInit
</UL>

<P><STRONG><a name="[9a]"></a>HAL_TIM_PWM_MspInit</STRONG> (Thumb, 2 bytes, Stack size 0 bytes, stm32f1xx_hal_tim.o(i.HAL_TIM_PWM_MspInit))
<BR><BR>[Called By]<UL><LI><a href="#[99]">&gt;&gt;</a>&nbsp;&nbsp;&nbsp;HAL_TIM_PWM_Init
</UL>

<P><STRONG><a name="[9b]"></a>HAL_TIM_PWM_Start</STRONG> (Thumb, 42 bytes, Stack size 8 bytes, stm32f1xx_hal_tim.o(i.HAL_TIM_PWM_Start))
<BR><BR>[Stack]<UL><LI>Max Depth = 16<LI>Call Chain = HAL_TIM_PWM_Start &rArr; TIM_CCxChannelCmd
</UL>
<BR>[Calls]<UL><LI><a href="#[9c]">&gt;&gt;</a>&nbsp;&nbsp;&nbsp;TIM_CCxChannelCmd
</UL>
<BR>[Called By]<UL><LI><a href="#[12e]">&gt;&gt;</a>&nbsp;&nbsp;&nbsp;output_clock_enable
</UL>

<P><STRONG><a name="[d]"></a>HardFault_Handler</STRONG> (Thumb, 4 bytes, Stack size 0 bytes, hardfault_handler.o(i.HardFault_Handler))
<BR><BR>[Stack]<UL><LI>Max Depth = 64<LI>Call Chain = HardFault_Handler &rArr; _fault_handler &rArr; _util_assert &rArr; config_ram_get_assert &rArr; strlen
</UL>
<BR>[Calls]<UL><LI><a href="#[5b]">&gt;&gt;</a>&nbsp;&nbsp;&nbsp;_fault_handler
</UL>
<BR>[Address Reference Count : 1]<UL><LI> startup_stm32f103xb.o(RESET)
</UL>
<P><STRONG><a name="[13e]"></a>Init</STRONG> (Thumb, 4 bytes, Stack size 0 bytes, flash.o(i.Init))
<BR><BR>[Called By]<UL><LI><a href="#[4c]">&gt;&gt;</a>&nbsp;&nbsp;&nbsp;init
</UL>

<P><STRONG><a name="[9d]"></a>ProgramPage</STRONG> (Thumb, 78 bytes, Stack size 24 bytes, flash.o(i.ProgramPage))
<BR><BR>[Stack]<UL><LI>Max Depth = 88<LI>Call Chain = ProgramPage &rArr; _util_assert &rArr; config_ram_get_assert &rArr; strlen
</UL>
<BR>[Calls]<UL><LI><a href="#[9e]">&gt;&gt;</a>&nbsp;&nbsp;&nbsp;_util_assert
<LI><a href="#[78]">&gt;&gt;</a>&nbsp;&nbsp;&nbsp;HAL_FLASH_Unlock
<LI><a href="#[81]">&gt;&gt;</a>&nbsp;&nbsp;&nbsp;HAL_FLASH_Program
<LI><a href="#[7a]">&gt;&gt;</a>&nbsp;&nbsp;&nbsp;HAL_FLASH_Lock
</UL>
<BR>[Called By]<UL><LI><a href="#[12a]">&gt;&gt;</a>&nbsp;&nbsp;&nbsp;flash_program_page
</UL>

<P><STRONG><a name="[14]"></a>SysTick_Handler</STRONG> (Thumb, 48 bytes, Stack size 8 bytes, systick_handler.o(i.SysTick_Handler))
<BR><BR>[Stack]<UL><LI>Max Depth = 8<LI>Call Chain = SysTick_Handler
</UL>
<BR>[Address Reference Count : 1]<UL><LI> startup_stm32f103xb.o(RESET)
</UL>
<P><STRONG><a name="[165]"></a>SystemCoreClockUpdate</STRONG> (Thumb, 84 bytes, Stack size 8 bytes, system_stm32f1xx.o(i.SystemCoreClockUpdate))
<BR><BR>[Stack]<UL><LI>Max Depth = 8<LI>Call Chain = SystemCoreClockUpdate
</UL>
<BR>[Called By]<UL><LI><a href="#[140]">&gt;&gt;</a>&nbsp;&nbsp;&nbsp;sdk_init
</UL>

<P><STRONG><a name="[40]"></a>SystemInit</STRONG> (Thumb, 56 bytes, Stack size 0 bytes, system_stm32f1xx.o(i.SystemInit))
<BR>[Address Reference Count : 1]<UL><LI> startup_stm32f103xb.o(.text)
</UL>
<P><STRONG><a name="[f0]"></a>SystemReset</STRONG> (Thumb, 26 bytes, Stack size 0 bytes, cortex_m.o(i.SystemReset))
<BR><BR>[Called By]<UL><LI><a href="#[5b]">&gt;&gt;</a>&nbsp;&nbsp;&nbsp;_fault_handler
<LI><a href="#[43]">&gt;&gt;</a>&nbsp;&nbsp;&nbsp;main_task
<LI><a href="#[18c]">&gt;&gt;</a>&nbsp;&nbsp;&nbsp;vfs_user_disconnecting
</UL>

<P><STRONG><a name="[91]"></a>TIM_Base_SetConfig</STRONG> (Thumb, 86 bytes, Stack size 20 bytes, stm32f1xx_hal_tim.o(i.TIM_Base_SetConfig))
<BR><BR>[Stack]<UL><LI>Max Depth = 20<LI>Call Chain = TIM_Base_SetConfig
</UL>
<BR>[Called By]<UL><LI><a href="#[8a]">&gt;&gt;</a>&nbsp;&nbsp;&nbsp;HAL_TIM_Base_Init
<LI><a href="#[99]">&gt;&gt;</a>&nbsp;&nbsp;&nbsp;HAL_TIM_PWM_Init
</UL>

<P><STRONG><a name="[9c]"></a>TIM_CCxChannelCmd</STRONG> (Thumb, 22 bytes, Stack size 8 bytes, stm32f1xx_hal_tim.o(i.TIM_CCxChannelCmd))
<BR><BR>[Stack]<UL><LI>Max Depth = 8<LI>Call Chain = TIM_CCxChannelCmd
</UL>
<BR>[Called By]<UL><LI><a href="#[9b]">&gt;&gt;</a>&nbsp;&nbsp;&nbsp;HAL_TIM_PWM_Start
</UL>

<P><STRONG><a name="[94]"></a>TIM_OC2_SetConfig</STRONG> (Thumb, 86 bytes, Stack size 12 bytes, stm32f1xx_hal_tim.o(i.TIM_OC2_SetConfig))
<BR><BR>[Stack]<UL><LI>Max Depth = 12<LI>Call Chain = TIM_OC2_SetConfig
</UL>
<BR>[Called By]<UL><LI><a href="#[92]">&gt;&gt;</a>&nbsp;&nbsp;&nbsp;HAL_TIM_PWM_ConfigChannel
</UL>

<P><STRONG><a name="[3b]"></a>USART2_IRQHandler</STRONG> (Thumb, 86 bytes, Stack size 16 bytes, uart.o(i.USART2_IRQHandler))
<BR><BR>[Stack]<UL><LI>Max Depth = 120<LI>Call Chain = USART2_IRQHandler &rArr; circ_buf_write &rArr; circ_buf_push &rArr; _util_assert &rArr; config_ram_get_assert &rArr; strlen
</UL>
<BR>[Calls]<UL><LI><a href="#[a1]">&gt;&gt;</a>&nbsp;&nbsp;&nbsp;circ_buf_write
<LI><a href="#[a0]">&gt;&gt;</a>&nbsp;&nbsp;&nbsp;circ_buf_push
<LI><a href="#[a3]">&gt;&gt;</a>&nbsp;&nbsp;&nbsp;circ_buf_pop
<LI><a href="#[a2]">&gt;&gt;</a>&nbsp;&nbsp;&nbsp;circ_buf_count_used
<LI><a href="#[9f]">&gt;&gt;</a>&nbsp;&nbsp;&nbsp;circ_buf_count_free
</UL>
<BR>[Address Reference Count : 1]<UL><LI> startup_stm32f103xb.o(RESET)
</UL>
<P><STRONG><a name="[a4]"></a>USBD_ClrStallEP</STRONG> (Thumb, 22 bytes, Stack size 4 bytes, usbd_stm32f103.o(i.USBD_ClrStallEP))
<BR><BR>[Stack]<UL><LI>Max Depth = 16<LI>Call Chain = USBD_ClrStallEP &rArr; EP_Status
</UL>
<BR>[Calls]<UL><LI><a href="#[a6]">&gt;&gt;</a>&nbsp;&nbsp;&nbsp;EP_Status
<LI><a href="#[a5]">&gt;&gt;</a>&nbsp;&nbsp;&nbsp;EP_Reset
</UL>
<BR>[Called By]<UL><LI><a href="#[58]">&gt;&gt;</a>&nbsp;&nbsp;&nbsp;USBD_EndPoint0
<LI><a href="#[b1]">&gt;&gt;</a>&nbsp;&nbsp;&nbsp;USBD_ReqSetClrFeature
</UL>

<P><STRONG><a name="[ea]"></a>USBD_ConfigEP</STRONG> (Thumb, 136 bytes, Stack size 20 bytes, usbd_stm32f103.o(i.USBD_ConfigEP))
<BR><BR>[Stack]<UL><LI>Max Depth = 20<LI>Call Chain = USBD_ConfigEP
</UL>
<BR>[Called By]<UL><LI><a href="#[b5]">&gt;&gt;</a>&nbsp;&nbsp;&nbsp;USBD_ReqSetInterface
<LI><a href="#[b4]">&gt;&gt;</a>&nbsp;&nbsp;&nbsp;USBD_ReqSetConfiguration
</UL>

<P><STRONG><a name="[e9]"></a>USBD_Configure</STRONG> (Thumb, 12 bytes, Stack size 0 bytes, usbd_stm32f103.o(i.USBD_Configure))
<BR><BR>[Called By]<UL><LI><a href="#[b4]">&gt;&gt;</a>&nbsp;&nbsp;&nbsp;USBD_ReqSetConfiguration
</UL>

<P><STRONG><a name="[17d]"></a>USBD_Connect</STRONG> (Thumb, 40 bytes, Stack size 0 bytes, usbd_stm32f103.o(i.USBD_Connect))
<BR><BR>[Called By]<UL><LI><a href="#[14c]">&gt;&gt;</a>&nbsp;&nbsp;&nbsp;usbd_connect
</UL>

<P><STRONG><a name="[a7]"></a>USBD_DataInStage</STRONG> (Thumb, 48 bytes, Stack size 8 bytes, usbd_core.o(i.USBD_DataInStage))
<BR><BR>[Stack]<UL><LI>Max Depth = 40<LI>Call Chain = USBD_DataInStage &rArr; USBD_WriteEP &rArr; EP_Status
</UL>
<BR>[Calls]<UL><LI><a href="#[a8]">&gt;&gt;</a>&nbsp;&nbsp;&nbsp;USBD_WriteEP
</UL>
<BR>[Called By]<UL><LI><a href="#[58]">&gt;&gt;</a>&nbsp;&nbsp;&nbsp;USBD_EndPoint0
<LI><a href="#[b7]">&gt;&gt;</a>&nbsp;&nbsp;&nbsp;USBD_EndPoint0_Setup_MSC_ReqToIF
</UL>

<P><STRONG><a name="[a9]"></a>USBD_DataOutStage</STRONG> (Thumb, 28 bytes, Stack size 8 bytes, usbd_core.o(i.USBD_DataOutStage))
<BR><BR>[Stack]<UL><LI>Max Depth = 36<LI>Call Chain = USBD_DataOutStage &rArr; USBD_ReadEP &rArr; EP_Status
</UL>
<BR>[Calls]<UL><LI><a href="#[aa]">&gt;&gt;</a>&nbsp;&nbsp;&nbsp;USBD_ReadEP
</UL>
<BR>[Called By]<UL><LI><a href="#[58]">&gt;&gt;</a>&nbsp;&nbsp;&nbsp;USBD_EndPoint0
</UL>

<P><STRONG><a name="[ae]"></a>USBD_DirCtrlEP</STRONG> (Thumb, 2 bytes, Stack size 0 bytes, usbd_stm32f103.o(i.USBD_DirCtrlEP))
<BR><BR>[Called By]<UL><LI><a href="#[58]">&gt;&gt;</a>&nbsp;&nbsp;&nbsp;USBD_EndPoint0
</UL>

<P><STRONG><a name="[ab]"></a>USBD_DisableEP</STRONG> (Thumb, 6 bytes, Stack size 0 bytes, usbd_stm32f103.o(i.USBD_DisableEP))
<BR><BR>[Stack]<UL><LI>Max Depth = 12<LI>Call Chain = USBD_DisableEP &rArr; EP_Status
</UL>
<BR>[Calls]<UL><LI><a href="#[a6]">&gt;&gt;</a>&nbsp;&nbsp;&nbsp;EP_Status
</UL>
<BR>[Called By]<UL><LI><a href="#[b5]">&gt;&gt;</a>&nbsp;&nbsp;&nbsp;USBD_ReqSetInterface
<LI><a href="#[b4]">&gt;&gt;</a>&nbsp;&nbsp;&nbsp;USBD_ReqSetConfiguration
</UL>

<P><STRONG><a name="[ac]"></a>USBD_EnableEP</STRONG> (Thumb, 8 bytes, Stack size 0 bytes, usbd_stm32f103.o(i.USBD_EnableEP))
<BR><BR>[Stack]<UL><LI>Max Depth = 12<LI>Call Chain = USBD_EnableEP &rArr; EP_Status
</UL>
<BR>[Calls]<UL><LI><a href="#[a6]">&gt;&gt;</a>&nbsp;&nbsp;&nbsp;EP_Status
</UL>
<BR>[Called By]<UL><LI><a href="#[b5]">&gt;&gt;</a>&nbsp;&nbsp;&nbsp;USBD_ReqSetInterface
<LI><a href="#[b4]">&gt;&gt;</a>&nbsp;&nbsp;&nbsp;USBD_ReqSetConfiguration
</UL>

<P><STRONG><a name="[58]"></a>USBD_EndPoint0</STRONG> (Thumb, 446 bytes, Stack size 32 bytes, usbd_core.o(i.USBD_EndPoint0))
<BR><BR>[Stack]<UL><LI>Max Depth = 92<LI>Call Chain = USBD_EndPoint0 &rArr; USBD_ReqSetInterface &rArr; USBD_ConfigEP
</UL>
<BR>[Calls]<UL><LI><a href="#[ba]">&gt;&gt;</a>&nbsp;&nbsp;&nbsp;USBD_EndPoint0_Setup_WinUSB_ReqToDevice
<LI><a href="#[b9]">&gt;&gt;</a>&nbsp;&nbsp;&nbsp;USBD_EndPoint0_Setup_WebUSB_ReqToDevice
<LI><a href="#[b6]">&gt;&gt;</a>&nbsp;&nbsp;&nbsp;USBD_EndPoint0_Setup_HID_ReqToIF
<LI><a href="#[b8]">&gt;&gt;</a>&nbsp;&nbsp;&nbsp;USBD_EndPoint0_Setup_CDC_ReqToIF
<LI><a href="#[bc]">&gt;&gt;</a>&nbsp;&nbsp;&nbsp;USBD_EndPoint0_Out_HID_ReqToIF
<LI><a href="#[bd]">&gt;&gt;</a>&nbsp;&nbsp;&nbsp;USBD_EndPoint0_Out_CDC_ReqToIF
<LI><a href="#[b7]">&gt;&gt;</a>&nbsp;&nbsp;&nbsp;USBD_EndPoint0_Setup_MSC_ReqToIF
<LI><a href="#[be]">&gt;&gt;</a>&nbsp;&nbsp;&nbsp;USBD_StatusOutStage
<LI><a href="#[b0]">&gt;&gt;</a>&nbsp;&nbsp;&nbsp;USBD_StatusInStage
<LI><a href="#[ad]">&gt;&gt;</a>&nbsp;&nbsp;&nbsp;USBD_SetupStage
<LI><a href="#[a9]">&gt;&gt;</a>&nbsp;&nbsp;&nbsp;USBD_DataOutStage
<LI><a href="#[a7]">&gt;&gt;</a>&nbsp;&nbsp;&nbsp;USBD_DataInStage
<LI><a href="#[b5]">&gt;&gt;</a>&nbsp;&nbsp;&nbsp;USBD_ReqSetInterface
<LI><a href="#[b4]">&gt;&gt;</a>&nbsp;&nbsp;&nbsp;USBD_ReqSetConfiguration
<LI><a href="#[b1]">&gt;&gt;</a>&nbsp;&nbsp;&nbsp;USBD_ReqSetClrFeature
<LI><a href="#[af]">&gt;&gt;</a>&nbsp;&nbsp;&nbsp;USBD_ReqGetStatus
<LI><a href="#[b3]">&gt;&gt;</a>&nbsp;&nbsp;&nbsp;USBD_ReqGetDescriptor
<LI><a href="#[bb]">&gt;&gt;</a>&nbsp;&nbsp;&nbsp;USBD_SetStallEP
<LI><a href="#[b2]">&gt;&gt;</a>&nbsp;&nbsp;&nbsp;USBD_SetAddress
<LI><a href="#[ae]">&gt;&gt;</a>&nbsp;&nbsp;&nbsp;USBD_DirCtrlEP
<LI><a href="#[a4]">&gt;&gt;</a>&nbsp;&nbsp;&nbsp;USBD_ClrStallEP
</UL>
<BR>[Address Reference Count : 1]<UL><LI> usb_config.o(.constdata)
</UL>
<P><STRONG><a name="[bd]"></a>USBD_EndPoint0_Out_CDC_ReqToIF</STRONG> (Thumb, 4 bytes, Stack size 0 bytes, usb_config.o(i.USBD_EndPoint0_Out_CDC_ReqToIF))
<BR><BR>[Called By]<UL><LI><a href="#[58]">&gt;&gt;</a>&nbsp;&nbsp;&nbsp;USBD_EndPoint0
</UL>

<P><STRONG><a name="[bc]"></a>USBD_EndPoint0_Out_HID_ReqToIF</STRONG> (Thumb, 4 bytes, Stack size 0 bytes, usb_config.o(i.USBD_EndPoint0_Out_HID_ReqToIF))
<BR><BR>[Called By]<UL><LI><a href="#[58]">&gt;&gt;</a>&nbsp;&nbsp;&nbsp;USBD_EndPoint0
</UL>

<P><STRONG><a name="[b8]"></a>USBD_EndPoint0_Setup_CDC_ReqToIF</STRONG> (Thumb, 4 bytes, Stack size 0 bytes, usb_config.o(i.USBD_EndPoint0_Setup_CDC_ReqToIF))
<BR><BR>[Called By]<UL><LI><a href="#[58]">&gt;&gt;</a>&nbsp;&nbsp;&nbsp;USBD_EndPoint0
</UL>

<P><STRONG><a name="[b6]"></a>USBD_EndPoint0_Setup_HID_ReqToIF</STRONG> (Thumb, 4 bytes, Stack size 0 bytes, usb_config.o(i.USBD_EndPoint0_Setup_HID_ReqToIF))
<BR><BR>[Called By]<UL><LI><a href="#[58]">&gt;&gt;</a>&nbsp;&nbsp;&nbsp;USBD_EndPoint0
</UL>

<P><STRONG><a name="[b7]"></a>USBD_EndPoint0_Setup_MSC_ReqToIF</STRONG> (Thumb, 74 bytes, Stack size 8 bytes, usbd_core_msc.o(i.USBD_EndPoint0_Setup_MSC_ReqToIF))
<BR><BR>[Stack]<UL><LI>Max Depth = 48<LI>Call Chain = USBD_EndPoint0_Setup_MSC_ReqToIF &rArr; USBD_DataInStage &rArr; USBD_WriteEP &rArr; EP_Status
</UL>
<BR>[Calls]<UL><LI><a href="#[bf]">&gt;&gt;</a>&nbsp;&nbsp;&nbsp;USBD_MSC_Reset
<LI><a href="#[c0]">&gt;&gt;</a>&nbsp;&nbsp;&nbsp;USBD_MSC_GetMaxLUN
<LI><a href="#[b0]">&gt;&gt;</a>&nbsp;&nbsp;&nbsp;USBD_StatusInStage
<LI><a href="#[a7]">&gt;&gt;</a>&nbsp;&nbsp;&nbsp;USBD_DataInStage
</UL>
<BR>[Called By]<UL><LI><a href="#[58]">&gt;&gt;</a>&nbsp;&nbsp;&nbsp;USBD_EndPoint0
</UL>

<P><STRONG><a name="[b9]"></a>USBD_EndPoint0_Setup_WebUSB_ReqToDevice</STRONG> (Thumb, 4 bytes, Stack size 0 bytes, usb_config.o(i.USBD_EndPoint0_Setup_WebUSB_ReqToDevice))
<BR><BR>[Called By]<UL><LI><a href="#[58]">&gt;&gt;</a>&nbsp;&nbsp;&nbsp;USBD_EndPoint0
</UL>

<P><STRONG><a name="[ba]"></a>USBD_EndPoint0_Setup_WinUSB_ReqToDevice</STRONG> (Thumb, 4 bytes, Stack size 0 bytes, usb_config.o(i.USBD_EndPoint0_Setup_WinUSB_ReqToDevice))
<BR><BR>[Called By]<UL><LI><a href="#[58]">&gt;&gt;</a>&nbsp;&nbsp;&nbsp;USBD_EndPoint0
</UL>

<P><STRONG><a name="[c1]"></a>USBD_Handler</STRONG> (Thumb, 228 bytes, Stack size 24 bytes, usbd_stm32f103.o(i.USBD_Handler))
<BR><BR>[Stack]<UL><LI>Max Depth = 24<LI>Call Chain = USBD_Handler
</UL>
<BR>[Calls]<UL><LI><a href="#[c3]">&gt;&gt;</a>&nbsp;&nbsp;&nbsp;usbd_reset_core
<LI><a href="#[c5]">&gt;&gt;</a>&nbsp;&nbsp;&nbsp;USBD_WakeUp
<LI><a href="#[c4]">&gt;&gt;</a>&nbsp;&nbsp;&nbsp;USBD_Suspend
<LI><a href="#[c2]">&gt;&gt;</a>&nbsp;&nbsp;&nbsp;USBD_Reset
</UL>
<BR>[Called By]<UL><LI><a href="#[43]">&gt;&gt;</a>&nbsp;&nbsp;&nbsp;main_task
</UL>

<P><STRONG><a name="[c6]"></a>USBD_Init</STRONG> (Thumb, 28 bytes, Stack size 8 bytes, usbd_stm32f103.o(i.USBD_Init))
<BR><BR>[Stack]<UL><LI>Max Depth = 8<LI>Call Chain = USBD_Init
</UL>
<BR>[Calls]<UL><LI><a href="#[c7]">&gt;&gt;</a>&nbsp;&nbsp;&nbsp;__NVIC_EnableIRQ
</UL>
<BR>[Called By]<UL><LI><a href="#[14a]">&gt;&gt;</a>&nbsp;&nbsp;&nbsp;usbd_init
</UL>

<P><STRONG><a name="[c8]"></a>USBD_MSC_ATAPassThrough</STRONG> (Thumb, 70 bytes, Stack size 16 bytes, usbd_msc.o(i.USBD_MSC_ATAPassThrough))
<BR><BR>[Stack]<UL><LI>Max Depth = 72<LI>Call Chain = USBD_MSC_ATAPassThrough &rArr; USBD_MSC_DataInFormat &rArr; USBD_MSC_SetCSW &rArr; USBD_WriteEP &rArr; EP_Status
</UL>
<BR>[Calls]<UL><LI><a href="#[a8]">&gt;&gt;</a>&nbsp;&nbsp;&nbsp;USBD_WriteEP
<LI><a href="#[c9]">&gt;&gt;</a>&nbsp;&nbsp;&nbsp;USBD_MSC_DataInFormat
</UL>
<BR>[Called By]<UL><LI><a href="#[d1]">&gt;&gt;</a>&nbsp;&nbsp;&nbsp;USBD_MSC_GetCBW
</UL>

<P><STRONG><a name="[ca]"></a>USBD_MSC_BulkIn</STRONG> (Thumb, 70 bytes, Stack size 8 bytes, usbd_msc.o(i.USBD_MSC_BulkIn))
<BR><BR>[Stack]<UL><LI>Max Depth = 120<LI>Call Chain = USBD_MSC_BulkIn &rArr; USBD_MSC_MemoryRead &rArr; usbd_msc_read_sect &rArr; sync_assert_usb_thread &rArr; _util_assert &rArr; config_ram_get_assert &rArr; strlen
</UL>
<BR>[Calls]<UL><LI><a href="#[cd]">&gt;&gt;</a>&nbsp;&nbsp;&nbsp;USBD_MSC_SetStallEP
<LI><a href="#[cc]">&gt;&gt;</a>&nbsp;&nbsp;&nbsp;USBD_MSC_SetCSW
<LI><a href="#[cb]">&gt;&gt;</a>&nbsp;&nbsp;&nbsp;USBD_MSC_MemoryRead
</UL>
<BR>[Called By]<UL><LI><a href="#[59]">&gt;&gt;</a>&nbsp;&nbsp;&nbsp;USBD_MSC_EP_BULK_Event
</UL>

<P><STRONG><a name="[ce]"></a>USBD_MSC_BulkOut</STRONG> (Thumb, 128 bytes, Stack size 8 bytes, usbd_msc.o(i.USBD_MSC_BulkOut))
<BR><BR>[Stack]<UL><LI>Max Depth = 216<LI>Call Chain = USBD_MSC_BulkOut &rArr; USBD_MSC_MemoryWrite &rArr; usbd_msc_write_sect &rArr; file_data_handler &rArr; transfer_stream_data &rArr; transfer_update_state &rArr; stream_close &rArr; stream_thread_assert &rArr; _util_assert &rArr; config_ram_get_assert &rArr; strlen
</UL>
<BR>[Calls]<UL><LI><a href="#[9e]">&gt;&gt;</a>&nbsp;&nbsp;&nbsp;_util_assert
<LI><a href="#[cd]">&gt;&gt;</a>&nbsp;&nbsp;&nbsp;USBD_MSC_SetStallEP
<LI><a href="#[cc]">&gt;&gt;</a>&nbsp;&nbsp;&nbsp;USBD_MSC_SetCSW
<LI><a href="#[cf]">&gt;&gt;</a>&nbsp;&nbsp;&nbsp;USBD_MSC_MemoryWrite
<LI><a href="#[d0]">&gt;&gt;</a>&nbsp;&nbsp;&nbsp;USBD_MSC_MemoryVerify
<LI><a href="#[d1]">&gt;&gt;</a>&nbsp;&nbsp;&nbsp;USBD_MSC_GetCBW
</UL>
<BR>[Called By]<UL><LI><a href="#[d5]">&gt;&gt;</a>&nbsp;&nbsp;&nbsp;USBD_MSC_EP_BULKOUT_Event
</UL>

<P><STRONG><a name="[d2]"></a>USBD_MSC_CheckMedia</STRONG> (Thumb, 68 bytes, Stack size 8 bytes, usbd_msc.o(i.USBD_MSC_CheckMedia))
<BR><BR>[Stack]<UL><LI>Max Depth = 48<LI>Call Chain = USBD_MSC_CheckMedia &rArr; USBD_MSC_SetCSW &rArr; USBD_WriteEP &rArr; EP_Status
</UL>
<BR>[Calls]<UL><LI><a href="#[cd]">&gt;&gt;</a>&nbsp;&nbsp;&nbsp;USBD_MSC_SetStallEP
<LI><a href="#[cc]">&gt;&gt;</a>&nbsp;&nbsp;&nbsp;USBD_MSC_SetCSW
</UL>
<BR>[Called By]<UL><LI><a href="#[db]">&gt;&gt;</a>&nbsp;&nbsp;&nbsp;USBD_MSC_TestUnitReady
<LI><a href="#[df]">&gt;&gt;</a>&nbsp;&nbsp;&nbsp;USBD_MSC_ReadFormatCapacity
<LI><a href="#[e0]">&gt;&gt;</a>&nbsp;&nbsp;&nbsp;USBD_MSC_ReadCapacity
<LI><a href="#[da]">&gt;&gt;</a>&nbsp;&nbsp;&nbsp;USBD_MSC_RWSetup
<LI><a href="#[dd]">&gt;&gt;</a>&nbsp;&nbsp;&nbsp;USBD_MSC_ModeSense6
<LI><a href="#[de]">&gt;&gt;</a>&nbsp;&nbsp;&nbsp;USBD_MSC_ModeSense10
<LI><a href="#[cf]">&gt;&gt;</a>&nbsp;&nbsp;&nbsp;USBD_MSC_MemoryWrite
<LI><a href="#[d0]">&gt;&gt;</a>&nbsp;&nbsp;&nbsp;USBD_MSC_MemoryVerify
<LI><a href="#[cb]">&gt;&gt;</a>&nbsp;&nbsp;&nbsp;USBD_MSC_MemoryRead
</UL>

<P><STRONG><a name="[d3]"></a>USBD_MSC_ClrStallEP</STRONG> (Thumb, 68 bytes, Stack size 0 bytes, usbd_msc.o(i.USBD_MSC_ClrStallEP))
<BR><BR>[Stack]<UL><LI>Max Depth = 32<LI>Call Chain = USBD_MSC_ClrStallEP &rArr; USBD_WriteEP &rArr; EP_Status
</UL>
<BR>[Calls]<UL><LI><a href="#[a8]">&gt;&gt;</a>&nbsp;&nbsp;&nbsp;USBD_WriteEP
</UL>
<BR>[Called By]<UL><LI><a href="#[e5]">&gt;&gt;</a>&nbsp;&nbsp;&nbsp;USBD_ReqClrFeature_MSC
</UL>

<P><STRONG><a name="[c9]"></a>USBD_MSC_DataInFormat</STRONG> (Thumb, 42 bytes, Stack size 16 bytes, usbd_msc.o(i.USBD_MSC_DataInFormat))
<BR><BR>[Stack]<UL><LI>Max Depth = 56<LI>Call Chain = USBD_MSC_DataInFormat &rArr; USBD_MSC_SetCSW &rArr; USBD_WriteEP &rArr; EP_Status
</UL>
<BR>[Calls]<UL><LI><a href="#[cd]">&gt;&gt;</a>&nbsp;&nbsp;&nbsp;USBD_MSC_SetStallEP
<LI><a href="#[cc]">&gt;&gt;</a>&nbsp;&nbsp;&nbsp;USBD_MSC_SetCSW
</UL>
<BR>[Called By]<UL><LI><a href="#[e1]">&gt;&gt;</a>&nbsp;&nbsp;&nbsp;USBD_MSC_ServiceActionIn16
<LI><a href="#[d6]">&gt;&gt;</a>&nbsp;&nbsp;&nbsp;USBD_MSC_RequestSense
<LI><a href="#[df]">&gt;&gt;</a>&nbsp;&nbsp;&nbsp;USBD_MSC_ReadFormatCapacity
<LI><a href="#[e0]">&gt;&gt;</a>&nbsp;&nbsp;&nbsp;USBD_MSC_ReadCapacity
<LI><a href="#[dd]">&gt;&gt;</a>&nbsp;&nbsp;&nbsp;USBD_MSC_ModeSense6
<LI><a href="#[de]">&gt;&gt;</a>&nbsp;&nbsp;&nbsp;USBD_MSC_ModeSense10
<LI><a href="#[d7]">&gt;&gt;</a>&nbsp;&nbsp;&nbsp;USBD_MSC_Inquiry
<LI><a href="#[c8]">&gt;&gt;</a>&nbsp;&nbsp;&nbsp;USBD_MSC_ATAPassThrough
</UL>

<P><STRONG><a name="[d4]"></a>USBD_MSC_DataInTransfer</STRONG> (Thumb, 58 bytes, Stack size 8 bytes, usbd_msc.o(i.USBD_MSC_DataInTransfer))
<BR><BR>[Stack]<UL><LI>Max Depth = 40<LI>Call Chain = USBD_MSC_DataInTransfer &rArr; USBD_WriteEP &rArr; EP_Status
</UL>
<BR>[Calls]<UL><LI><a href="#[a8]">&gt;&gt;</a>&nbsp;&nbsp;&nbsp;USBD_WriteEP
</UL>
<BR>[Called By]<UL><LI><a href="#[d6]">&gt;&gt;</a>&nbsp;&nbsp;&nbsp;USBD_MSC_RequestSense
<LI><a href="#[df]">&gt;&gt;</a>&nbsp;&nbsp;&nbsp;USBD_MSC_ReadFormatCapacity
<LI><a href="#[e0]">&gt;&gt;</a>&nbsp;&nbsp;&nbsp;USBD_MSC_ReadCapacity
<LI><a href="#[dd]">&gt;&gt;</a>&nbsp;&nbsp;&nbsp;USBD_MSC_ModeSense6
<LI><a href="#[de]">&gt;&gt;</a>&nbsp;&nbsp;&nbsp;USBD_MSC_ModeSense10
<LI><a href="#[d7]">&gt;&gt;</a>&nbsp;&nbsp;&nbsp;USBD_MSC_Inquiry
</UL>

<P><STRONG><a name="[d5]"></a>USBD_MSC_EP_BULKOUT_Event</STRONG> (Thumb, 28 bytes, Stack size 8 bytes, usbd_msc.o(i.USBD_MSC_EP_BULKOUT_Event))
<BR><BR>[Stack]<UL><LI>Max Depth = 224<LI>Call Chain = USBD_MSC_EP_BULKOUT_Event &rArr; USBD_MSC_BulkOut &rArr; USBD_MSC_MemoryWrite &rArr; usbd_msc_write_sect &rArr; file_data_handler &rArr; transfer_stream_data &rArr; transfer_update_state &rArr; stream_close &rArr; stream_thread_assert &rArr; _util_assert &rArr; config_ram_get_assert &rArr; strlen
</UL>
<BR>[Calls]<UL><LI><a href="#[aa]">&gt;&gt;</a>&nbsp;&nbsp;&nbsp;USBD_ReadEP
<LI><a href="#[ce]">&gt;&gt;</a>&nbsp;&nbsp;&nbsp;USBD_MSC_BulkOut
</UL>
<BR>[Called By]<UL><LI><a href="#[59]">&gt;&gt;</a>&nbsp;&nbsp;&nbsp;USBD_MSC_EP_BULK_Event
</UL>

<P><STRONG><a name="[59]"></a>USBD_MSC_EP_BULK_Event</STRONG> (Thumb, 28 bytes, Stack size 8 bytes, usbd_msc.o(i.USBD_MSC_EP_BULK_Event))
<BR><BR>[Stack]<UL><LI>Max Depth = 232<LI>Call Chain = USBD_MSC_EP_BULK_Event &rArr; USBD_MSC_EP_BULKOUT_Event &rArr; USBD_MSC_BulkOut &rArr; USBD_MSC_MemoryWrite &rArr; usbd_msc_write_sect &rArr; file_data_handler &rArr; transfer_stream_data &rArr; transfer_update_state &rArr; stream_close &rArr; stream_thread_assert &rArr; _util_assert &rArr; config_ram_get_assert &rArr; strlen
</UL>
<BR>[Calls]<UL><LI><a href="#[d5]">&gt;&gt;</a>&nbsp;&nbsp;&nbsp;USBD_MSC_EP_BULKOUT_Event
<LI><a href="#[ca]">&gt;&gt;</a>&nbsp;&nbsp;&nbsp;USBD_MSC_BulkIn
</UL>
<BR>[Address Reference Count : 1]<UL><LI> usb_config.o(.constdata)
</UL>
<P><STRONG><a name="[d1]"></a>USBD_MSC_GetCBW</STRONG> (Thumb, 468 bytes, Stack size 32 bytes, usbd_msc.o(i.USBD_MSC_GetCBW))
<BR><BR>[Stack]<UL><LI>Max Depth = 144<LI>Call Chain = USBD_MSC_GetCBW &rArr; USBD_MSC_MemoryRead &rArr; usbd_msc_read_sect &rArr; sync_assert_usb_thread &rArr; _util_assert &rArr; config_ram_get_assert &rArr; strlen
</UL>
<BR>[Calls]<UL><LI><a href="#[db]">&gt;&gt;</a>&nbsp;&nbsp;&nbsp;USBD_MSC_TestUnitReady
<LI><a href="#[d9]">&gt;&gt;</a>&nbsp;&nbsp;&nbsp;USBD_MSC_SynchronizeCache
<LI><a href="#[dc]">&gt;&gt;</a>&nbsp;&nbsp;&nbsp;USBD_MSC_StartStopUnit
<LI><a href="#[cd]">&gt;&gt;</a>&nbsp;&nbsp;&nbsp;USBD_MSC_SetStallEP
<LI><a href="#[cc]">&gt;&gt;</a>&nbsp;&nbsp;&nbsp;USBD_MSC_SetCSW
<LI><a href="#[e1]">&gt;&gt;</a>&nbsp;&nbsp;&nbsp;USBD_MSC_ServiceActionIn16
<LI><a href="#[d6]">&gt;&gt;</a>&nbsp;&nbsp;&nbsp;USBD_MSC_RequestSense
<LI><a href="#[df]">&gt;&gt;</a>&nbsp;&nbsp;&nbsp;USBD_MSC_ReadFormatCapacity
<LI><a href="#[e0]">&gt;&gt;</a>&nbsp;&nbsp;&nbsp;USBD_MSC_ReadCapacity
<LI><a href="#[da]">&gt;&gt;</a>&nbsp;&nbsp;&nbsp;USBD_MSC_RWSetup
<LI><a href="#[dd]">&gt;&gt;</a>&nbsp;&nbsp;&nbsp;USBD_MSC_ModeSense6
<LI><a href="#[de]">&gt;&gt;</a>&nbsp;&nbsp;&nbsp;USBD_MSC_ModeSense10
<LI><a href="#[cb]">&gt;&gt;</a>&nbsp;&nbsp;&nbsp;USBD_MSC_MemoryRead
<LI><a href="#[d8]">&gt;&gt;</a>&nbsp;&nbsp;&nbsp;USBD_MSC_MediaRemoval
<LI><a href="#[d7]">&gt;&gt;</a>&nbsp;&nbsp;&nbsp;USBD_MSC_Inquiry
<LI><a href="#[c8]">&gt;&gt;</a>&nbsp;&nbsp;&nbsp;USBD_MSC_ATAPassThrough
</UL>
<BR>[Called By]<UL><LI><a href="#[ce]">&gt;&gt;</a>&nbsp;&nbsp;&nbsp;USBD_MSC_BulkOut
</UL>

<P><STRONG><a name="[c0]"></a>USBD_MSC_GetMaxLUN</STRONG> (Thumb, 10 bytes, Stack size 0 bytes, usbd_msc.o(i.USBD_MSC_GetMaxLUN))
<BR><BR>[Called By]<UL><LI><a href="#[b7]">&gt;&gt;</a>&nbsp;&nbsp;&nbsp;USBD_EndPoint0_Setup_MSC_ReqToIF
</UL>

<P><STRONG><a name="[d7]"></a>USBD_MSC_Inquiry</STRONG> (Thumb, 78 bytes, Stack size 8 bytes, usbd_msc.o(i.USBD_MSC_Inquiry))
<BR><BR>[Stack]<UL><LI>Max Depth = 64<LI>Call Chain = USBD_MSC_Inquiry &rArr; USBD_MSC_DataInFormat &rArr; USBD_MSC_SetCSW &rArr; USBD_WriteEP &rArr; EP_Status
</UL>
<BR>[Calls]<UL><LI><a href="#[d4]">&gt;&gt;</a>&nbsp;&nbsp;&nbsp;USBD_MSC_DataInTransfer
<LI><a href="#[c9]">&gt;&gt;</a>&nbsp;&nbsp;&nbsp;USBD_MSC_DataInFormat
</UL>
<BR>[Called By]<UL><LI><a href="#[d1]">&gt;&gt;</a>&nbsp;&nbsp;&nbsp;USBD_MSC_GetCBW
</UL>

<P><STRONG><a name="[d8]"></a>USBD_MSC_MediaRemoval</STRONG> (Thumb, 22 bytes, Stack size 0 bytes, usbd_msc.o(i.USBD_MSC_MediaRemoval))
<BR><BR>[Stack]<UL><LI>Max Depth = 40<LI>Call Chain = USBD_MSC_MediaRemoval &rArr; USBD_MSC_SetCSW &rArr; USBD_WriteEP &rArr; EP_Status
</UL>
<BR>[Calls]<UL><LI><a href="#[cc]">&gt;&gt;</a>&nbsp;&nbsp;&nbsp;USBD_MSC_SetCSW
</UL>
[...]
</UL>

<P><STRONG><a name="[162]"></a>ready_for_state_change</STRONG> (Thumb, 146 bytes, Stack size 16 bytes, vfs_manager.o(i.ready_for_state_change))
<BR><BR>[Stack]<UL><LI>Max Depth = 80<LI>Call Chain = ready_for_state_change &rArr; _util_assert &rArr; config_ram_get_assert &rArr; strlen
</UL>
<BR>[Calls]<UL><LI><a href="#[9e]">&gt;&gt;</a>&nbsp;&nbsp;&nbsp;_util_assert
</UL>
<BR>[Called By]<UL><LI><a href="#[150]">&gt;&gt;</a>&nbsp;&nbsp;&nbsp;vfs_mngr_periodic
</UL>

<P><STRONG><a name="[16f]"></a>sync_assert_usb_thread</STRONG> (Thumb, 34 bytes, Stack size 8 bytes, vfs_manager.o(i.sync_assert_usb_thread))
<BR><BR>[Stack]<UL><LI>Max Depth = 72<LI>Call Chain = sync_assert_usb_thread &rArr; _util_assert &rArr; config_ram_get_assert &rArr; strlen
</UL>
<BR>[Calls]<UL><LI><a href="#[9e]">&gt;&gt;</a>&nbsp;&nbsp;&nbsp;_util_assert
<LI><a href="#[149]">&gt;&gt;</a>&nbsp;&nbsp;&nbsp;osThreadGetId
</UL>
<BR>[Called By]<UL><LI><a href="#[150]">&gt;&gt;</a>&nbsp;&nbsp;&nbsp;vfs_mngr_periodic
<LI><a href="#[14b]">&gt;&gt;</a>&nbsp;&nbsp;&nbsp;vfs_mngr_init
<LI><a href="#[160]">&gt;&gt;</a>&nbsp;&nbsp;&nbsp;vfs_mngr_get_transfer_status
<LI><a href="#[e3]">&gt;&gt;</a>&nbsp;&nbsp;&nbsp;usbd_msc_write_sect
<LI><a href="#[e2]">&gt;&gt;</a>&nbsp;&nbsp;&nbsp;usbd_msc_read_sect
</UL>

<P><STRONG><a name="[116]"></a>sync_lock</STRONG> (Thumb, 10 bytes, Stack size 0 bytes, vfs_manager.o(i.sync_lock))
<BR><BR>[Calls]<UL><LI><a href="#[170]">&gt;&gt;</a>&nbsp;&nbsp;&nbsp;osMutexAcquire
</UL>
<BR>[Called By]<UL><LI><a href="#[42]">&gt;&gt;</a>&nbsp;&nbsp;&nbsp;file_change_handler
<LI><a href="#[150]">&gt;&gt;</a>&nbsp;&nbsp;&nbsp;vfs_mngr_periodic
<LI><a href="#[f3]">&gt;&gt;</a>&nbsp;&nbsp;&nbsp;vfs_mngr_fs_remount
</UL>

<P><STRONG><a name="[117]"></a>sync_unlock</STRONG> (Thumb, 8 bytes, Stack size 0 bytes, vfs_manager.o(i.sync_unlock))
<BR><BR>[Calls]<UL><LI><a href="#[171]">&gt;&gt;</a>&nbsp;&nbsp;&nbsp;osMutexRelease
</UL>
<BR>[Called By]<UL><LI><a href="#[42]">&gt;&gt;</a>&nbsp;&nbsp;&nbsp;file_change_handler
<LI><a href="#[150]">&gt;&gt;</a>&nbsp;&nbsp;&nbsp;vfs_mngr_periodic
<LI><a href="#[f3]">&gt;&gt;</a>&nbsp;&nbsp;&nbsp;vfs_mngr_fs_remount
</UL>

<P><STRONG><a name="[11c]"></a>transfer_stream_data</STRONG> (Thumb, 142 bytes, Stack size 24 bytes, vfs_manager.o(i.transfer_stream_data))
<BR><BR>[Stack]<UL><LI>Max Depth = 136<LI>Call Chain = transfer_stream_data &rArr; transfer_update_state &rArr; stream_close &rArr; stream_thread_assert &rArr; _util_assert &rArr; config_ram_get_assert &rArr; strlen
</UL>
<BR>[Calls]<UL><LI><a href="#[9e]">&gt;&gt;</a>&nbsp;&nbsp;&nbsp;_util_assert
<LI><a href="#[11b]">&gt;&gt;</a>&nbsp;&nbsp;&nbsp;transfer_update_state
<LI><a href="#[16e]">&gt;&gt;</a>&nbsp;&nbsp;&nbsp;stream_write
<LI><a href="#[16a]">&gt;&gt;</a>&nbsp;&nbsp;&nbsp;stream_close
<LI><a href="#[172]">&gt;&gt;</a>&nbsp;&nbsp;&nbsp;board_vfs_stream_closed_hook
</UL>
<BR>[Called By]<UL><LI><a href="#[118]">&gt;&gt;</a>&nbsp;&nbsp;&nbsp;file_data_handler
</UL>

<P><STRONG><a name="[11a]"></a>transfer_stream_open</STRONG> (Thumb, 112 bytes, Stack size 16 bytes, vfs_manager.o(i.transfer_stream_open))
<BR><BR>[Stack]<UL><LI>Max Depth = 128<LI>Call Chain = transfer_stream_open &rArr; transfer_update_state &rArr; stream_close &rArr; stream_thread_assert &rArr; _util_assert &rArr; config_ram_get_assert &rArr; strlen
</UL>
<BR>[Calls]<UL><LI><a href="#[9e]">&gt;&gt;</a>&nbsp;&nbsp;&nbsp;_util_assert
<LI><a href="#[11b]">&gt;&gt;</a>&nbsp;&nbsp;&nbsp;transfer_update_state
<LI><a href="#[16c]">&gt;&gt;</a>&nbsp;&nbsp;&nbsp;stream_open
</UL>
<BR>[Called By]<UL><LI><a href="#[118]">&gt;&gt;</a>&nbsp;&nbsp;&nbsp;file_data_handler
</UL>

<P><STRONG><a name="[115]"></a>transfer_update_file_info</STRONG> (Thumb, 104 bytes, Stack size 8 bytes, vfs_manager.o(i.transfer_update_file_info))
<BR><BR>[Stack]<UL><LI>Max Depth = 120<LI>Call Chain = transfer_update_file_info &rArr; transfer_update_state &rArr; stream_close &rArr; stream_thread_assert &rArr; _util_assert &rArr; config_ram_get_assert &rArr; strlen
</UL>
<BR>[Calls]<UL><LI><a href="#[9e]">&gt;&gt;</a>&nbsp;&nbsp;&nbsp;_util_assert
<LI><a href="#[11b]">&gt;&gt;</a>&nbsp;&nbsp;&nbsp;transfer_update_state
</UL>
<BR>[Called By]<UL><LI><a href="#[42]">&gt;&gt;</a>&nbsp;&nbsp;&nbsp;file_change_handler
</UL>

<P><STRONG><a name="[11b]"></a>transfer_update_state</STRONG> (Thumb, 294 bytes, Stack size 32 bytes, vfs_manager.o(i.transfer_update_state))
<BR><BR>[Stack]<UL><LI>Max Depth = 112<LI>Call Chain = transfer_update_state &rArr; stream_close &rArr; stream_thread_assert &rArr; _util_assert &rArr; config_ram_get_assert &rArr; strlen
</UL>
<BR>[Calls]<UL><LI><a href="#[9e]">&gt;&gt;</a>&nbsp;&nbsp;&nbsp;_util_assert
<LI><a href="#[16a]">&gt;&gt;</a>&nbsp;&nbsp;&nbsp;stream_close
<LI><a href="#[f3]">&gt;&gt;</a>&nbsp;&nbsp;&nbsp;vfs_mngr_fs_remount
</UL>
<BR>[Called By]<UL><LI><a href="#[115]">&gt;&gt;</a>&nbsp;&nbsp;&nbsp;transfer_update_file_info
<LI><a href="#[11a]">&gt;&gt;</a>&nbsp;&nbsp;&nbsp;transfer_stream_open
<LI><a href="#[11c]">&gt;&gt;</a>&nbsp;&nbsp;&nbsp;transfer_stream_data
<LI><a href="#[118]">&gt;&gt;</a>&nbsp;&nbsp;&nbsp;file_data_handler
<LI><a href="#[150]">&gt;&gt;</a>&nbsp;&nbsp;&nbsp;vfs_mngr_periodic
</UL>

<P><STRONG><a name="[104]"></a>expand_info</STRONG> (Thumb, 234 bytes, Stack size 32 bytes, vfs_user.o(i.expand_info))
<BR><BR>[Stack]<UL><LI>Max Depth = 40<LI>Call Chain = expand_info &rArr; strlen
</UL>
<BR>[Calls]<UL><LI><a href="#[10c]">&gt;&gt;</a>&nbsp;&nbsp;&nbsp;info_get_version
<LI><a href="#[107]">&gt;&gt;</a>&nbsp;&nbsp;&nbsp;info_get_unique_id
<LI><a href="#[10a]">&gt;&gt;</a>&nbsp;&nbsp;&nbsp;info_get_target_id
<LI><a href="#[106]">&gt;&gt;</a>&nbsp;&nbsp;&nbsp;info_get_mac
<LI><a href="#[109]">&gt;&gt;</a>&nbsp;&nbsp;&nbsp;info_get_host_id
<LI><a href="#[10b]">&gt;&gt;</a>&nbsp;&nbsp;&nbsp;info_get_hic_id
<LI><a href="#[108]">&gt;&gt;</a>&nbsp;&nbsp;&nbsp;info_get_board_id
<LI><a href="#[105]">&gt;&gt;</a>&nbsp;&nbsp;&nbsp;__aeabi_memmove
<LI><a href="#[6d]">&gt;&gt;</a>&nbsp;&nbsp;&nbsp;__aeabi_memcpy
<LI><a href="#[fd]">&gt;&gt;</a>&nbsp;&nbsp;&nbsp;strlen
</UL>
<BR>[Called By]<UL><LI><a href="#[10d]">&gt;&gt;</a>&nbsp;&nbsp;&nbsp;expand_string_in_region
</UL>

<P><STRONG><a name="[18d]"></a>get_file_size</STRONG> (Thumb, 10 bytes, Stack size 0 bytes, vfs_user.o(i.get_file_size))
<BR><BR>[Called By]<UL><LI><a href="#[f5]">&gt;&gt;</a>&nbsp;&nbsp;&nbsp;vfs_user_build_filesystem
</UL>

<P><STRONG><a name="[4b]"></a>read_file_assert_txt</STRONG> (Thumb, 246 bytes, Stack size 64 bytes, vfs_user.o(i.read_file_assert_txt))
<BR><BR>[Stack]<UL><LI>Max Depth = 208<LI>Call Chain = read_file_assert_txt &rArr; uint32_field_in_region &rArr; string_field_in_region &rArr; util_write_string_in_region &rArr; util_write_in_region
</UL>
<BR>[Calls]<UL><LI><a href="#[133]">&gt;&gt;</a>&nbsp;&nbsp;&nbsp;util_write_hex32
<LI><a href="#[15c]">&gt;&gt;</a>&nbsp;&nbsp;&nbsp;util_write_string_in_region
<LI><a href="#[10f]">&gt;&gt;</a>&nbsp;&nbsp;&nbsp;util_write_in_region
<LI><a href="#[15e]">&gt;&gt;</a>&nbsp;&nbsp;&nbsp;config_ram_get_hexdumps
<LI><a href="#[15d]">&gt;&gt;</a>&nbsp;&nbsp;&nbsp;uint32_field_in_region
<LI><a href="#[134]">&gt;&gt;</a>&nbsp;&nbsp;&nbsp;string_field_in_region
</UL>
<BR>[Address Reference Count : 1]<UL><LI> vfs_user.o(i.vfs_user_build_filesystem)
</UL>
<P><STRONG><a name="[49]"></a>read_file_details_txt</STRONG> (Thumb, 18 bytes, Stack size 8 bytes, vfs_user.o(i.read_file_details_txt))
<BR><BR>[Stack]<UL><LI>Max Depth = 256 + Unknown Stack Size
<LI>Call Chain = read_file_details_txt &rArr; update_details_txt_file &rArr; expand_string_in_region &rArr; expand_info &rArr; strlen
</UL>
<BR>[Calls]<UL><LI><a href="#[15f]">&gt;&gt;</a>&nbsp;&nbsp;&nbsp;update_details_txt_file
</UL>
<BR>[Address Reference Count : 1]<UL><LI> vfs_user.o(i.vfs_user_build_filesystem)
</UL>
<P><STRONG><a name="[4a]"></a>read_file_fail_txt</STRONG> (Thumb, 184 bytes, Stack size 48 bytes, vfs_user.o(i.read_file_fail_txt))
<BR><BR>[Stack]<UL><LI>Max Depth = 144<LI>Call Chain = read_file_fail_txt &rArr; string_field_in_region &rArr; util_write_string_in_region &rArr; util_write_in_region
</UL>
<BR>[Calls]<UL><LI><a href="#[161]">&gt;&gt;</a>&nbsp;&nbsp;&nbsp;error_get_type
<LI><a href="#[103]">&gt;&gt;</a>&nbsp;&nbsp;&nbsp;error_get_string
<LI><a href="#[15c]">&gt;&gt;</a>&nbsp;&nbsp;&nbsp;util_write_string_in_region
<LI><a href="#[10f]">&gt;&gt;</a>&nbsp;&nbsp;&nbsp;util_write_in_region
<LI><a href="#[134]">&gt;&gt;</a>&nbsp;&nbsp;&nbsp;string_field_in_region
<LI><a href="#[160]">&gt;&gt;</a>&nbsp;&nbsp;&nbsp;vfs_mngr_get_transfer_status
</UL>
<BR>[Address Reference Count : 1]<UL><LI> vfs_user.o(i.vfs_user_build_filesystem)
</UL>
<P><STRONG><a name="[48]"></a>read_file_mbed_htm</STRONG> (Thumb, 72 bytes, Stack size 24 bytes, vfs_user.o(i.read_file_mbed_htm))
<BR><BR>[Stack]<UL><LI>Max Depth = 232<LI>Call Chain = read_file_mbed_htm &rArr; expand_string_in_region &rArr; expand_info &rArr; strlen
</UL>
<BR>[Calls]<UL><LI><a href="#[15c]">&gt;&gt;</a>&nbsp;&nbsp;&nbsp;util_write_string_in_region
<LI><a href="#[10d]">&gt;&gt;</a>&nbsp;&nbsp;&nbsp;expand_string_in_region
</UL>
<BR>[Address Reference Count : 1]<UL><LI> vfs_user.o(i.vfs_user_build_filesystem)
</UL>
<P><STRONG><a name="[15f]"></a>update_details_txt_file</STRONG> (Thumb, 406 bytes, Stack size 40 bytes, vfs_user.o(i.update_details_txt_file))
<BR><BR>[Stack]<UL><LI>Max Depth = 248 + Unknown Stack Size
<LI>Call Chain = update_details_txt_file &rArr; expand_string_in_region &rArr; expand_info &rArr; strlen
</UL>
<BR>[Calls]<UL><LI><a href="#[139]">&gt;&gt;</a>&nbsp;&nbsp;&nbsp;info_get_interface_version
<LI><a href="#[138]">&gt;&gt;</a>&nbsp;&nbsp;&nbsp;info_get_interface_present
<LI><a href="#[17a]">&gt;&gt;</a>&nbsp;&nbsp;&nbsp;info_get_crc_interface
<LI><a href="#[179]">&gt;&gt;</a>&nbsp;&nbsp;&nbsp;info_get_crc_bootloader
<LI><a href="#[137]">&gt;&gt;</a>&nbsp;&nbsp;&nbsp;info_get_bootloader_present
<LI><a href="#[123]">&gt;&gt;</a>&nbsp;&nbsp;&nbsp;config_get_detect_incompatible_target
<LI><a href="#[120]">&gt;&gt;</a>&nbsp;&nbsp;&nbsp;config_get_automation_allowed
<LI><a href="#[178]">&gt;&gt;</a>&nbsp;&nbsp;&nbsp;util_write_uint32_zp
<LI><a href="#[15c]">&gt;&gt;</a>&nbsp;&nbsp;&nbsp;util_write_string_in_region
<LI><a href="#[10f]">&gt;&gt;</a>&nbsp;&nbsp;&nbsp;util_write_in_region
<LI><a href="#[177]">&gt;&gt;</a>&nbsp;&nbsp;&nbsp;config_ram_get_page_erase
<LI><a href="#[176]">&gt;&gt;</a>&nbsp;&nbsp;&nbsp;config_get_overflow_detect
<LI><a href="#[175]">&gt;&gt;</a>&nbsp;&nbsp;&nbsp;config_get_auto_rst
<LI><a href="#[15d]">&gt;&gt;</a>&nbsp;&nbsp;&nbsp;uint32_field_in_region
<LI><a href="#[166]">&gt;&gt;</a>&nbsp;&nbsp;&nbsp;setting_in_region
<LI><a href="#[132]">&gt;&gt;</a>&nbsp;&nbsp;&nbsp;hex32_field_in_region
<LI><a href="#[10d]">&gt;&gt;</a>&nbsp;&nbsp;&nbsp;expand_string_in_region
</UL>
<BR>[Called By]<UL><LI><a href="#[49]">&gt;&gt;</a>&nbsp;&nbsp;&nbsp;read_file_details_txt
</UL>

<P><STRONG><a name="[47]"></a>file_change_cb_stub</STRONG> (Thumb, 2 bytes, Stack size 0 bytes, virtual_fs.o(i.file_change_cb_stub))
<BR>[Address Reference Count : 1]<UL><LI> virtual_fs.o(i.vfs_init)
</UL>
<P><STRONG><a name="[56]"></a>read_dir</STRONG> (Thumb, 66 bytes, Stack size 16 bytes, virtual_fs.o(i.read_dir))
<BR><BR>[Stack]<UL><LI>Max Depth = 80<LI>Call Chain = read_dir &rArr; _util_assert &rArr; config_ram_get_assert &rArr; strlen
</UL>
<BR>[Calls]<UL><LI><a href="#[9e]">&gt;&gt;</a>&nbsp;&nbsp;&nbsp;_util_assert
<LI><a href="#[fa]">&gt;&gt;</a>&nbsp;&nbsp;&nbsp;__aeabi_memclr
<LI><a href="#[6d]">&gt;&gt;</a>&nbsp;&nbsp;&nbsp;__aeabi_memcpy
</UL>
<BR>[Address Reference Count : 1]<UL><LI> virtual_fs.o(.constdata)
</UL>
<P><STRONG><a name="[55]"></a>read_fat</STRONG> (Thumb, 28 bytes, Stack size 8 bytes, virtual_fs.o(i.read_fat))
<BR><BR>[Stack]<UL><LI>Max Depth = 8<LI>Call Chain = read_fat
</UL>
<BR>[Calls]<UL><LI><a href="#[6d]">&gt;&gt;</a>&nbsp;&nbsp;&nbsp;__aeabi_memcpy
</UL>
<BR>[Address Reference Count : 1]<UL><LI> virtual_fs.o(.constdata)
</UL>
<P><STRONG><a name="[54]"></a>read_mbr</STRONG> (Thumb, 28 bytes, Stack size 8 bytes, virtual_fs.o(i.read_mbr))
<BR><BR>[Stack]<UL><LI>Max Depth = 8<LI>Call Chain = read_mbr
</UL>
<BR>[Calls]<UL><LI><a href="#[6d]">&gt;&gt;</a>&nbsp;&nbsp;&nbsp;__aeabi_memcpy
</UL>
<BR>[Address Reference Count : 1]<UL><LI> virtual_fs.o(.constdata)
</UL>
<P><STRONG><a name="[45]"></a>read_zero</STRONG> (Thumb, 16 bytes, Stack size 8 bytes, virtual_fs.o(i.read_zero))
<BR><BR>[Stack]<UL><LI>Max Depth = 8<LI>Call Chain = read_zero
</UL>
<BR>[Calls]<UL><LI><a href="#[fa]">&gt;&gt;</a>&nbsp;&nbsp;&nbsp;__aeabi_memclr
</UL>
<BR>[Address Reference Count : 1]<UL><LI> virtual_fs.o(i.vfs_create_file)
</UL>
<P><STRONG><a name="[57]"></a>write_dir</STRONG> (Thumb, 182 bytes, Stack size 40 bytes, virtual_fs.o(i.write_dir))
<BR><BR>[Stack]<UL><LI>Max Depth = 104<LI>Call Chain = write_dir &rArr; _util_assert &rArr; config_ram_get_assert &rArr; strlen
</UL>
<BR>[Calls]<UL><LI><a href="#[9e]">&gt;&gt;</a>&nbsp;&nbsp;&nbsp;_util_assert
<LI><a href="#[188]">&gt;&gt;</a>&nbsp;&nbsp;&nbsp;filename_valid
<LI><a href="#[6d]">&gt;&gt;</a>&nbsp;&nbsp;&nbsp;__aeabi_memcpy
<LI><a href="#[191]">&gt;&gt;</a>&nbsp;&nbsp;&nbsp;memcmp
</UL>
<BR>[Address Reference Count : 1]<UL><LI> virtual_fs.o(.constdata)
</UL>
<P><STRONG><a name="[189]"></a>write_fat</STRONG> (Thumb, 40 bytes, Stack size 8 bytes, virtual_fs.o(i.write_fat))
<BR><BR>[Stack]<UL><LI>Max Depth = 72<LI>Call Chain = write_fat &rArr; _util_assert &rArr; config_ram_get_assert &rArr; strlen
</UL>
<BR>[Calls]<UL><LI><a href="#[9e]">&gt;&gt;</a>&nbsp;&nbsp;&nbsp;_util_assert
</UL>
<BR>[Called By]<UL><LI><a href="#[18a]">&gt;&gt;</a>&nbsp;&nbsp;&nbsp;vfs_init
<LI><a href="#[187]">&gt;&gt;</a>&nbsp;&nbsp;&nbsp;vfs_create_file
</UL>

<P><STRONG><a name="[46]"></a>write_none</STRONG> (Thumb, 2 bytes, Stack size 0 bytes, virtual_fs.o(i.write_none))
<BR>[Address Reference Count : 2]<UL><LI> virtual_fs.o(i.vfs_create_file)
<LI> virtual_fs.o(.constdata)
</UL>
<P><STRONG><a name="[12e]"></a>output_clock_enable</STRONG> (Thumb, 182 bytes, Stack size 72 bytes, gpio.o(i.output_clock_enable))
<BR><BR>[Stack]<UL><LI>Max Depth = 136<LI>Call Chain = output_clock_enable &rArr; _util_assert &rArr; config_ram_get_assert &rArr; strlen
</UL>
<BR>[Calls]<UL><LI><a href="#[9e]">&gt;&gt;</a>&nbsp;&nbsp;&nbsp;_util_assert
<LI><a href="#[9b]">&gt;&gt;</a>&nbsp;&nbsp;&nbsp;HAL_TIM_PWM_Start
<LI><a href="#[99]">&gt;&gt;</a>&nbsp;&nbsp;&nbsp;HAL_TIM_PWM_Init
<LI><a href="#[97]">&gt;&gt;</a>&nbsp;&nbsp;&nbsp;HAL_TIM_PWM_DeInit
<LI><a href="#[92]">&gt;&gt;</a>&nbsp;&nbsp;&nbsp;HAL_TIM_PWM_ConfigChannel
<LI><a href="#[88]">&gt;&gt;</a>&nbsp;&nbsp;&nbsp;HAL_RCC_GetClockConfig
</UL>
<BR>[Called By]<UL><LI><a href="#[12b]">&gt;&gt;</a>&nbsp;&nbsp;&nbsp;gpio_init
</UL>

<P><STRONG><a name="[83]"></a>FLASH_Program_HalfWord</STRONG> (Thumb, 20 bytes, Stack size 0 bytes, stm32f1xx_hal_flash.o(i.FLASH_Program_HalfWord))
<BR><BR>[Called By]<UL><LI><a href="#[81]">&gt;&gt;</a>&nbsp;&nbsp;&nbsp;HAL_FLASH_Program
</UL>

<P><STRONG><a name="[7d]"></a>FLASH_SetErrorCode</STRONG> (Thumb, 60 bytes, Stack size 0 bytes, stm32f1xx_hal_flash.o(i.FLASH_SetErrorCode))
<BR><BR>[Called By]<UL><LI><a href="#[7b]">&gt;&gt;</a>&nbsp;&nbsp;&nbsp;FLASH_WaitForLastOperation
</UL>

<P><STRONG><a name="[7f]"></a>FLASH_MassErase</STRONG> (Thumb, 26 bytes, Stack size 0 bytes, stm32f1xx_hal_flash_ex.o(i.FLASH_MassErase))
<BR><BR>[Called By]<UL><LI><a href="#[79]">&gt;&gt;</a>&nbsp;&nbsp;&nbsp;HAL_FLASHEx_Erase
</UL>

<P><STRONG><a name="[93]"></a>TIM_OC1_SetConfig</STRONG> (Thumb, 82 bytes, Stack size 12 bytes, stm32f1xx_hal_tim.o(i.TIM_OC1_SetConfig))
<BR><BR>[Stack]<UL><LI>Max Depth = 12<LI>Call Chain = TIM_OC1_SetConfig
</UL>
<BR>[Called By]<UL><LI><a href="#[92]">&gt;&gt;</a>&nbsp;&nbsp;&nbsp;HAL_TIM_PWM_ConfigChannel
</UL>

<P><STRONG><a name="[95]"></a>TIM_OC3_SetConfig</STRONG> (Thumb, 84 bytes, Stack size 12 bytes, stm32f1xx_hal_tim.o(i.TIM_OC3_SetConfig))
<BR><BR>[Stack]<UL><LI>Max Depth = 12<LI>Call Chain = TIM_OC3_SetConfig
</UL>
<BR>[Called By]<UL><LI><a href="#[92]">&gt;&gt;</a>&nbsp;&nbsp;&nbsp;HAL_TIM_PWM_ConfigChannel
</UL>

<P><STRONG><a name="[96]"></a>TIM_OC4_SetConfig</STRONG> (Thumb, 64 bytes, Stack size 12 bytes, stm32f1xx_hal_tim.o(i.TIM_OC4_SetConfig))
<BR><BR>[Stack]<UL><LI>Max Depth = 12<LI>Call Chain = TIM_OC4_SetConfig
</UL>
<BR>[Called By]<UL><LI><a href="#[92]">&gt;&gt;</a>&nbsp;&nbsp;&nbsp;HAL_TIM_PWM_ConfigChannel
</UL>

<P><STRONG><a name="[c7]"></a>__NVIC_EnableIRQ</STRONG> (Thumb, 26 bytes, Stack size 0 bytes, usbd_stm32f103.o(i.__NVIC_EnableIRQ))
<BR><BR>[Called By]<UL><LI><a href="#[c2]">&gt;&gt;</a>&nbsp;&nbsp;&nbsp;USBD_Reset
<LI><a href="#[c6]">&gt;&gt;</a>&nbsp;&nbsp;&nbsp;USBD_Init
</UL>

<P><STRONG><a name="[ee]"></a>stat_enque</STRONG> (Thumb, 38 bytes, Stack size 8 bytes, usbd_stm32f103.o(i.stat_enque))
<BR><BR>[Stack]<UL><LI>Max Depth = 8<LI>Call Chain = stat_enque
</UL>
<BR>[Called By]<UL><LI><a href="#[29]">&gt;&gt;</a>&nbsp;&nbsp;&nbsp;USB_LP_CAN1_RX0_IRQHandler
</UL>

<P><STRONG><a name="[b3]"></a>USBD_ReqGetDescriptor</STRONG> (Thumb, 320 bytes, Stack size 32 bytes, usbd_core.o(i.USBD_ReqGetDescriptor))
<BR><BR>[Stack]<UL><LI>Max Depth = 32<LI>Call Chain = USBD_ReqGetDescriptor
</UL>
<BR>[Calls]<UL><LI><a href="#[e6]">&gt;&gt;</a>&nbsp;&nbsp;&nbsp;info_get_unique_id_string_descriptor
<LI><a href="#[e7]">&gt;&gt;</a>&nbsp;&nbsp;&nbsp;USBD_ReqGetDescriptor_HID
</UL>
<BR>[Called By]<UL><LI><a href="#[58]">&gt;&gt;</a>&nbsp;&nbsp;&nbsp;USBD_EndPoint0
</UL>

<P><STRONG><a name="[af]"></a>USBD_ReqGetStatus</STRONG> (Thumb, 116 bytes, Stack size 16 bytes, usbd_core.o(i.USBD_ReqGetStatus))
<BR><BR>[Stack]<UL><LI>Max Depth = 16<LI>Call Chain = USBD_ReqGetStatus
</UL>
<BR>[Called By]<UL><LI><a href="#[58]">&gt;&gt;</a>&nbsp;&nbsp;&nbsp;USBD_EndPoint0
</UL>

<P><STRONG><a name="[b1]"></a>USBD_ReqSetClrFeature</STRONG> (Thumb, 156 bytes, Stack size 16 bytes, usbd_core.o(i.USBD_ReqSetClrFeature))
<BR><BR>[Stack]<UL><LI>Max Depth = 48<LI>Call Chain = USBD_ReqSetClrFeature &rArr; USBD_ReqClrFeature_MSC &rArr; USBD_MSC_ClrStallEP &rArr; USBD_WriteEP &rArr; EP_Status
</UL>
<BR>[Calls]<UL><LI><a href="#[e5]">&gt;&gt;</a>&nbsp;&nbsp;&nbsp;USBD_ReqClrFeature_MSC
<LI><a href="#[e8]">&gt;&gt;</a>&nbsp;&nbsp;&nbsp;USBD_WakeUpCfg
<LI><a href="#[bb]">&gt;&gt;</a>&nbsp;&nbsp;&nbsp;USBD_SetStallEP
<LI><a href="#[a4]">&gt;&gt;</a>&nbsp;&nbsp;&nbsp;USBD_ClrStallEP
</UL>
<BR>[Called By]<UL><LI><a href="#[58]">&gt;&gt;</a>&nbsp;&nbsp;&nbsp;USBD_EndPoint0
</UL>

<P><STRONG><a name="[b4]"></a>USBD_ReqSetConfiguration</STRONG> (Thumb, 368 bytes, Stack size 40 bytes, usbd_core.o(i.USBD_ReqSetConfiguration))
<BR><BR>[Stack]<UL><LI>Max Depth = 60<LI>Call Chain = USBD_ReqSetConfiguration &rArr; USBD_ConfigEP
</UL>
<BR>[Calls]<UL><LI><a href="#[eb]">&gt;&gt;</a>&nbsp;&nbsp;&nbsp;USBD_ResetEP
<LI><a href="#[ac]">&gt;&gt;</a>&nbsp;&nbsp;&nbsp;USBD_EnableEP
<LI><a href="#[ab]">&gt;&gt;</a>&nbsp;&nbsp;&nbsp;USBD_DisableEP
<LI><a href="#[e9]">&gt;&gt;</a>&nbsp;&nbsp;&nbsp;USBD_Configure
<LI><a href="#[ea]">&gt;&gt;</a>&nbsp;&nbsp;&nbsp;USBD_ConfigEP
</UL>
<BR>[Called By]<UL><LI><a href="#[58]">&gt;&gt;</a>&nbsp;&nbsp;&nbsp;USBD_EndPoint0
</UL>

<P><STRONG><a name="[b5]"></a>USBD_ReqSetInterface</STRONG> (Thumb, 278 bytes, Stack size 40 bytes, usbd_core.o(i.USBD_ReqSetInterface))
<BR><BR>[Stack]<UL><LI>Max Depth = 60<LI>Call Chain = USBD_ReqSetInterface &rArr; USBD_ConfigEP
</UL>
<BR>[Calls]<UL><LI><a href="#[eb]">&gt;&gt;</a>&nbsp;&nbsp;&nbsp;USBD_ResetEP
<LI><a href="#[ac]">&gt;&gt;</a>&nbsp;&nbsp;&nbsp;USBD_EnableEP
<LI><a href="#[ab]">&gt;&gt;</a>&nbsp;&nbsp;&nbsp;USBD_DisableEP
<LI><a href="#[ea]">&gt;&gt;</a>&nbsp;&nbsp;&nbsp;USBD_ConfigEP
</UL>
<BR>[Called By]<UL><LI><a href="#[58]">&gt;&gt;</a>&nbsp;&nbsp;&nbsp;USBD_EndPoint0
</UL>
<P>
<H3>
Undefined Global Symbols
</H3><HR></body></html>
