Component: ARM Compiler 5.06 update 7 (build 960) Tool: armlink [4d3601]

==============================================================================

Section Cross References

    stm32f103rb.o(.constdata) refers to target.o(.data) for target_device
    stm32f103rb.o(.constdata) refers to stm32f103rb.o(.conststring) for .conststring
    dap.o(i.DAP_ExecuteCommand) refers to dap.o(i.DAP_ProcessCommand) for DAP_ProcessCommand
    dap.o(i.DAP_Info) refers to info.o(i.info_get_unique_id) for info_get_unique_id
    dap.o(i.DAP_Info) refers to rt_memcpy_v6.o(.text) for __aeabi_memcpy
    dap.o(i.DAP_Info) refers to dap.o(i.return_dap_string) for return_dap_string
    dap.o(i.DAP_Info) refers to info.o(i.info_get_version) for info_get_version
    dap.o(i.DAP_Info) refers to stm32f103rb.o(.constdata) for g_board_info
    dap.o(i.DAP_Info) refers to dap.o(.constdata) for .constdata
    dap.o(i.DAP_ProcessCommand) refers to dap_vendor.o(i.DAP_ProcessVendorCommand) for DAP_ProcessVendorCommand
    dap.o(i.DAP_ProcessCommand) refers to dap.o(i.DAP_ProcessVendorCommandEx) for DAP_ProcessVendorCommandEx
    dap.o(i.DAP_ProcessCommand) refers to dap.o(i.DAP_Info) for DAP_Info
    dap.o(i.DAP_ProcessCommand) refers to dap.o(i.pin_out_init) for pin_out_init
    dap.o(i.DAP_ProcessCommand) refers to dap.o(i.pin_in_init) for pin_in_init
    dap.o(i.DAP_ProcessCommand) refers to dap.o(i.pin_out_od_init) for pin_out_od_init
    dap.o(i.DAP_ProcessCommand) refers to dap.o(i.DAP_SWJ_Pins) for DAP_SWJ_Pins
    dap.o(i.DAP_ProcessCommand) refers to dap.o(i.Set_DAP_Clock_Delay) for Set_DAP_Clock_Delay
    dap.o(i.DAP_ProcessCommand) refers to sw_dp.o(i.SWJ_Sequence) for SWJ_Sequence
    dap.o(i.DAP_ProcessCommand) refers to dap.o(i.DAP_SWD_Sequence) for DAP_SWD_Sequence
    dap.o(i.DAP_ProcessCommand) refers to dap.o(i.DAP_SWD_Transfer) for DAP_SWD_Transfer
    dap.o(i.DAP_ProcessCommand) refers to dap.o(i.DAP_SWD_TransferBlock) for DAP_SWD_TransferBlock
    dap.o(i.DAP_ProcessCommand) refers to sw_dp.o(i.SWD_Transfer) for SWD_Transfer
    dap.o(i.DAP_ProcessCommand) refers to dap.o(.bss) for .bss
    dap.o(i.DAP_ProcessCommand) refers to system_stm32f1xx.o(.data) for SystemCoreClock
    dap.o(i.DAP_SETUP) refers to dap.o(i.pin_out_init) for pin_out_init
    dap.o(i.DAP_SETUP) refers to dap.o(i.pin_in_init) for pin_in_init
    dap.o(i.DAP_SETUP) refers to dap.o(i.pin_out_od_init) for pin_out_od_init
    dap.o(i.DAP_SWD_Sequence) refers to dap.o(i.pin_in_init) for pin_in_init
    dap.o(i.DAP_SWD_Sequence) refers to dap.o(i.pin_out_init) for pin_out_init
    dap.o(i.DAP_SWD_Sequence) refers to sw_dp.o(i.SWD_Sequence) for SWD_Sequence
    dap.o(i.DAP_SWD_Transfer) refers to sw_dp.o(i.SWD_Transfer) for SWD_Transfer
    dap.o(i.DAP_SWD_Transfer) refers to dap.o(.data) for .data
    dap.o(i.DAP_SWD_Transfer) refers to dap.o(.bss) for .bss
    dap.o(i.DAP_SWD_TransferBlock) refers to sw_dp.o(i.SWD_Transfer) for SWD_Transfer
    dap.o(i.DAP_SWD_TransferBlock) refers to dap.o(.data) for .data
    dap.o(i.DAP_SWD_TransferBlock) refers to dap.o(.bss) for .bss
    dap.o(i.DAP_SWJ_Pins) refers to dap.o(i.TIMESTAMP_GET) for TIMESTAMP_GET
    dap.o(i.DAP_Setup) refers to dap.o(i.Set_DAP_Clock_Delay) for Set_DAP_Clock_Delay
    dap.o(i.DAP_Setup) refers to dap.o(i.DAP_SETUP) for DAP_SETUP
    dap.o(i.DAP_Setup) refers to dap.o(.bss) for .bss
    dap.o(i.Delayms) refers to system_stm32f1xx.o(.data) for SystemCoreClock
    dap.o(i.Set_DAP_Clock_Delay) refers to system_stm32f1xx.o(.data) for SystemCoreClock
    dap.o(i.Set_DAP_Clock_Delay) refers to dap.o(.bss) for .bss
    dap.o(i.TIMESTAMP_GET) refers to system_stm32f1xx.o(.data) for SystemCoreClock
    dap.o(i.return_dap_string) refers to strlen.o(.text) for strlen
    dap.o(i.return_dap_string) refers to rt_memcpy_v6.o(.text) for __aeabi_memcpy
    dap_queue.o(i.DAP_queue_execute_buf) refers to dap_queue.o(i.DAP_activity_blink) for DAP_activity_blink
    dap_queue.o(i.DAP_queue_execute_buf) refers to main_interface.o(i.main_blink_hid_led) for main_blink_hid_led
    dap_queue.o(i.DAP_queue_execute_buf) refers to rt_memcpy_v6.o(.text) for __aeabi_memcpy
    dap_queue.o(i.DAP_queue_execute_buf) refers to dap.o(i.DAP_ExecuteCommand) for DAP_ExecuteCommand
    dap_vendor.o(i.DAP_ProcessVendorCommand) refers to info.o(i.info_get_unique_id) for info_get_unique_id
    dap_vendor.o(i.DAP_ProcessVendorCommand) refers to strlen.o(.text) for strlen
    dap_vendor.o(i.DAP_ProcessVendorCommand) refers to rt_memcpy_v6.o(.text) for __aeabi_memcpy
    dap_vendor.o(i.DAP_ProcessVendorCommand) refers to usbd_user_cdc_acm.o(i.USBD_CDC_ACM_PortGetLineCoding) for USBD_CDC_ACM_PortGetLineCoding
    dap_vendor.o(i.DAP_ProcessVendorCommand) refers to usbd_user_cdc_acm.o(i.USBD_CDC_ACM_PortSetLineCoding) for USBD_CDC_ACM_PortSetLineCoding
    dap_vendor.o(i.DAP_ProcessVendorCommand) refers to usbd_user_cdc_acm.o(i.USBD_CDC_ACM_SendBreak) for USBD_CDC_ACM_SendBreak
[...]
    0x0800c1a2   0x0800c1a2   0x00000000   Code   RO         7813    .ARM.Collect$$libinit$$00000011  c_w.l(libinit2.o)
    0x0800c1a2   0x0800c1a2   0x00000000   Code   RO         7815    .ARM.Collect$$libinit$$00000013  c_w.l(libinit2.o)
    0x0800c1a2   0x0800c1a2   0x00000000   Code   RO         7817    .ARM.Collect$$libinit$$00000015  c_w.l(libinit2.o)
    0x0800c1a2   0x0800c1a2   0x00000000   Code   RO         7819    .ARM.Collect$$libinit$$00000017  c_w.l(libinit2.o)
    0x0800c1a2   0x0800c1a2   0x00000000   Code   RO         7821    .ARM.Collect$$libinit$$00000019  c_w.l(libinit2.o)
    0x0800c1a2   0x0800c1a2   0x00000000   Code   RO         7823    .ARM.Collect$$libinit$$0000001B  c_w.l(libinit2.o)
    0x0800c1a2   0x0800c1a2   0x00000000   Code   RO         7825    .ARM.Collect$$libinit$$0000001D  c_w.l(libinit2.o)
    0x0800c1a2   0x0800c1a2   0x00000000   Code   RO         7827    .ARM.Collect$$libinit$$0000001F  c_w.l(libinit2.o)
    0x0800c1a2   0x0800c1a2   0x00000000   Code   RO         7829    .ARM.Collect$$libinit$$00000021  c_w.l(libinit2.o)
    0x0800c1a2   0x0800c1a2   0x00000000   Code   RO         7831    .ARM.Collect$$libinit$$00000023  c_w.l(libinit2.o)
    0x0800c1a2   0x0800c1a2   0x00000000   Code   RO         7833    .ARM.Collect$$libinit$$00000025  c_w.l(libinit2.o)
    0x0800c1a2   0x0800c1a2   0x00000000   Code   RO         7837    .ARM.Collect$$libinit$$0000002C  c_w.l(libinit2.o)
    0x0800c1a2   0x0800c1a2   0x00000000   Code   RO         7839    .ARM.Collect$$libinit$$0000002E  c_w.l(libinit2.o)
    0x0800c1a2   0x0800c1a2   0x00000000   Code   RO         7841    .ARM.Collect$$libinit$$00000030  c_w.l(libinit2.o)
    0x0800c1a2   0x0800c1a2   0x00000000   Code   RO         7843    .ARM.Collect$$libinit$$00000032  c_w.l(libinit2.o)
    0x0800c1a2   0x0800c1a2   0x00000002   Code   RO         7844    .ARM.Collect$$libinit$$00000033  c_w.l(libinit2.o)
    0x0800c1a4   0x0800c1a4   0x00000002   Code   RO         7864    .ARM.Collect$$libshutdown$$00000000  c_w.l(libshutdown.o)
    0x0800c1a6   0x0800c1a6   0x00000000   Code   RO         7877    .ARM.Collect$$libshutdown$$00000002  c_w.l(libshutdown2.o)
    0x0800c1a6   0x0800c1a6   0x00000000   Code   RO         7879    .ARM.Collect$$libshutdown$$00000004  c_w.l(libshutdown2.o)
    0x0800c1a6   0x0800c1a6   0x00000000   Code   RO         7881    .ARM.Collect$$libshutdown$$00000006  c_w.l(libshutdown2.o)
    0x0800c1a6   0x0800c1a6   0x00000000   Code   RO         7884    .ARM.Collect$$libshutdown$$00000009  c_w.l(libshutdown2.o)
    0x0800c1a6   0x0800c1a6   0x00000000   Code   RO         7887    .ARM.Collect$$libshutdown$$0000000C  c_w.l(libshutdown2.o)
    0x0800c1a6   0x0800c1a6   0x00000000   Code   RO         7889    .ARM.Collect$$libshutdown$$0000000E  c_w.l(libshutdown2.o)
    0x0800c1a6   0x0800c1a6   0x00000000   Code   RO         7892    .ARM.Collect$$libshutdown$$00000011  c_w.l(libshutdown2.o)
    0x0800c1a6   0x0800c1a6   0x00000002   Code   RO         7893    .ARM.Collect$$libshutdown$$00000012  c_w.l(libshutdown2.o)
    0x0800c1a8   0x0800c1a8   0x00000000   Code   RO         7772    .ARM.Collect$$rtentry$$00000000  c_w.l(__rtentry.o)
    0x0800c1a8   0x0800c1a8   0x00000000   Code   RO         7776    .ARM.Collect$$rtentry$$00000002  c_w.l(__rtentry2.o)
    0x0800c1a8   0x0800c1a8   0x00000006   Code   RO         7788    .ARM.Collect$$rtentry$$00000004  c_w.l(__rtentry4.o)
    0x0800c1ae   0x0800c1ae   0x00000008   Code   RO         7777    .ARM.Collect$$rtentry$$00000008  c_w.l(__rtentry2.o)
    0x0800c1b6   0x0800c1b6   0x00000004   Code   RO         7779    .ARM.Collect$$rtentry$$0000000A  c_w.l(__rtentry2.o)
    0x0800c1ba   0x0800c1ba   0x00000000   Code   RO         7781    .ARM.Collect$$rtentry$$0000000C  c_w.l(__rtentry2.o)
    0x0800c1ba   0x0800c1ba   0x00000008   Code   RO         7782    .ARM.Collect$$rtentry$$0000000D  c_w.l(__rtentry2.o)
    0x0800c1c2   0x0800c1c2   0x00000002   Code   RO         7798    .ARM.Collect$$rtexit$$00000000  c_w.l(rtexit.o)
    0x0800c1c4   0x0800c1c4   0x00000000   Code   RO         7846    .ARM.Collect$$rtexit$$00000002  c_w.l(rtexit2.o)
    0x0800c1c4   0x0800c1c4   0x00000004   Code   RO         7847    .ARM.Collect$$rtexit$$00000003  c_w.l(rtexit2.o)
    0x0800c1c8   0x0800c1c8   0x00000006   Code   RO         7848    .ARM.Collect$$rtexit$$00000004  c_w.l(rtexit2.o)
    0x0800c1ce   0x0800c1ce   0x00000002   PAD
    0x0800c1d0   0x0800c1d0   0x00000154   Code   RO         5781    .emb_text           hal_cm3.o
    0x0800c324   0x0800c324   0x00000040   Code   RO         2974    .text               startup_stm32f103xb.o
    0x0800c364   0x0800c364   0x00000008   Code   RO         7743    .text               c_w.l(libspace.o)
    0x0800c36c   0x0800c36c   0x00000026   Code   RO         7746    .text               c_w.l(llushr.o)
    0x0800c392   0x0800c392   0x00000058   Code   RO         7748    .text               c_w.l(memcmp.o)
    0x0800c3ea   0x0800c3ea   0x0000003e   Code   RO         7750    .text               c_w.l(strlen.o)
    0x0800c428   0x0800c428   0x00000096   Code   RO         7752    .text               c_w.l(strncmp.o)
    0x0800c4be   0x0800c4be   0x00000018   Code   RO         7754    .text               c_w.l(strcat.o)
    0x0800c4d6   0x0800c4d6   0x0000008a   Code   RO         7756    .text               c_w.l(rt_memcpy_v6.o)
    0x0800c560   0x0800c560   0x00000084   Code   RO         7758    .text               c_w.l(rt_memmove_v6.o)
    0x0800c5e4   0x0800c5e4   0x00000064   Code   RO         7760    .text               c_w.l(rt_memcpy_w.o)
    0x0800c648   0x0800c648   0x00000010   Code   RO         7762    .text               c_w.l(aeabi_memset.o)
    0x0800c658   0x0800c658   0x00000044   Code   RO         7764    .text               c_w.l(rt_memclr.o)
    0x0800c69c   0x0800c69c   0x0000004e   Code   RO         7766    .text               c_w.l(rt_memclr_w.o)
    0x0800c6ea   0x0800c6ea   0x00000006   Code   RO         7768    .text               c_w.l(heapauxi.o)
    0x0800c6f0   0x0800c6f0   0x0000007a   Code   RO         7773    .text               c_w.l(rt_memmove_w.o)
    0x0800c76a   0x0800c76a   0x0000004a   Code   RO         7790    .text               c_w.l(sys_stackheap_outer.o)
    0x0800c7b4   0x0800c7b4   0x00000012   Code   RO         7792    .text               c_w.l(exit.o)
    0x0800c7c6   0x0800c7c6   0x00000002   PAD
    0x0800c7c8   0x0800c7c8   0x0000000c   Code   RO         7856    .text               c_w.l(sys_exit.o)
    0x0800c7d4   0x0800c7d4   0x00000002   Code   RO         7867    .text               c_w.l(use_no_semi.o)
    0x0800c7d6   0x0800c7d6   0x00000000   Code   RO         7869    .text               c_w.l(indicate_semi.o)
    0x0800c7d6   0x0800c7d6   0x00000002   PAD
    0x0800c7d8   0x0800c7d8   0x00000004   Code   RO         6445    SVC_TABLE           svc_table.o
    0x0800c7dc   0x0800c7dc   0x00000042   Code   RO           71    i.DAP_ExecuteCommand  dap.o
    0x0800c81e   0x0800c81e   0x00000002   PAD
    0x0800c820   0x0800c820   0x000000e0   Code   RO           72    i.DAP_Info          dap.o
    0x0800c900   0x0800c900   0x000002b0   Code   RO           73    i.DAP_ProcessCommand  dap.o
    0x0800cbb0   0x0800cbb0   0x000001c4   Code   RO          424    i.DAP_ProcessVendorCommand  dap_vendor.o
    0x0800cd74   0x0800cd74   0x0000000a   Code   RO           75    i.DAP_ProcessVendorCommandEx  dap.o
    0x0800cd7e   0x0800cd7e   0x00000002   PAD
    0x0800cd80   0x0800cd80   0x00000090   Code   RO           76    i.DAP_SETUP         dap.o
    0x0800ce10   0x0800ce10   0x00000094   Code   RO           77    i.DAP_SWD_Sequence  dap.o
    0x0800cea4   0x0800cea4   0x00000398   Code   RO           78    i.DAP_SWD_Transfer  dap.o
    0x0800d23c   0x0800d23c   0x00000130   Code   RO           79    i.DAP_SWD_TransferBlock  dap.o
    0x0800d36c   0x0800d36c   0x000000fc   Code   RO           80    i.DAP_SWJ_Pins      dap.o
    0x0800d468   0x0800d468   0x00000030   Code   RO           81    i.DAP_Setup         dap.o
    0x0800d498   0x0800d498   0x00000016   Code   RO          287    i.DAP_activity_blink  dap_queue.o
    0x0800d4ae   0x0800d4ae   0x00000084   Code   RO          288    i.DAP_queue_execute_buf  dap_queue.o
    0x0800d532   0x0800d532   0x00000044   Code   RO          289    i.DAP_queue_get_send_buf  dap_queue.o
    0x0800d576   0x0800d576   0x00000012   Code   RO          290    i.DAP_queue_init    dap_queue.o
    0x0800d588   0x0800d588   0x00000028   Code   RO         5474    i.EP_Reset          usbd_stm32f103.o
    0x0800d5b0   0x0800d5b0   0x0000003c   Code   RO         5475    i.EP_Status         usbd_stm32f103.o
    0x0800d5ec   0x0800d5ec   0x0000002e   Code   RO         2750    i.EraseSector       flash.o
    0x0800d61a   0x0800d61a   0x00000002   PAD
    0x0800d61c   0x0800d61c   0x00000024   Code   RO         3428    i.FLASH_MassErase   stm32f1xx_hal_flash_ex.o
    0x0800d640   0x0800d640   0x00000024   Code   RO         3433    i.FLASH_PageErase   stm32f1xx_hal_flash_ex.o
    0x0800d664   0x0800d664   0x0000001c   Code   RO         3321    i.FLASH_Program_HalfWord  stm32f1xx_hal_flash.o
    0x0800d680   0x0800d680   0x00000044   Code   RO         3322    i.FLASH_SetErrorCode  stm32f1xx_hal_flash.o
    0x0800d6c4   0x0800d6c4   0x00000054   Code   RO         3323    i.FLASH_WaitForLastOperation  stm32f1xx_hal_flash.o
    0x0800d718   0x0800d718   0x00000016   Code   RO         2988    i.HAL_Delay         stm32f1xx_hal.o
    0x0800d72e   0x0800d72e   0x00000002   PAD
    0x0800d730   0x0800d730   0x000000a8   Code   RO         3434    i.HAL_FLASHEx_Erase  stm32f1xx_hal_flash_ex.o
    0x0800d7d8   0x0800d7d8   0x00000014   Code   RO         3327    i.HAL_FLASH_Lock    stm32f1xx_hal_flash.o
    0x0800d7ec   0x0800d7ec   0x00000084   Code   RO         3332    i.HAL_FLASH_Program  stm32f1xx_hal_flash.o
    0x0800d870   0x0800d870   0x00000024   Code   RO         3334    i.HAL_FLASH_Unlock  stm32f1xx_hal_flash.o
    0x0800d894   0x0800d894   0x000001c8   Code   RO         3520    i.HAL_GPIO_Init     stm32f1xx_hal_gpio.o
    0x0800da5c   0x0800da5c   0x0000000a   Code   RO         3524    i.HAL_GPIO_WritePin  stm32f1xx_hal_gpio.o
    0x0800da66   0x0800da66   0x00000002   PAD
    0x0800da68   0x0800da68   0x0000002c   Code   RO         2912    i.HAL_GetTick       sdk.o
    0x0800da94   0x0800da94   0x00000024   Code   RO         2994    i.HAL_Init          stm32f1xx_hal.o
    0x0800dab8   0x0800dab8   0x000000a4   Code   RO         2914    i.HAL_InitTick      sdk.o
    0x0800db5c   0x0800db5c   0x00000002   Code   RO         2997    i.HAL_MspInit       stm32f1xx_hal.o
    0x0800db5e   0x0800db5e   0x00000002   PAD
    0x0800db60   0x0800db60   0x00000024   Code   RO         3128    i.HAL_NVIC_SetPriorityGrouping  stm32f1xx_hal_cortex.o
    0x0800db84   0x0800db84   0x00000180   Code   RO         3628    i.HAL_RCC_ClockConfig  stm32f1xx_hal_rcc.o
    0x0800dd04   0x0800dd04   0x00000040   Code   RO         3632    i.HAL_RCC_GetClockConfig  stm32f1xx_hal_rcc.o
    0x0800dd44   0x0800dd44   0x00000030   Code   RO         3635    i.HAL_RCC_GetPCLK1Freq  stm32f1xx_hal_rcc.o
    0x0800dd74   0x0800dd74   0x00000030   Code   RO         3636    i.HAL_RCC_GetPCLK2Freq  stm32f1xx_hal_rcc.o
    0x0800dda4   0x0800dda4   0x00000088   Code   RO         3637    i.HAL_RCC_GetSysClockFreq  stm32f1xx_hal_rcc.o
    0x0800de2c   0x0800de2c   0x0000057a   Code   RO         3640    i.HAL_RCC_OscConfig  stm32f1xx_hal_rcc.o
    0x0800e3a6   0x0800e3a6   0x00000038   Code   RO         3773    i.HAL_TIM_Base_DeInit  stm32f1xx_hal_tim.o
    0x0800e3de   0x0800e3de   0x00000036   Code   RO         3775    i.HAL_TIM_Base_Init  stm32f1xx_hal_tim.o
    0x0800e414   0x0800e414   0x00000002   Code   RO         3776    i.HAL_TIM_Base_MspDeInit  stm32f1xx_hal_tim.o
    0x0800e416   0x0800e416   0x00000002   Code   RO         3777    i.HAL_TIM_Base_MspInit  stm32f1xx_hal_tim.o
    0x0800e418   0x0800e418   0x0000001a   Code   RO         3778    i.HAL_TIM_Base_Start  stm32f1xx_hal_tim.o
    0x0800e432   0x0800e432   0x000000d0   Code   RO         3841    i.HAL_TIM_PWM_ConfigChannel  stm32f1xx_hal_tim.o
    0x0800e502   0x0800e502   0x00000038   Code   RO         3842    i.HAL_TIM_PWM_DeInit  stm32f1xx_hal_tim.o
    0x0800e53a   0x0800e53a   0x00000036   Code   RO         3844    i.HAL_TIM_PWM_Init  stm32f1xx_hal_tim.o
    0x0800e570   0x0800e570   0x00000002   Code   RO         3845    i.HAL_TIM_PWM_MspDeInit  stm32f1xx_hal_tim.o
    0x0800e572   0x0800e572   0x00000002   Code   RO         3846    i.HAL_TIM_PWM_MspInit  stm32f1xx_hal_tim.o
    0x0800e574   0x0800e574   0x00000030   Code   RO         3848    i.HAL_TIM_PWM_Start  stm32f1xx_hal_tim.o
    0x0800e5a4   0x0800e5a4   0x0000003c   Code   RO         4656    i.HAL_UART_DeInit   stm32f1xx_hal_uart.o
    0x0800e5e0   0x0800e5e0   0x0000005e   Code   RO         4661    i.HAL_UART_Init     stm32f1xx_hal_uart.o
    0x0800e63e   0x0800e63e   0x00000002   Code   RO         4662    i.HAL_UART_MspDeInit  stm32f1xx_hal_uart.o
    0x0800e640   0x0800e640   0x00000002   Code   RO         4663    i.HAL_UART_MspInit  stm32f1xx_hal_uart.o
    0x0800e642   0x0800e642   0x00000004   Code   RO         1041    i.HardFault_Handler  hardfault_handler.o
    0x0800e646   0x0800e646   0x00000004   Code   RO         2751    i.Init              flash.o
    0x0800e64a   0x0800e64a   0x00000044   Code   RO         1449    i.JTAG2SWD          swd_host.o
    0x0800e68e   0x0800e68e   0x00000002   PAD
    0x0800e690   0x0800e690   0x00000048   Code   RO         1450    i.PORT_SWD_SETUP    swd_host.o
    0x0800e6d8   0x0800e6d8   0x00000084   Code   RO         2752    i.ProgramPage       flash.o
    0x0800e75c   0x0800e75c   0x000000e0   Code   RO          575    i.SWD_Sequence      sw_dp.o
    0x0800e83c   0x0800e83c   0x00000014   Code   RO          576    i.SWD_Transfer      sw_dp.o
    0x0800e850   0x0800e850   0x000002a4   Code   RO          577    i.SWD_TransferFast  sw_dp.o
    0x0800eaf4   0x0800eaf4   0x0000043e   Code   RO          578    i.SWD_TransferSlow  sw_dp.o
    0x0800ef32   0x0800ef32   0x00000002   PAD
    0x0800ef34   0x0800ef34   0x00000068   Code   RO          579    i.SWJ_Sequence      sw_dp.o
    0x0800ef9c   0x0800ef9c   0x0000003c   Code   RO           83    i.Set_DAP_Clock_Delay  dap.o
    0x0800efd8   0x0800efd8   0x00000068   Code   RO         5108    i.SystemCoreClockUpdate  system_stm32f1xx.o
    0x0800f040   0x0800f040   0x00000048   Code   RO         5109    i.SystemInit        system_stm32f1xx.o
    0x0800f088   0x0800f088   0x00000024   Code   RO          786    i.SystemReset       cortex_m.o
    0x0800f0ac   0x0800f0ac   0x00000020   Code   RO           84    i.TIMESTAMP_GET     dap.o
    0x0800f0cc   0x0800f0cc   0x00000064   Code   RO         3859    i.TIM_Base_SetConfig  stm32f1xx_hal_tim.o
    0x0800f130   0x0800f130   0x00000016   Code   RO         3860    i.TIM_CCxChannelCmd  stm32f1xx_hal_tim.o
    0x0800f146   0x0800f146   0x00000002   PAD
    0x0800f148   0x0800f148   0x00000058   Code   RO         3868    i.TIM_OC1_SetConfig  stm32f1xx_hal_tim.o
    0x0800f1a0   0x0800f1a0   0x0000005c   Code   RO         3869    i.TIM_OC2_SetConfig  stm32f1xx_hal_tim.o
    0x0800f1fc   0x0800f1fc   0x00000058   Code   RO         3870    i.TIM_OC3_SetConfig  stm32f1xx_hal_tim.o
    0x0800f254   0x0800f254   0x00000044   Code   RO         3871    i.TIM_OC4_SetConfig  stm32f1xx_hal_tim.o
    0x0800f298   0x0800f298   0x00000170   Code   RO         4680    i.UART_SetConfig    stm32f1xx_hal_uart.o
    0x0800f408   0x0800f408   0x00000080   Code   RO         5150    i.USART2_IRQHandler  uart.o
    0x0800f488   0x0800f488   0x00000004   Code   RO         6773    i.USBD_CDC_ACM_ClearCommFeature  usbd_cdc_acm.o
    0x0800f48c   0x0800f48c   0x00000018   Code   RO         6775    i.USBD_CDC_ACM_DataFree  usbd_cdc_acm.o
    0x0800f4a4   0x0800f4a4   0x00000034   Code   RO         6776    i.USBD_CDC_ACM_DataRead  usbd_cdc_acm.o
    0x0800f4d8   0x0800f4d8   0x00000004   Code   RO         6777    i.USBD_CDC_ACM_DataReceived  usbd_cdc_acm.o
    0x0800f4dc   0x0800f4dc   0x00000078   Code   RO         6778    i.USBD_CDC_ACM_DataSend  usbd_cdc_acm.o
    0x0800f554   0x0800f554   0x0000001c   Code   RO         6779    i.USBD_CDC_ACM_EP_BULKIN_Event  usbd_cdc_acm.o
    0x0800f570   0x0800f570   0x000000b0   Code   RO         6780    i.USBD_CDC_ACM_EP_BULKIN_HandleData  usbd_cdc_acm.o
    0x0800f620   0x0800f620   0x00000034   Code   RO         6781    i.USBD_CDC_ACM_EP_BULKOUT_Event  usbd_cdc_acm.o
    0x0800f654   0x0800f654   0x00000068   Code   RO         6782    i.USBD_CDC_ACM_EP_BULKOUT_HandleData  usbd_cdc_acm.o
    0x0800f6bc   0x0800f6bc   0x0000001e   Code   RO         6783    i.USBD_CDC_ACM_EP_BULK_Event  usbd_cdc_acm.o
    0x0800f6da   0x0800f6da   0x00000002   Code   RO         6784    i.USBD_CDC_ACM_EP_INTIN_Event  usbd_cdc_acm.o
    0x0800f6dc   0x0800f6dc   0x00000004   Code   RO         6786    i.USBD_CDC_ACM_GetCommFeature  usbd_cdc_acm.o
    0x0800f6e0   0x0800f6e0   0x00000004   Code   RO         6787    i.USBD_CDC_ACM_GetEncapsulatedResponse  usbd_cdc_acm.o
    0x0800f6e4   0x0800f6e4   0x00000038   Code   RO         6788    i.USBD_CDC_ACM_GetLineCoding  usbd_cdc_acm.o
    0x0800f71c   0x0800f71c   0x00000048   Code   RO         6789    i.USBD_CDC_ACM_Initialize  usbd_cdc_acm.o
    0x0800f764   0x0800f764   0x0000001c   Code   RO         7675    i.USBD_CDC_ACM_PortGetLineCoding  usbd_user_cdc_acm.o
    0x0800f780   0x0800f780   0x0000000e   Code   RO         7676    i.USBD_CDC_ACM_PortInitialize  usbd_user_cdc_acm.o
    0x0800f78e   0x0800f78e   0x0000000a   Code   RO         7677    i.USBD_CDC_ACM_PortReset  usbd_user_cdc_acm.o
    0x0800f798   0x0800f798   0x0000000a   Code   RO         7678    i.USBD_CDC_ACM_PortSetControlLineState  usbd_user_cdc_acm.o
    0x0800f7a2   0x0800f7a2   0x00000002   PAD
    0x0800f7a4   0x0800f7a4   0x00000020   Code   RO         7679    i.USBD_CDC_ACM_PortSetLineCoding  usbd_user_cdc_acm.o
    0x0800f7c4   0x0800f7c4   0x00000050   Code   RO         6798    i.USBD_CDC_ACM_Reset  usbd_cdc_acm.o
    0x0800f814   0x0800f814   0x00000008   Code   RO         6799    i.USBD_CDC_ACM_Reset_Event  usbd_cdc_acm.o
    0x0800f81c   0x0800f81c   0x00000074   Code   RO         6800    i.USBD_CDC_ACM_SOF_Event  usbd_cdc_acm.o
    0x0800f890   0x0800f890   0x00000044   Code   RO         7681    i.USBD_CDC_ACM_SendBreak  usbd_user_cdc_acm.o
    0x0800f8d4   0x0800f8d4   0x00000004   Code   RO         6802    i.USBD_CDC_ACM_SendEncapsulatedCommand  usbd_cdc_acm.o
    0x0800f8d8   0x0800f8d8   0x00000004   Code   RO         6803    i.USBD_CDC_ACM_SetCommFeature  usbd_cdc_acm.o
    0x0800f8dc   0x0800f8dc   0x00000010   Code   RO         6804    i.USBD_CDC_ACM_SetControlLineState  usbd_cdc_acm.o
    0x0800f8ec   0x0800f8ec   0x00000034   Code   RO         6805    i.USBD_CDC_ACM_SetLineCoding  usbd_cdc_acm.o
    0x0800f920   0x0800f920   0x00000016   Code   RO         5477    i.USBD_ClrStallEP   usbd_stm32f103.o
    0x0800f936   0x0800f936   0x00000002   PAD
    0x0800f938   0x0800f938   0x00000090   Code   RO         5478    i.USBD_ConfigEP     usbd_stm32f103.o
    0x0800f9c8   0x0800f9c8   0x00000010   Code   RO         5479    i.USBD_Configure    usbd_stm32f103.o
    0x0800f9d8   0x0800f9d8   0x00000004   Code   RO         5245    i.USBD_Configure_Event  usb_config.o
    0x0800f9dc   0x0800f9dc   0x00000030   Code   RO         5480    i.USBD_Connect      usbd_stm32f103.o
    0x0800fa0c   0x0800fa0c   0x00000038   Code   RO         7016    i.USBD_DataInStage  usbd_core.o
    0x0800fa44   0x0800fa44   0x00000020   Code   RO         7017    i.USBD_DataOutStage  usbd_core.o
    0x0800fa64   0x0800fa64   0x00000002   Code   RO         5481    i.USBD_DirCtrlEP    usbd_stm32f103.o
    0x0800fa66   0x0800fa66   0x00000006   Code   RO         5482    i.USBD_DisableEP    usbd_stm32f103.o
    0x0800fa6c   0x0800fa6c   0x00000008   Code   RO         5483    i.USBD_EnableEP     usbd_stm32f103.o
    0x0800fa74   0x0800fa74   0x000001d4   Code   RO         7018    i.USBD_EndPoint0    usbd_core.o
    0x0800fc48   0x0800fc48   0x00000050   Code   RO         7123    i.USBD_EndPoint0_Out_CDC_ReqToIF  usbd_core_cdc.o
    0x0800fc98   0x0800fc98   0x0000003c   Code   RO         7153    i.USBD_EndPoint0_Out_HID_ReqToIF  usbd_core_hid.o
    0x0800fcd4   0x0800fcd4   0x000000a0   Code   RO         7124    i.USBD_EndPoint0_Setup_CDC_ReqToIF  usbd_core_cdc.o
    0x0800fd74   0x0800fd74   0x000000b8   Code   RO         7154    i.USBD_EndPoint0_Setup_HID_ReqToIF  usbd_core_hid.o
    0x0800fe2c   0x0800fe2c   0x0000005c   Code   RO         7189    i.USBD_EndPoint0_Setup_MSC_ReqToIF  usbd_core_msc.o
    0x0800fe88   0x0800fe88   0x00000088   Code   RO         7219    i.USBD_EndPoint0_Setup_WebUSB_ReqToDevice  usbd_core_webusb.o
    0x0800ff10   0x0800ff10   0x0000005c   Code   RO         7243    i.USBD_EndPoint0_Setup_WinUSB_ReqToDevice  usbd_core_winusb.o
    0x0800ff6c   0x0800ff6c   0x00000024   Code   RO         7267    i.USBD_HID_Configure_Event  usbd_hid.o
    0x0800ff90   0x0800ff90   0x00000148   Code   RO         7268    i.USBD_HID_EP_INTIN_Event  usbd_hid.o
    0x080100d8   0x080100d8   0x00000090   Code   RO         7269    i.USBD_HID_EP_INTOUT_Event  usbd_hid.o
    0x08010168   0x08010168   0x0000001e   Code   RO         7270    i.USBD_HID_EP_INT_Event  usbd_hid.o
    0x08010186   0x08010186   0x00000002   PAD
    0x08010188   0x08010188   0x0000001c   Code   RO         7271    i.USBD_HID_GetIdle  usbd_hid.o
    0x080101a4   0x080101a4   0x00000014   Code   RO         7272    i.USBD_HID_GetProtocol  usbd_hid.o
    0x080101b8   0x080101b8   0x0000003c   Code   RO         7273    i.USBD_HID_GetReport  usbd_hid.o
    0x080101f4   0x080101f4   0x00000140   Code   RO         7274    i.USBD_HID_SOF_Event  usbd_hid.o
    0x08010334   0x08010334   0x00000038   Code   RO         7275    i.USBD_HID_SetIdle  usbd_hid.o
    0x0801036c   0x0801036c   0x00000014   Code   RO         7276    i.USBD_HID_SetProtocol  usbd_hid.o
    0x08010380   0x08010380   0x00000040   Code   RO         7277    i.USBD_HID_SetReport  usbd_hid.o
    0x080103c0   0x080103c0   0x00000104   Code   RO         5485    i.USBD_Handler      usbd_stm32f103.o
    0x080104c4   0x080104c4   0x00000024   Code   RO         5486    i.USBD_Init         usbd_stm32f103.o
    0x080104e8   0x080104e8   0x00000058   Code   RO         7390    i.USBD_MSC_ATAPassThrough  usbd_msc.o
    0x08010540   0x08010540   0x00000054   Code   RO         7391    i.USBD_MSC_BulkIn   usbd_msc.o
    0x08010594   0x08010594   0x000000b8   Code   RO         7392    i.USBD_MSC_BulkOut  usbd_msc.o
    0x0801064c   0x0801064c   0x00000054   Code   RO         7393    i.USBD_MSC_CheckMedia  usbd_msc.o
    0x080106a0   0x080106a0   0x00000058   Code   RO         7394    i.USBD_MSC_ClrStallEP  usbd_msc.o
    0x080106f8   0x080106f8   0x00000034   Code   RO         7395    i.USBD_MSC_DataInFormat  usbd_msc.o
    0x0801072c   0x0801072c   0x0000004c   Code   RO         7396    i.USBD_MSC_DataInTransfer  usbd_msc.o
    0x08010778   0x08010778   0x0000002c   Code   RO         7398    i.USBD_MSC_EP_BULKOUT_Event  usbd_msc.o
    0x080107a4   0x080107a4   0x0000001c   Code   RO         7399    i.USBD_MSC_EP_BULK_Event  usbd_msc.o
    0x080107c0   0x080107c0   0x000001f0   Code   RO         7400    i.USBD_MSC_GetCBW   usbd_msc.o
    0x080109b0   0x080109b0   0x00000010   Code   RO         7401    i.USBD_MSC_GetMaxLUN  usbd_msc.o
    0x080109c0   0x080109c0   0x0000005c   Code   RO         7402    i.USBD_MSC_Inquiry  usbd_msc.o
    0x08010a1c   0x08010a1c   0x0000001c   Code   RO         7403    i.USBD_MSC_MediaRemoval  usbd_msc.o
    0x08010a38   0x08010a38   0x000000d4   Code   RO         7404    i.USBD_MSC_MemoryRead  usbd_msc.o
    0x08010b0c   0x08010b0c   0x000000d4   Code   RO         7405    i.USBD_MSC_MemoryVerify  usbd_msc.o
    0x08010be0   0x08010be0   0x0000010c   Code   RO         7406    i.USBD_MSC_MemoryWrite  usbd_msc.o
    0x08010cec   0x08010cec   0x00000058   Code   RO         7407    i.USBD_MSC_ModeSense10  usbd_msc.o
    0x08010d44   0x08010d44   0x00000050   Code   RO         7408    i.USBD_MSC_ModeSense6  usbd_msc.o
    0x08010d94   0x08010d94   0x000000ac   Code   RO         7409    i.USBD_MSC_RWSetup  usbd_msc.o
    0x08010e40   0x08010e40   0x00000050   Code   RO         7410    i.USBD_MSC_ReadCapacity  usbd_msc.o
    0x08010e90   0x08010e90   0x0000006c   Code   RO         7411    i.USBD_MSC_ReadFormatCapacity  usbd_msc.o
    0x08010efc   0x08010efc   0x00000084   Code   RO         7412    i.USBD_MSC_RequestSense  usbd_msc.o
    0x08010f80   0x08010f80   0x00000020   Code   RO         7413    i.USBD_MSC_Reset    usbd_msc.o
    0x08010fa0   0x08010fa0   0x00000004   Code   RO         7414    i.USBD_MSC_Reset_Event  usbd_msc.o
    0x08010fa4   0x08010fa4   0x0000004c   Code   RO         7415    i.USBD_MSC_ServiceActionIn16  usbd_msc.o
    0x08010ff0   0x08010ff0   0x00000030   Code   RO         7416    i.USBD_MSC_SetCSW   usbd_msc.o
    0x08011020   0x08011020   0x0000002c   Code   RO         7417    i.USBD_MSC_SetStallEP  usbd_msc.o
    0x0801104c   0x0801104c   0x00000034   Code   RO         7418    i.USBD_MSC_StartStopUnit  usbd_msc.o
    0x08011080   0x08011080   0x00000010   Code   RO         7419    i.USBD_MSC_SynchronizeCache  usbd_msc.o
    0x08011090   0x08011090   0x0000004c   Code   RO         7420    i.USBD_MSC_TestUnitReady  usbd_msc.o
    0x080110dc   0x080110dc   0x00000002   Code   RO         5256    i.USBD_RTX_TaskInit  usb_config.o
    0x080110de   0x080110de   0x00000002   PAD
    0x080110e0   0x080110e0   0x0000004c   Code   RO         5488    i.USBD_ReadEP       usbd_stm32f103.o
    0x0801112c   0x0801112c   0x00000004   Code   RO         7190    i.USBD_ReqClrFeature_MSC  usbd_core_msc.o
    0x08011130   0x08011130   0x0000016c   Code   RO         7019    i.USBD_ReqGetDescriptor  usbd_core.o
    0x0801129c   0x0801129c   0x00000094   Code   RO         7155    i.USBD_ReqGetDescriptor_HID  usbd_core_hid.o
    0x08011330   0x08011330   0x0000007c   Code   RO         7020    i.USBD_ReqGetStatus  usbd_core.o
    0x080113ac   0x080113ac   0x000000a0   Code   RO         7021    i.USBD_ReqSetClrFeature  usbd_core.o
    0x0801144c   0x0801144c   0x00000188   Code   RO         7022    i.USBD_ReqSetConfiguration  usbd_core.o
    0x080115d4   0x080115d4   0x0000012c   Code   RO         7023    i.USBD_ReqSetInterface  usbd_core.o
    0x08011700   0x08011700   0x000000b0   Code   RO         5489    i.USBD_Reset        usbd_stm32f103.o
    0x080117b0   0x080117b0   0x00000004   Code   RO         5490    i.USBD_ResetEP      usbd_stm32f103.o
    0x080117b4   0x080117b4   0x0000000e   Code   RO         5257    i.USBD_Reset_Event  usb_config.o
    0x080117c2   0x080117c2   0x00000010   Code   RO         5258    i.USBD_SOF_Event    usb_config.o
    0x080117d2   0x080117d2   0x00000002   PAD
    0x080117d4   0x080117d4   0x00000014   Code   RO         5492    i.USBD_SetAddress   usbd_stm32f103.o
    0x080117e8   0x080117e8   0x00000008   Code   RO         5493    i.USBD_SetStallEP   usbd_stm32f103.o
    0x080117f0   0x080117f0   0x00000010   Code   RO         7024    i.USBD_SetupStage   usbd_core.o
    0x08011800   0x08011800   0x00000010   Code   RO         1235    i.USBD_SignalHandler  main_interface.o
    0x08011810   0x08011810   0x0000000a   Code   RO         7025    i.USBD_StatusInStage  usbd_core.o
    0x0801181a   0x0801181a   0x00000002   PAD
    0x0801181c   0x0801181c   0x00000014   Code   RO         7026    i.USBD_StatusOutStage  usbd_core.o
    0x08011830   0x08011830   0x00000018   Code   RO         5494    i.USBD_Suspend      usbd_stm32f103.o
    0x08011848   0x08011848   0x00000010   Code   RO         5495    i.USBD_WakeUp       usbd_stm32f103.o
    0x08011858   0x08011858   0x00000002   Code   RO         5496    i.USBD_WakeUpCfg    usbd_stm32f103.o
    0x0801185a   0x0801185a   0x00000002   PAD
    0x0801185c   0x0801185c   0x00000064   Code   RO         5497    i.USBD_WriteEP      usbd_stm32f103.o
    0x080118c0   0x080118c0   0x000000a4   Code   RO         5498    i.USB_LP_CAN1_RX0_IRQHandler  usbd_stm32f103.o
    0x08011964   0x08011964   0x00000004   Code   RO         2753    i.UnInit            flash.o
    0x08011968   0x08011968   0x0000001a   Code   RO         5499    i.__NVIC_EnableIRQ  usbd_stm32f103.o
    0x08011982   0x08011982   0x00000002   PAD
    0x08011984   0x08011984   0x000000d0   Code   RO         1042    i._fault_handler    hardfault_handler.o
    0x08011a54   0x08011a54   0x00000046   Code   RO         6016    i._init_box         rt_membox.o
    0x08011a9a   0x08011a9a   0x00000002   PAD
    0x08011a9c   0x08011a9c   0x00000020   Code   RO         6347    i._mutex_acquire    rtx_config.o
    0x08011abc   0x08011abc   0x0000001c   Code   RO         6349    i._mutex_release    rtx_config.o
    0x08011ad8   0x08011ad8   0x00000002   Code   RO         1236    i._platform_post_stackheap_init  main_interface.o
    0x08011ada   0x08011ada   0x00000042   Code   RO         1760    i._util_assert      util.o
    0x08011b1c   0x08011b1c   0x00000002   Code   RO         1237    i.board_30ms_hook   main_interface.o
    0x08011b1e   0x08011b1e   0x00000002   Code   RO         1238    i.board_custom_event  main_interface.o
    0x08011b20   0x08011b20   0x00000004   Code   RO         2012    i.board_detect_incompatible_image  flash_decoder.o
    0x08011b24   0x08011b24   0x00000002   Code   RO         1239    i.board_handle_powerdown  main_interface.o
    0x08011b26   0x08011b26   0x00000002   Code   RO         5259    i.board_usb_sof_event  usb_config.o
    0x08011b28   0x08011b28   0x00000002   Code   RO         2291    i.board_vfs_stream_closed_hook  vfs_manager.o
    0x08011b2a   0x08011b2a   0x00000002   Code   RO          654    i.bootloader_check_and_update  bootloader_update.o
    0x08011b2c   0x08011b2c   0x00000060   Code   RO         2292    i.build_filesystem  vfs_manager.o
    0x08011b8c   0x08011b8c   0x0000005c   Code   RO         7682    i.cdc_process_event  usbd_user_cdc_acm.o
    0x08011be8   0x08011be8   0x00000018   Code   RO         2293    i.changing_state    vfs_manager.o
    0x08011c00   0x08011c00   0x0000001a   Code   RO          699    i.circ_buf_count_free  circ_buf.o
    0x08011c1a   0x08011c1a   0x0000001e   Code   RO          700    i.circ_buf_count_used  circ_buf.o
    0x08011c38   0x08011c38   0x00000016   Code   RO          701    i.circ_buf_init     circ_buf.o
    0x08011c4e   0x08011c4e   0x00000002   PAD
    0x08011c50   0x08011c50   0x00000078   Code   RO          703    i.circ_buf_pop      circ_buf.o
    0x08011cc8   0x08011cc8   0x00000078   Code   RO          705    i.circ_buf_push     circ_buf.o
    0x08011d40   0x08011d40   0x0000002e   Code   RO          706    i.circ_buf_read     circ_buf.o
    0x08011d6e   0x08011d6e   0x0000002e   Code   RO          707    i.circ_buf_write    circ_buf.o
    0x08011d9c   0x08011d9c   0x0000002c   Code   RO         5151    i.clear_buffers     uart.o
    0x08011dc8   0x08011dc8   0x00000004   Code   RO         1899    i.close_bin         file_stream.o
    0x08011dcc   0x08011dcc   0x00000004   Code   RO         1900    i.close_hex         file_stream.o
    0x08011dd0   0x08011dd0   0x00000010   Code   RO         6554    i.config_get_auto_rst  settings_rom.o
    0x08011de0   0x08011de0   0x00000010   Code   RO         6555    i.config_get_automation_allowed  settings_rom.o
    0x08011df0   0x08011df0   0x00000010   Code   RO         6556    i.config_get_detect_incompatible_target  settings_rom.o
    0x08011e00   0x08011e00   0x00000010   Code   RO         6557    i.config_get_overflow_detect  settings_rom.o
    0x08011e10   0x08011e10   0x00000098   Code   RO         6451    i.config_init       settings.o
    0x08011ea8   0x08011ea8   0x00000024   Code   RO         6452    i.config_ram_add_hexdump  settings.o
    0x08011ecc   0x08011ecc   0x0000001c   Code   RO         6453    i.config_ram_clear_assert  settings.o
    0x08011ee8   0x08011ee8   0x0000006c   Code   RO         6454    i.config_ram_get_assert  settings.o
    0x08011f54   0x08011f54   0x0000000c   Code   RO         6455    i.config_ram_get_disable_msd  settings.o
    0x08011f60   0x08011f60   0x0000001c   Code   RO         6456    i.config_ram_get_hexdumps  settings.o
    0x08011f7c   0x08011f7c   0x00000010   Code   RO         6457    i.config_ram_get_hold_in_bl  settings.o
    0x08011f8c   0x08011f8c   0x00000014   Code   RO         6459    i.config_ram_get_page_erase  settings.o
    0x08011fa0   0x08011fa0   0x00000044   Code   RO         6460    i.config_ram_set_assert  settings.o
    0x08011fe4   0x08011fe4   0x0000000c   Code   RO         6461    i.config_ram_set_disable_msd  settings.o
    0x08011ff0   0x08011ff0   0x0000000c   Code   RO         6462    i.config_ram_set_hold_in_bl  settings.o
    0x08011ffc   0x08011ffc   0x0000000c   Code   RO         6463    i.config_ram_set_page_erase  settings.o
    0x08012008   0x08012008   0x0000007c   Code   RO         6558    i.config_rom_init   settings_rom.o
    0x08012084   0x08012084   0x00000010   Code   RO         6559    i.config_set_auto_rst  settings_rom.o
    0x08012094   0x08012094   0x00000010   Code   RO         6560    i.config_set_automation_allowed  settings_rom.o
    0x080120a4   0x080120a4   0x00000010   Code   RO         6561    i.config_set_detect_incompatible_target  settings_rom.o
    0x080120b4   0x080120b4   0x00000010   Code   RO         6562    i.config_set_overflow_detect  settings_rom.o
    0x080120c4   0x080120c4   0x00000050   Code   RO          821    i.crc32             crc32.o
    0x08012114   0x08012114   0x00000058   Code   RO          822    i.crc32_continue    crc32.o
    0x0801216c   0x0801216c   0x00000074   Code   RO         2174    i.critical_erase_and_program  iap_flash_intf.o
    0x080121e0   0x080121e0   0x00000012   Code   RO         1901    i.detect_bin        file_stream.o
    0x080121f2   0x080121f2   0x0000000e   Code   RO         1902    i.detect_hex        file_stream.o
    0x08012200   0x08012200   0x00000098   Code   RO         2175    i.erase_chip        iap_flash_intf.o
    0x08012298   0x08012298   0x000000c8   Code   RO         2176    i.erase_sector      iap_flash_intf.o
    0x08012360   0x08012360   0x00000006   Code   RO         2177    i.erase_sector_size  iap_flash_intf.o
    0x08012366   0x08012366   0x00000002   PAD
    0x08012368   0x08012368   0x00000048   Code   RO          921    i.error_get_string  error.o
    0x080123b0   0x080123b0   0x00000014   Code   RO          922    i.error_get_type    error.o
    0x080123c4   0x080123c4   0x00000134   Code   RO         2441    i.expand_info       vfs_user.o
    0x080124f8   0x080124f8   0x0000004a   Code   RO         2442    i.expand_string_in_region  vfs_user.o
    0x08012542   0x08012542   0x00000002   Code   RO         2591    i.file_change_cb_stub  virtual_fs.o
    0x08012544   0x08012544   0x000000d0   Code   RO         2294    i.file_change_handler  vfs_manager.o
    0x08012614   0x08012614   0x00000080   Code   RO         2295    i.file_data_handler  vfs_manager.o
    0x08012694   0x08012694   0x00000078   Code   RO         2592    i.filename_valid    virtual_fs.o
    0x0801270c   0x0801270c   0x00000014   Code   RO         6639    i.flash_algo_valid  target_board.o
    0x08012720   0x08012720   0x00000070   Code   RO         2013    i.flash_decoder_close  flash_decoder.o
    0x08012790   0x08012790   0x0000009c   Code   RO         2014    i.flash_decoder_detect_type  flash_decoder.o
    0x0801282c   0x0801282c   0x000000e4   Code   RO         2015    i.flash_decoder_get_flash  flash_decoder.o
    0x08012910   0x08012910   0x00000068   Code   RO         2016    i.flash_decoder_is_at_end  flash_decoder.o
    0x08012978   0x08012978   0x00000070   Code   RO         2017    i.flash_decoder_open  flash_decoder.o
    0x080129e8   0x080129e8   0x00000024   Code   RO         2018    i.flash_decoder_validate_target_image  flash_decoder.o
    0x08012a0c   0x08012a0c   0x00000178   Code   RO         2019    i.flash_decoder_write  flash_decoder.o
    0x08012b84   0x08012b84   0x00000012   Code   RO          958    i.flash_erase_sector  flash_hal.o
    0x08012b96   0x08012b96   0x00000002   PAD
    0x08012b98   0x08012b98   0x00000068   Code   RO         1671    i.flash_func_start  target_flash.o
    0x08012c00   0x08012c00   0x00000020   Code   RO          959    i.flash_is_readable  flash_hal.o
    0x08012c20   0x08012c20   0x00000138   Code   RO         2119    i.flash_manager_data  flash_manager.o
    0x08012d58   0x08012d58   0x000000bc   Code   RO         2120    i.flash_manager_init  flash_manager.o
    0x08012e14   0x08012e14   0x00000014   Code   RO         2121    i.flash_manager_set_page_erase  flash_manager.o
    0x08012e28   0x08012e28   0x00000094   Code   RO         2122    i.flash_manager_uninit  flash_manager.o
    0x08012ebc   0x08012ebc   0x00000012   Code   RO          960    i.flash_program_page  flash_hal.o
    0x08012ece   0x08012ece   0x00000002   PAD
    0x08012ed0   0x08012ed0   0x00000044   Code   RO         2123    i.flush_current_block  flash_manager.o
    0x08012f14   0x08012f14   0x00000024   Code   RO         6640    i.get_board_id      target_board.o
    0x08012f38   0x08012f38   0x00000024   Code   RO         6641    i.get_family_id     target_board.o
    0x08012f5c   0x08012f5c   0x0000000a   Code   RO         2443    i.get_file_size     vfs_user.o
    0x08012f66   0x08012f66   0x00000002   PAD
    0x08012f68   0x08012f68   0x00000044   Code   RO         1672    i.get_flash_algo    target_flash.o
    0x08012fac   0x08012fac   0x00000004   Code   RO         2802    i.gpio_get_reset_btn_fwrd  gpio.o
    0x08012fb0   0x08012fb0   0x00000010   Code   RO         2803    i.gpio_get_reset_btn_no_fwrd  gpio.o
    0x08012fc0   0x08012fc0   0x0000016c   Code   RO         2804    i.gpio_init         gpio.o
    0x0801312c   0x0801312c   0x00000002   Code   RO         2805    i.gpio_set_board_power  gpio.o
    0x0801312e   0x0801312e   0x00000002   PAD
    0x08013130   0x08013130   0x00000018   Code   RO         2806    i.gpio_set_cdc_led  gpio.o
    0x08013148   0x08013148   0x00000018   Code   RO         2807    i.gpio_set_hid_led  gpio.o
    0x08013160   0x08013160   0x00000018   Code   RO         2808    i.gpio_set_msc_led  gpio.o
    0x08013178   0x08013178   0x00000044   Code   RO         1240    i.handle_reset_button  main_interface.o
    0x080131bc   0x080131bc   0x00000044   Code   RO         2444    i.hex32_field_in_region  vfs_user.o
    0x08013200   0x08013200   0x0000000c   Code   RO         1081    i.hex_to_ascii      info.o
    0x0801320c   0x0801320c   0x0000005c   Code   RO         7620    i.hid_send_packet   usbd_user_hid.o
    0x08013268   0x08013268   0x00000070   Code   RO         1082    i.info_crc_compute  info.o
    0x080132d8   0x080132d8   0x00000008   Code   RO         1083    i.info_get_board_id  info.o
    0x080132e0   0x080132e0   0x00000038   Code   RO         1084    i.info_get_bootloader_present  info.o
    0x08013318   0x08013318   0x00000012   Code   RO         1085    i.info_get_bootloader_version  info.o
    0x0801332a   0x0801332a   0x00000002   PAD
    0x0801332c   0x0801332c   0x0000000c   Code   RO         1088    i.info_get_crc_bootloader  info.o
    0x08013338   0x08013338   0x0000000c   Code   RO         1090    i.info_get_crc_interface  info.o
    0x08013344   0x08013344   0x00000008   Code   RO         1091    i.info_get_hic_id   info.o
    0x0801334c   0x0801334c   0x00000008   Code   RO         1092    i.info_get_host_id  info.o
    0x08013354   0x08013354   0x00000008   Code   RO         1095    i.info_get_mac      info.o
    0x0801335c   0x0801335c   0x00000008   Code   RO         1096    i.info_get_target_id  info.o
    0x08013364   0x08013364   0x00000008   Code   RO         1097    i.info_get_unique_id  info.o
    0x0801336c   0x0801336c   0x00000008   Code   RO         1098    i.info_get_unique_id_string_descriptor  info.o
    0x08013374   0x08013374   0x00000008   Code   RO         1099    i.info_get_version  info.o
    0x0801337c   0x0801337c   0x00000090   Code   RO         1100    i.info_init         info.o
    0x0801340c   0x0801340c   0x0000008c   Code   RO         2178    i.init              iap_flash_intf.o
    0x08013498   0x08013498   0x00000048   Code   RO         6696    i.init_family       target_family.o
    0x080134e0   0x080134e0   0x00000018   Code   RO         1451    i.int2array         swd_host.o
    0x080134f8   0x080134f8   0x0000010c   Code   RO         2179    i.intercept_page_write  iap_flash_intf.o
    0x08013604   0x08013604   0x00000088   Code   RO         2180    i.intercept_sector_erase  iap_flash_intf.o
    0x0801368c   0x0801368c   0x00000028   Code   RO         5843    i.isr_evt_set       rt_event.o
    0x080136b4   0x080136b4   0x0000002c   Code   RO         1241    i.main              main_interface.o
    0x080136e0   0x080136e0   0x00000010   Code   RO         1242    i.main_blink_cdc_led  main_interface.o
    0x080136f0   0x080136f0   0x00000010   Code   RO         1243    i.main_blink_hid_led  main_interface.o
    0x08013700   0x08013700   0x00000010   Code   RO         1244    i.main_blink_msc_led  main_interface.o
    0x08013710   0x08013710   0x00000010   Code   RO         1246    i.main_cdc_send_event  main_interface.o
    0x08013720   0x08013720   0x00000010   Code   RO         1249    i.main_reset_target  main_interface.o
    0x08013730   0x08013730   0x000002b4   Code   RO         1250    i.main_task         main_interface.o
    0x080139e4   0x080139e4   0x0000000c   Code   RO         1251    i.main_usb_set_test_mode  main_interface.o
    0x080139f0   0x080139f0   0x00000004   Code   RO         1903    i.open_bin          file_stream.o
    0x080139f4   0x080139f4   0x0000001c   Code   RO         1904    i.open_hex          file_stream.o
    0x08013a10   0x08013a10   0x00000010   Code   RO         5667    i.osDelay           cmsis_os2_port.o
    0x08013a20   0x08013a20   0x0000000c   Code   RO         5668    i.osKernelGetSysTimerCount  cmsis_os2_port.o
    0x08013a2c   0x08013a2c   0x0000000c   Code   RO         5669    i.osKernelInitialize  cmsis_os2_port.o
    0x08013a38   0x08013a38   0x00000004   Code   RO         5670    i.osKernelStart     cmsis_os2_port.o
    0x08013a3c   0x08013a3c   0x00000010   Code   RO         5671    i.osMutexAcquire    cmsis_os2_port.o
    0x08013a4c   0x08013a4c   0x00000014   Code   RO         5672    i.osMutexNew        cmsis_os2_port.o
    0x08013a60   0x08013a60   0x00000010   Code   RO         5673    i.osMutexRelease    cmsis_os2_port.o
    0x08013a70   0x08013a70   0x00000024   Code   RO         5674    i.osThreadFlagsSet  cmsis_os2_port.o
    0x08013a94   0x08013a94   0x0000001c   Code   RO         5675    i.osThreadFlagsWait  cmsis_os2_port.o
    0x08013ab0   0x08013ab0   0x0000000c   Code   RO         5676    i.osThreadGetId     cmsis_os2_port.o
    0x08013abc   0x08013abc   0x0000004c   Code   RO         5677    i.osThreadNew       cmsis_os2_port.o
    0x08013b08   0x08013b08   0x00000010   Code   RO         5678    i.osTimerNew        cmsis_os2_port.o
    0x08013b18   0x08013b18   0x00000028   Code   RO         5679    i.osTimerStart      cmsis_os2_port.o
    0x08013b40   0x08013b40   0x0000004c   Code   RO         6350    i.os_error          rtx_config.o
    0x08013b8c   0x08013b8c   0x00000002   Code   RO         6351    i.os_idle_demon     rtx_config.o
    0x08013b8e   0x08013b8e   0x00000002   PAD
    0x08013b90   0x08013b90   0x00000028   Code   RO         6127    i.os_tick_init      rt_system.o
    0x08013bb8   0x08013bb8   0x00000002   Code   RO         6128    i.os_tick_irqack    rt_system.o
    0x08013bba   0x08013bba   0x00000002   Code   RO         6352    i.os_tmr_call       rtx_config.o
    0x08013bbc   0x08013bbc   0x00000100   Code   RO         2809    i.output_clock_enable  gpio.o
    0x08013cbc   0x08013cbc   0x00000278   Code   RO         2257    i.parse_hex_blob    intelhex.o
    0x08013f34   0x08013f34   0x00000052   Code   RO           85    i.pin_in_init       dap.o
    0x08013f86   0x08013f86   0x00000052   Code   RO         1452    i.pin_in_init       swd_host.o
    0x08013fd8   0x08013fd8   0x00000032   Code   RO           86    i.pin_out_init      dap.o
    0x0801400a   0x0801400a   0x00000032   Code   RO         1453    i.pin_out_init      swd_host.o
    0x0801403c   0x0801403c   0x00000032   Code   RO           87    i.pin_out_od_init   dap.o
    0x0801406e   0x0801406e   0x00000002   PAD
    0x08014070   0x08014070   0x00000038   Code   RO         6563    i.program_cfg       settings_rom.o
    0x080140a8   0x080140a8   0x0000014c   Code   RO         2181    i.program_page      iap_flash_intf.o
    0x080141f4   0x080141f4   0x00000006   Code   RO         2182    i.program_page_min_size  iap_flash_intf.o
    0x080141fa   0x080141fa   0x00000002   PAD
    0x080141fc   0x080141fc   0x00000080   Code   RO         2593    i.read_dir          virtual_fs.o
    0x0801427c   0x0801427c   0x00000020   Code   RO         2594    i.read_fat          virtual_fs.o
    0x0801429c   0x0801429c   0x00000154   Code   RO         2445    i.read_file_assert_txt  vfs_user.o
    0x080143f0   0x080143f0   0x00000012   Code   RO         2446    i.read_file_details_txt  vfs_user.o
    0x08014402   0x08014402   0x00000002   PAD
    0x08014404   0x08014404   0x000000d4   Code   RO         2447    i.read_file_fail_txt  vfs_user.o
    0x080144d8   0x080144d8   0x00000074   Code   RO         2448    i.read_file_mbed_htm  vfs_user.o
    0x0801454c   0x0801454c   0x00000030   Code   RO         2449    i.read_file_need_bl_txt  vfs_user.o
    0x0801457c   0x0801457c   0x00000020   Code   RO         2595    i.read_mbr          virtual_fs.o
    0x0801459c   0x0801459c   0x00000020   Code   RO         2884    i.read_unique_id    read_uid.o
    0x080145bc   0x080145bc   0x00000010   Code   RO         2596    i.read_zero         virtual_fs.o
    0x080145cc   0x080145cc   0x000000d0   Code   RO         2296    i.ready_for_state_change  vfs_manager.o
    0x0801469c   0x0801469c   0x00000030   Code   RO          823    i.reflect           crc32.o
    0x080146cc   0x080146cc   0x00000028   Code   RO         2258    i.reset_hex_parser  intelhex.o
    0x080146f4   0x080146f4   0x00000034   Code   RO           88    i.return_dap_string  dap.o
    0x08014728   0x08014728   0x0000001c   Code   RO         6017    i.rt_alloc_box      rt_membox.o
    0x08014744   0x08014744   0x00000038   Code   RO         6207    i.rt_block          rt_task.o
    0x0801477c   0x0801477c   0x00000002   Code   RO         6353    i.rt_chk_robin      rtx_config.o
    0x0801477e   0x0801477e   0x00000002   PAD
    0x08014780   0x08014780   0x00000074   Code   RO         5885    i.rt_dec_dly        rt_list.o
    0x080147f4   0x080147f4   0x00000044   Code   RO         6208    i.rt_dispatch       rt_task.o
    0x08014838   0x08014838   0x00000006   Code   RO         6283    i.rt_dly_wait       rt_time.o
    0x0801483e   0x0801483e   0x00000002   PAD
    0x08014840   0x08014840   0x0000000c   Code   RO         5845    i.rt_evt_get        rt_event.o
    0x0801484c   0x0801484c   0x0000004c   Code   RO         5846    i.rt_evt_psh        rt_event.o
    0x08014898   0x08014898   0x00000060   Code   RO         5847    i.rt_evt_set        rt_event.o
    0x080148f8   0x080148f8   0x0000003c   Code   RO         5848    i.rt_evt_wait       rt_event.o
    0x08014934   0x08014934   0x00000026   Code   RO         6018    i.rt_free_box       rt_membox.o
    0x0801495a   0x0801495a   0x00000028   Code   RO         5886    i.rt_get_first      rt_list.o
    0x08014982   0x08014982   0x00000002   PAD
    0x08014984   0x08014984   0x00000044   Code   RO         6209    i.rt_init_context   rt_task.o
    0x080149c8   0x080149c8   0x00000002   Code   RO         6354    i.rt_init_robin     rtx_config.o
    0x080149ca   0x080149ca   0x00000002   PAD
    0x080149cc   0x080149cc   0x0000004c   Code   RO         5785    i.rt_init_stack     hal_cm3.o
    0x08014a18   0x08014a18   0x00000018   Code   RO         6284    i.rt_itv_set        rt_time.o
    0x08014a30   0x08014a30   0x00000028   Code   RO         6285    i.rt_itv_wait       rt_time.o
    0x08014a58   0x08014a58   0x000000b4   Code   RO         5967    i.rt_mbx_psh        rt_mailbox.o
    0x08014b0c   0x08014b0c   0x00000010   Code   RO         6045    i.rt_mut_init       rt_mutex.o
    0x08014b1c   0x08014b1c   0x000000b0   Code   RO         6046    i.rt_mut_release    rt_mutex.o
    0x08014bcc   0x08014bcc   0x00000068   Code   RO         6047    i.rt_mut_wait       rt_mutex.o
    0x08014c34   0x08014c34   0x00000070   Code   RO         6129    i.rt_pop_req        rt_system.o
    0x08014ca4   0x08014ca4   0x00000020   Code   RO         6130    i.rt_psh_req        rt_system.o
    0x08014cc4   0x08014cc4   0x00000044   Code   RO         5888    i.rt_psq_enq        rt_list.o
    0x08014d08   0x08014d08   0x00000048   Code   RO         5889    i.rt_put_dly        rt_list.o
    0x08014d50   0x08014d50   0x00000036   Code   RO         5890    i.rt_put_prio       rt_list.o
    0x08014d86   0x08014d86   0x00000002   PAD
    0x08014d88   0x08014d88   0x00000014   Code   RO         5891    i.rt_put_rdy_first  rt_list.o
    0x08014d9c   0x08014d9c   0x00000034   Code   RO         5892    i.rt_resort_prio    rt_list.o
    0x08014dd0   0x08014dd0   0x00000028   Code   RO         5893    i.rt_rmv_dly        rt_list.o
    0x08014df8   0x08014df8   0x00000030   Code   RO         5894    i.rt_rmv_list       rt_list.o
    0x08014e28   0x08014e28   0x00000034   Code   RO         6092    i.rt_sem_psh        rt_semaphore.o
    0x08014e5c   0x08014e5c   0x00000024   Code   RO         6132    i.rt_stk_check      rt_system.o
    0x08014e80   0x08014e80   0x00000010   Code   RO         6210    i.rt_switch_req     rt_task.o
    0x08014e90   0x08014e90   0x00000150   Code   RO         6211    i.rt_sys_init       rt_task.o
    0x08014fe0   0x08014fe0   0x00000040   Code   RO         6134    i.rt_systick        rt_system.o
    0x08015020   0x08015020   0x0000000c   Code   RO         6286    i.rt_time_get       rt_time.o
    0x0801502c   0x0801502c   0x0000002c   Code   RO         5680    i.rt_timer_task     cmsis_os2_port.o
    0x08015058   0x08015058   0x00000040   Code   RO         6318    i.rt_tmr_tick       rt_timer.o
    0x08015098   0x08015098   0x0000007c   Code   RO         6212    i.rt_tsk_create     rt_task.o
    0x08015114   0x08015114   0x00000010   Code   RO         6216    i.rt_tsk_self       rt_task.o
    0x08015124   0x08015124   0x000000bc   Code   RO         2917    i.sdk_init          sdk.o
    0x080151e0   0x080151e0   0x00000020   Code   RO         2450    i.setting_in_region  vfs_user.o
    0x08015200   0x08015200   0x0000010c   Code   RO         1102    i.setup_basics      info.o
    0x0801530c   0x0801530c   0x0000011c   Code   RO         2124    i.setup_next_sector  flash_manager.o
    0x08015428   0x08015428   0x00000030   Code   RO         5500    i.stat_enque        usbd_stm32f103.o
    0x08015458   0x08015458   0x00000064   Code   RO         1905    i.stream_close      file_stream.o
    0x080154bc   0x080154bc   0x0000008c   Code   RO         1906    i.stream_open       file_stream.o
    0x08015548   0x08015548   0x00000030   Code   RO         1907    i.stream_start_identify  file_stream.o
    0x08015578   0x08015578   0x00000058   Code   RO         1908    i.stream_thread_assert  file_stream.o
    0x080155d0   0x080155d0   0x00000030   Code   RO         1909    i.stream_type_from_name  file_stream.o
    0x08015600   0x08015600   0x00000094   Code   RO         1910    i.stream_write      file_stream.o
    0x08015694   0x08015694   0x00000060   Code   RO         2451    i.string_field_in_region  vfs_user.o
    0x080156f4   0x080156f4   0x00000012   Code   RO         1454    i.swd_clear_errors  swd_host.o
    0x08015706   0x08015706   0x00000002   PAD
    0x08015708   0x08015708   0x000000a4   Code   RO         1455    i.swd_flash_syscall_exec  swd_host.o
    0x080157ac   0x080157ac   0x00000012   Code   RO         1456    i.swd_get_apsel     swd_host.o
    0x080157be   0x080157be   0x0000000e   Code   RO         1457    i.swd_init          swd_host.o
    0x080157cc   0x080157cc   0x000000e0   Code   RO         1458    i.swd_init_debug    swd_host.o
    0x080158ac   0x080158ac   0x0000002c   Code   RO         1459    i.swd_off           swd_host.o
    0x080158d8   0x080158d8   0x0000006c   Code   RO         1461    i.swd_read_block    swd_host.o
    0x08015944   0x08015944   0x00000030   Code   RO         1462    i.swd_read_byte     swd_host.o
    0x08015974   0x08015974   0x00000054   Code   RO         1463    i.swd_read_core_register  swd_host.o
    0x080159c8   0x080159c8   0x00000060   Code   RO         1464    i.swd_read_data     swd_host.o
    0x08015a28   0x08015a28   0x00000042   Code   RO         1465    i.swd_read_dp       swd_host.o
    0x08015a6a   0x08015a6a   0x0000006c   Code   RO         1466    i.swd_read_memory   swd_host.o
    0x08015ad6   0x08015ad6   0x00000002   PAD
    0x08015ad8   0x08015ad8   0x00000028   Code   RO         1467    i.swd_read_word     swd_host.o
    0x08015b00   0x08015b00   0x0000001e   Code   RO         1468    i.swd_reset         swd_host.o
    0x08015b1e   0x08015b1e   0x00000002   PAD
    0x08015b20   0x08015b20   0x0000000c   Code   RO         1469    i.swd_set_reset_connect  swd_host.o
    0x08015b2c   0x08015b2c   0x0000000c   Code   RO         1470    i.swd_set_soft_reset  swd_host.o
    0x08015b38   0x08015b38   0x00000024   Code   RO         6697    i.swd_set_target_reset  target_family.o
    0x08015b5c   0x08015b5c   0x00000154   Code   RO         1471    i.swd_set_target_state_hw  swd_host.o
    0x08015cb0   0x08015cb0   0x000001d0   Code   RO         1472    i.swd_set_target_state_sw  swd_host.o
    0x08015e80   0x08015e80   0x0000001e   Code   RO         1473    i.swd_transfer_retry  swd_host.o
    0x08015e9e   0x08015e9e   0x00000002   PAD
    0x08015ea0   0x08015ea0   0x0000005c   Code   RO         1474    i.swd_write_ap      swd_host.o
    0x08015efc   0x08015efc   0x0000005c   Code   RO         1475    i.swd_write_block   swd_host.o
    0x08015f58   0x08015f58   0x0000002c   Code   RO         1476    i.swd_write_byte    swd_host.o
    0x08015f84   0x08015f84   0x0000004c   Code   RO         1477    i.swd_write_core_register  swd_host.o
    0x08015fd0   0x08015fd0   0x00000040   Code   RO         1478    i.swd_write_data    swd_host.o
    0x08016010   0x08016010   0x00000094   Code   RO         1479    i.swd_write_debug_state  swd_host.o
    0x080160a4   0x080160a4   0x0000003c   Code   RO         1480    i.swd_write_dp      swd_host.o
    0x080160e0   0x080160e0   0x0000006c   Code   RO         1481    i.swd_write_memory  swd_host.o
    0x0801614c   0x0801614c   0x00000028   Code   RO         1482    i.swd_write_word    swd_host.o
    0x08016174   0x08016174   0x0000005c   Code   RO         2297    i.sync_assert_usb_thread  vfs_manager.o
    0x080161d0   0x080161d0   0x00000010   Code   RO         2298    i.sync_lock         vfs_manager.o
    0x080161e0   0x080161e0   0x0000000c   Code   RO         2299    i.sync_unlock       vfs_manager.o
    0x080161ec   0x080161ec   0x00000010   Code   RO         1673    i.target_flash_busy  target_flash.o
    0x080161fc   0x080161fc   0x00000010   Code   RO         2183    i.target_flash_busy  iap_flash_intf.o
    0x0801620c   0x0801620c   0x0000007c   Code   RO         1674    i.target_flash_erase_chip  target_flash.o
    0x08016288   0x08016288   0x0000005c   Code   RO         1675    i.target_flash_erase_sector  target_flash.o
    0x080162e4   0x080162e4   0x00000074   Code   RO         1676    i.target_flash_erase_sector_size  target_flash.o
    0x08016358   0x08016358   0x00000050   Code   RO         1677    i.target_flash_init  target_flash.o
    0x080163a8   0x080163a8   0x0000010c   Code   RO         1678    i.target_flash_program_page  target_flash.o
    0x080164b4   0x080164b4   0x0000002c   Code   RO         1679    i.target_flash_program_page_min_size  target_flash.o
    0x080164e0   0x080164e0   0x0000003c   Code   RO         1680    i.target_flash_set  target_flash.o
    0x0801651c   0x0801651c   0x00000044   Code   RO         1681    i.target_flash_uninit  target_flash.o
    0x08016560   0x08016560   0x00000014   Code   RO         6698    i.target_get_apsel  target_family.o
    0x08016574   0x08016574   0x0000005c   Code   RO         6699    i.target_set_state  target_family.o
    0x080165d0   0x080165d0   0x00000010   Code   RO         1855    i.test_range        validation.o
    0x080165e0   0x080165e0   0x00000034   Code   RO         1252    i.timer_task_30mS   main_interface.o
    0x08016614   0x08016614   0x000000c8   Code   RO         2300    i.transfer_stream_data  vfs_manager.o
    0x080166dc   0x080166dc   0x000000ac   Code   RO         2301    i.transfer_stream_open  vfs_manager.o
    0x08016788   0x08016788   0x000000a0   Code   RO         2302    i.transfer_update_file_info  vfs_manager.o
    0x08016828   0x08016828   0x00000164   Code   RO         2303    i.transfer_update_state  vfs_manager.o
    0x0801698c   0x0801698c   0x000000b0   Code   RO         5153    i.uart_initialize   uart.o
    0x08016a3c   0x08016a3c   0x00000010   Code   RO         5154    i.uart_read_data    uart.o
    0x08016a4c   0x08016a4c   0x00000024   Code   RO         5155    i.uart_reset        uart.o
    0x08016a70   0x08016a70   0x00000110   Code   RO         5156    i.uart_set_configuration  uart.o
    0x08016b80   0x08016b80   0x00000002   Code   RO         5157    i.uart_set_control_line_state  uart.o
    0x08016b82   0x08016b82   0x00000002   PAD
    0x08016b84   0x08016b84   0x00000024   Code   RO         5159    i.uart_write_data   uart.o
    0x08016ba8   0x08016ba8   0x0000000c   Code   RO         5160    i.uart_write_free   uart.o
    0x08016bb4   0x08016bb4   0x00000034   Code   RO         2452    i.uint32_field_in_region  vfs_user.o
    0x08016be8   0x08016be8   0x0000006c   Code   RO         2184    i.uninit            iap_flash_intf.o
    0x08016c54   0x08016c54   0x000002b8   Code   RO         2453    i.update_details_txt_file  vfs_user.o
    0x08016f0c   0x08016f0c   0x00000168   Code   RO         5260    i.usbd_class_init   usb_config.o
    0x08017074   0x08017074   0x00000010   Code   RO         7027    i.usbd_configured   usbd_core.o
    0x08017084   0x08017084   0x00000004   Code   RO         7028    i.usbd_connect      usbd_core.o
    0x08017088   0x08017088   0x00000004   Code   RO         7278    i.usbd_hid_get_protocol  usbd_hid.o
    0x0801708c   0x0801708c   0x00000078   Code   RO         7621    i.usbd_hid_get_report  usbd_user_hid.o
    0x08017104   0x08017104   0x00000094   Code   RO         7280    i.usbd_hid_get_report_trigger  usbd_hid.o
    0x08017198   0x08017198   0x00000014   Code   RO         7622    i.usbd_hid_init     usbd_user_hid.o
    0x080171ac   0x080171ac   0x00000002   Code   RO         7282    i.usbd_hid_set_protocol  usbd_hid.o
    0x080171ae   0x080171ae   0x00000002   PAD
    0x080171b0   0x080171b0   0x0000007c   Code   RO         7623    i.usbd_hid_set_report  usbd_user_hid.o
    0x0801722c   0x0801722c   0x0000001c   Code   RO         7029    i.usbd_init         usbd_core.o
    0x08017248   0x08017248   0x0000002c   Code   RO         2304    i.usbd_msc_init     vfs_manager.o
    0x08017274   0x08017274   0x00000030   Code   RO         2305    i.usbd_msc_read_sect  vfs_manager.o
    0x080172a4   0x080172a4   0x00000002   Code   RO         7423    i.usbd_msc_start_stop  usbd_msc.o
    0x080172a6   0x080172a6   0x00000002   PAD
    0x080172a8   0x080172a8   0x0000005c   Code   RO         2306    i.usbd_msc_write_sect  vfs_manager.o
    0x08017304   0x08017304   0x00000024   Code   RO         7030    i.usbd_reset_core   usbd_core.o
    0x08017328   0x08017328   0x00000012   Code   RO         1761    i.util_assert_clear  util.o
    0x0801733a   0x0801733a   0x00000032   Code   RO         1763    i.util_write_hex32  util.o
    0x0801736c   0x0801736c   0x0000001c   Code   RO         1764    i.util_write_hex8   util.o
    0x08017388   0x08017388   0x00000048   Code   RO         1765    i.util_write_in_region  util.o
    0x080173d0   0x080173d0   0x00000028   Code   RO         1767    i.util_write_string_in_region  util.o
    0x080173f8   0x080173f8   0x00000054   Code   RO         1768    i.util_write_uint32  util.o
    0x0801744c   0x0801744c   0x0000002e   Code   RO         1769    i.util_write_uint32_zp  util.o
    0x0801747a   0x0801747a   0x00000002   PAD
    0x0801747c   0x0801747c   0x00000024   Code   RO         1856    i.validate_bin_nvic  validation.o
    0x080174a0   0x080174a0   0x0000007c   Code   RO         1857    i.validate_bin_nvic_base  validation.o
    0x0801751c   0x0801751c   0x00000034   Code   RO         1858    i.validate_hexfile  validation.o
    0x08017550   0x08017550   0x00000158   Code   RO         2597    i.vfs_create_file   virtual_fs.o
    0x080176a8   0x080176a8   0x00000004   Code   RO         2598    i.vfs_file_get_attr  virtual_fs.o
    0x080176ac   0x080176ac   0x00000004   Code   RO         2599    i.vfs_file_get_size  virtual_fs.o
    0x080176b0   0x080176b0   0x0000002c   Code   RO         2600    i.vfs_file_get_start_sector  virtual_fs.o
    0x080176dc   0x080176dc   0x00000004   Code   RO         2601    i.vfs_file_set_attr  virtual_fs.o
    0x080176e0   0x080176e0   0x00000064   Code   RO         2602    i.vfs_get_total_size  virtual_fs.o
    0x08017744   0x08017744   0x00000198   Code   RO         2603    i.vfs_init          virtual_fs.o
    0x080178dc   0x080178dc   0x00000024   Code   RO         2307    i.vfs_mngr_fs_enable  vfs_manager.o
    0x08017900   0x08017900   0x00000024   Code   RO         2308    i.vfs_mngr_fs_remount  vfs_manager.o
    0x08017924   0x08017924   0x00000010   Code   RO         2309    i.vfs_mngr_get_transfer_status  vfs_manager.o
    0x08017934   0x08017934   0x000000e0   Code   RO         2311    i.vfs_mngr_periodic  vfs_manager.o
    0x08017a14   0x08017a14   0x00000064   Code   RO         2604    i.vfs_read          virtual_fs.o
    0x08017a78   0x08017a78   0x0000000c   Code   RO         2605    i.vfs_set_file_change_callback  virtual_fs.o
    0x08017a84   0x08017a84   0x00000118   Code   RO         2454    i.vfs_user_build_filesystem  vfs_user.o
    0x08017b9c   0x08017b9c   0x00000002   Code   RO         2455    i.vfs_user_build_filesystem_hook  vfs_user.o
    0x08017b9e   0x08017b9e   0x00000002   PAD
    0x08017ba0   0x08017ba0   0x00000024   Code   RO         2456    i.vfs_user_disconnecting  vfs_user.o
    0x08017bc4   0x08017bc4   0x00000168   Code   RO         2457    i.vfs_user_file_change_handler  vfs_user.o
    0x08017d2c   0x08017d2c   0x00000004   Code   RO         2458    i.vfs_user_file_change_handler_hook  vfs_user.o
    0x08017d30   0x08017d30   0x00000004   Code   RO         2459    i.vfs_user_magic_file_hook  vfs_user.o
    0x08017d34   0x08017d34   0x00000068   Code   RO         2606    i.vfs_write         virtual_fs.o
    0x08017d9c   0x08017d9c   0x00000092   Code   RO         1911    i.write_bin         file_stream.o
    0x08017e2e   0x08017e2e   0x00000002   PAD
    0x08017e30   0x08017e30   0x000000f4   Code   RO         2607    i.write_dir         virtual_fs.o
    0x08017f24   0x08017f24   0x0000005c   Code   RO         2608    i.write_fat         virtual_fs.o
    0x08017f80   0x08017f80   0x000000dc   Code   RO         1912    i.write_hex         file_stream.o
    0x0801805c   0x0801805c   0x00000002   Code   RO         2609    i.write_none        virtual_fs.o
    0x0801805e   0x0801805e   0x00000002   PAD
    0x08018060   0x08018060   0x00000084   Data   RO            5    .constdata          stm32f103rb.o
    0x080180e4   0x080180e4   0x00000006   Data   RO           90    .constdata          dap.o
    0x080180ea   0x080180ea   0x00000002   PAD
    0x080180ec   0x080180ec   0x000000a0   Data   RO          923    .constdata          error.o
    0x0801818c   0x0801818c   0x00000024   Data   RO         1682    .constdata          target_flash.o
    0x080181b0   0x080181b0   0x00000004   Data   RO         1683    .constdata          target_flash.o
    0x080181b4   0x080181b4   0x00000011   Data   RO         1771    .constdata          util.o
    0x080181c5   0x080181c5   0x00000003   PAD
    0x080181c8   0x080181c8   0x00000024   Data   RO         2186    .constdata          iap_flash_intf.o
    0x080181ec   0x080181ec   0x00000004   Data   RO         2187    .constdata          iap_flash_intf.o
    0x080181f0   0x080181f0   0x00000028   Data   RO         2313    .constdata          vfs_manager.o
    0x08018218   0x08018218   0x0000000b   Data   RO         2461    .constdata          vfs_user.o
    0x08018223   0x08018223   0x00000001   PAD
    0x08018224   0x08018224   0x000000ab   Data   RO         2462    .constdata          vfs_user.o
    0x080182cf   0x080182cf   0x00000001   PAD
    0x080182d0   0x080182d0   0x00000270   Data   RO         2611    .constdata          virtual_fs.o
    0x08018540   0x08018540   0x0000014c   Data   RO         2720    .constdata          target.o
    0x0801868c   0x0801868c   0x00000008   Data   RO         2721    .constdata          target.o
    0x08018694   0x08018694   0x0000003c   Data   RO         2722    .constdata          target.o
    0x080186d0   0x080186d0   0x00000010   Data   RO         5110    .constdata          system_stm32f1xx.o
    0x080186e0   0x080186e0   0x00000008   Data   RO         5111    .constdata          system_stm32f1xx.o
    0x080186e8   0x080186e8   0x00000001   Data   RO         5272    .constdata          usb_config.o
    0x080186e9   0x080186e9   0x00000001   Data   RO         5273    .constdata          usb_config.o
    0x080186ea   0x080186ea   0x00000001   Data   RO         5274    .constdata          usb_config.o
    0x080186eb   0x080186eb   0x00000001   Data   RO         5276    .constdata          usb_config.o
    0x080186ec   0x080186ec   0x00000001   Data   RO         5277    .constdata          usb_config.o
    0x080186ed   0x080186ed   0x00000001   Data   RO         5278    .constdata          usb_config.o
    0x080186ee   0x080186ee   0x00000004   Data   RO         5279    .constdata          usb_config.o
    0x080186f2   0x080186f2   0x00000004   Data   RO         5280    .constdata          usb_config.o
    0x080186f6   0x080186f6   0x00000001   Data   RO         5281    .constdata          usb_config.o
    0x080186f7   0x080186f7   0x00000001   Data   RO         5282    .constdata          usb_config.o
    0x080186f8   0x080186f8   0x00000002   Data   RO         5283    .constdata          usb_config.o
    0x080186fa   0x080186fa   0x00000002   Data   RO         5284    .constdata          usb_config.o
    0x080186fc   0x080186fc   0x00000001   Data   RO         5286    .constdata          usb_config.o
    0x080186fd   0x080186fd   0x00000001   Data   RO         5287    .constdata          usb_config.o
    0x080186fe   0x080186fe   0x00000004   Data   RO         5288    .constdata          usb_config.o
    0x08018702   0x08018702   0x00000002   Data   RO         5289    .constdata          usb_config.o
    0x08018704   0x08018704   0x00000001   Data   RO         5291    .constdata          usb_config.o
    0x08018705   0x08018705   0x00000001   Data   RO         5292    .constdata          usb_config.o
    0x08018706   0x08018706   0x00000002   Data   RO         5293    .constdata          usb_config.o
    0x08018708   0x08018708   0x00000002   Data   RO         5294    .constdata          usb_config.o
    0x0801870a   0x0801870a   0x00000004   Data   RO         5296    .constdata          usb_config.o
    0x0801870e   0x0801870e   0x00000001   Data   RO         5297    .constdata          usb_config.o
    0x0801870f   0x0801870f   0x00000001   Data   RO         5298    .constdata          usb_config.o
    0x08018710   0x08018710   0x00000004   Data   RO         5300    .constdata          usb_config.o
    0x08018714   0x08018714   0x00000004   Data   RO         5301    .constdata          usb_config.o
    0x08018718   0x08018718   0x00000004   Data   RO         5302    .constdata          usb_config.o
    0x0801871c   0x0801871c   0x00000004   Data   RO         5304    .constdata          usb_config.o
    0x08018720   0x08018720   0x00000004   Data   RO         5305    .constdata          usb_config.o
    0x08018724   0x08018724   0x00000040   Data   RO         5306    .constdata          usb_config.o
    0x08018764   0x08018764   0x00000004   Data   RO         5307    .constdata          usb_config.o
    0x08018768   0x08018768   0x00000004   Data   RO         5308    .constdata          usb_config.o
    0x0801876c   0x0801876c   0x00000004   Data   RO         5309    .constdata          usb_config.o
    0x08018770   0x08018770   0x00000021   Data   RO         5311    .constdata          usb_config.o
    0x08018791   0x08018791   0x00000001   PAD
    0x08018792   0x08018792   0x00000002   Data   RO         5312    .constdata          usb_config.o
    0x08018794   0x08018794   0x00000012   Data   RO         5313    .constdata          usb_config.o
    0x080187a6   0x080187a6   0x00000001   Data   RO         5314    .constdata          usb_config.o
    0x080187a7   0x080187a7   0x00000001   Data   RO         5315    .constdata          usb_config.o
    0x080187a8   0x080187a8   0x00000039   Data   RO         5316    .constdata          usb_config.o
    0x080187e1   0x080187e1   0x00000001   PAD
    0x080187e2   0x080187e2   0x000000dc   Data   RO         5317    .constdata          usb_config.o
    0x080188be   0x080188be   0x00000002   PAD
    0x080188c0   0x080188c0   0x00000042   Data   RO         5318    .constdata          usb_config.o
    0x08018902   0x08018902   0x00000002   Data   RO         6360    .constdata          rtx_config.o
    0x08018904   0x08018904   0x00000004   Data   RO         6361    .constdata          rtx_config.o
    0x08018908   0x08018908   0x00000004   Data   RO         6363    .constdata          rtx_config.o
    0x0801890c   0x0801890c   0x00000001   Data   RO         6364    .constdata          rtx_config.o
    0x0801890d   0x0801890d   0x00000003   PAD
    0x08018910   0x08018910   0x00000008   Data   RO         6365    .constdata          rtx_config.o
    0x08018918   0x08018918   0x00000002   Data   RO         6366    .constdata          rtx_config.o
    0x0801891a   0x0801891a   0x00000002   PAD
    0x0801891c   0x0801891c   0x00000004   Data   RO         6367    .constdata          rtx_config.o
    0x08018920   0x08018920   0x00000001   Data   RO         6368    .constdata          rtx_config.o
    0x08018921   0x08018921   0x00000001   PAD
    0x08018922   0x08018922   0x00000002   Data   RO         6369    .constdata          rtx_config.o
    0x08018924   0x08018924   0x0000000a   Data   RO         6565    .constdata          settings_rom.o
    0x0801892e   0x0801892e   0x00000002   PAD
    0x08018930   0x08018930   0x0000002c   Data   RO         6700    .constdata          target_family.o
    0x0801895c   0x0801895c   0x0000002c   Data   RO         6701    .constdata          target_family.o
    0x08018988   0x08018988   0x0000002c   Data   RO         6702    .constdata          target_family.o
    0x080189b4   0x080189b4   0x0000002c   Data   RO         6703    .constdata          target_family.o
    0x080189e0   0x080189e0   0x0000002c   Data   RO         6704    .constdata          target_family.o
    0x08018a0c   0x08018a0c   0x0000002c   Data   RO         6705    .constdata          target_family.o
    0x08018a38   0x08018a38   0x0000002c   Data   RO         6706    .constdata          target_family.o
    0x08018a64   0x08018a64   0x0000002c   Data   RO         6707    .constdata          target_family.o
    0x08018a90   0x08018a90   0x0000002c   Data   RO         6708    .constdata          target_family.o
    0x08018abc   0x08018abc   0x0000002c   Data   RO         6709    .constdata          target_family.o
    0x08018ae8   0x08018ae8   0x0000002c   Data   RO         6710    .constdata          target_family.o
    0x08018b14   0x08018b14   0x0000002c   Data   RO         6711    .constdata          target_family.o
    0x08018b40   0x08018b40   0x0000002c   Data   RO         6712    .constdata          target_family.o
    0x08018b6c   0x08018b6c   0x0000002c   Data   RO         6713    .constdata          target_family.o
    0x08018b98   0x08018b98   0x0000002c   Data   RO         6714    .constdata          target_family.o
    0x08018bc4   0x08018bc4   0x0000002c   Data   RO         6715    .constdata          target_family.o
    0x08018bf0   0x08018bf0   0x0000002c   Data   RO         6716    .constdata          target_family.o
    0x08018c1c   0x08018c1c   0x0000002c   Data   RO         6717    .constdata          target_family.o
    0x08018c48   0x08018c48   0x00000023   Data   RO            6    .conststring        stm32f103rb.o
    0x08018c6b   0x08018c6b   0x00000001   PAD
    0x08018c6c   0x08018c6c   0x000007b5   Data   RO          924    .conststring        error.o
    0x08019421   0x08019421   0x00000003   PAD
    0x08019424   0x08019424   0x000002da   Data   RO         2463    .conststring        vfs_user.o
    0x080196fe   0x080196fe   0x00000002   PAD
    0x08019700   0x08019700   0x0000000c   Data   RO         2723    .conststring        target.o
    0x0801970c   0x0801970c   0x0000001c   Data   RO         5319    .conststring        usb_config.o
    0x08019728   0x08019728   0x00000020   Data   RO         7924    Region$$Table       anon$$obj.o


    Execution Region ER_IROM1_CRC (Exec base: 0x0801fbfc, Load base: 0x0801fbfc, Size: 0x00000004, Max: 0x00000004, ABSOLUTE, FIXED)

    Exec Addr    Load Addr    Size         Type   Attr      Idx    E Section Name        Object

    0x0801fbfc        -       0x00000004   Zero   RW            1    ER_IROM1_CRC.bss    anon$$obj.o


    Execution Region RW_IRAM1 (Exec base: 0x20000000, Load base: 0x08019748, Size: 0x00003030, Max: 0x00004f00, ABSOLUTE, COMPRESSED[0x00000170])

    Exec Addr    Load Addr    Size         Type   Attr      Idx    E Section Name        Object

    0x20000000   COMPRESSED   0x00000001   Data   RW           91    .data               dap.o
    0x20000001   COMPRESSED   0x00000003   PAD
    0x20000004   COMPRESSED   0x00000008   Data   RW          425    .data               dap_vendor.o
    0x2000000c   COMPRESSED   0x00000028   Data   RW          925    .data               error.o
    0x20000034   COMPRESSED   0x0000001f   Data   RW         1104    .data               info.o
    0x20000053   COMPRESSED   0x00000001   PAD
    0x20000054   COMPRESSED   0x00000014   Data   RW         1253    .data               main_interface.o
    0x20000068   COMPRESSED   0x00000010   Data   RW         1483    .data               swd_host.o
    0x20000078   COMPRESSED   0x00000010   Data   RW         1684    .data               target_flash.o
    0x20000088   COMPRESSED   0x0000002c   Data   RW         1914    .data               file_stream.o
    0x200000b4   COMPRESSED   0x00000014   Data   RW         2021    .data               flash_decoder.o
    0x200000c8   COMPRESSED   0x0000001c   Data   RW         2126    .data               flash_manager.o
    0x200000e4   COMPRESSED   0x0000001c   Data   RW         2188    .data               iap_flash_intf.o
    0x20000100   COMPRESSED   0x00000010   Data   RW         2260    .data               intelhex.o
    0x20000110   COMPRESSED   0x00000010   Data   RW         2314    .data               vfs_manager.o
    0x20000120   COMPRESSED   0x00000008   Data   RW         2464    .data               vfs_user.o
    0x20000128   COMPRESSED   0x00000018   Data   RW         2612    .data               virtual_fs.o
    0x20000140   COMPRESSED   0x000001ac   Data   RW         2724    .data               target.o
    0x200002ec   COMPRESSED   0x00000004   Data   RW         2919    .data               sdk.o
    0x200002f0   COMPRESSED   0x00000004   Data   RW         5112    .data               system_stm32f1xx.o
    0x200002f4   COMPRESSED   0x00000008   Data   RW         5162    .data               uart.o
    0x200002fc   COMPRESSED   0x000000b4   Data   RW         5320    .data               usb_config.o
    0x200003b0   COMPRESSED   0x00000004   Data   RW         5321    .data               usb_config.o
    0x200003b4   COMPRESSED   0x0000003f   Data   RW         5322    .data               usb_config.o
    0x200003f3   COMPRESSED   0x00000005   Data   RW         5323    .data               usb_config.o
    0x200003f8   COMPRESSED   0x00000002   Data   RW         5324    .data               usb_config.o
    0x200003fa   COMPRESSED   0x00000001   Data   RW         5325    .data               usb_config.o
    0x200003fb   COMPRESSED   0x00000001   Data   RW         5326    .data               usb_config.o
    0x200003fc   COMPRESSED   0x00000001   Data   RW         5327    .data               usb_config.o
    0x200003fd   COMPRESSED   0x00000002   Data   RW         5328    .data               usb_config.o
    0x200003ff   COMPRESSED   0x00000001   PAD
    0x20000400   COMPRESSED   0x00000014   Data   RW         5502    .data               usbd_stm32f103.o
    0x20000414   COMPRESSED   0x0000000c   Data   RW         5682    .data               cmsis_os2_port.o
    0x20000420   COMPRESSED   0x00000008   Data   RW         6137    .data               rt_system.o
    0x20000428   COMPRESSED   0x00000008   Data   RW         6218    .data               rt_task.o
    0x20000430   COMPRESSED   0x00000004   Data   RW         6287    .data               rt_time.o
    0x20000434   COMPRESSED   0x00000008   Data   RW         6319    .data               rt_timer.o
    0x2000043c   COMPRESSED   0x00000004   Data   RW         6370    .data               rtx_config.o
    0x20000440   COMPRESSED   0x00000050   Data   RW         6718    .data               target_family.o
    0x20000490   COMPRESSED   0x0000003f   Data   RW         6807    .data               usbd_cdc_acm.o
    0x200004cf   COMPRESSED   0x00000001   PAD
    0x200004d0   COMPRESSED   0x00000024   Data   RW         7031    .data               usbd_core.o
    0x200004f4   COMPRESSED   0x00000024   Data   RW         7284    .data               usbd_hid.o
    0x20000518   COMPRESSED   0x00000034   Data   RW         7426    .data               usbd_msc.o
    0x2000054c   COMPRESSED   0x00000004   Data   RW         7427    .data               usbd_msc.o
    0x20000550   COMPRESSED   0x00000001   Data   RW         7625    .data               usbd_user_hid.o
    0x20000551   COMPRESSED   0x00000003   PAD
    0x20000554   COMPRESSED   0x0000000c   Data   RW         7683    .data               usbd_user_cdc_acm.o
    0x20000560        -       0x00000020   Zero   RW           89    .bss                dap.o
    0x20000580        -       0x0000010d   Zero   RW         1103    .bss                info.o
    0x2000068d   COMPRESSED   0x00000003   PAD
    0x20000690        -       0x00000104   Zero   RW         1913    .bss                file_stream.o
    0x20000794        -       0x00000030   Zero   RW         2020    .bss                flash_decoder.o
    0x200007c4        -       0x00000400   Zero   RW         2125    .bss                flash_manager.o
    0x20000bc4        -       0x00000400   Zero   RW         2185    .bss                iap_flash_intf.o
    0x20000fc4        -       0x00000025   Zero   RW         2259    .bss                intelhex.o
    0x20000fe9   COMPRESSED   0x00000003   PAD
    0x20000fec        -       0x00000228   Zero   RW         2312    .bss                vfs_manager.o
    0x20001214        -       0x00000041   Zero   RW         2460    .bss                vfs_user.o
    0x20001255   COMPRESSED   0x00000003   PAD
    0x20001258        -       0x000008c0   Zero   RW         2610    .bss                virtual_fs.o
    0x20001b18        -       0x0000003c   Zero   RW         2811    .bss                gpio.o
    0x20001b54        -       0x0000003c   Zero   RW         2918    .bss                sdk.o
    0x20001b90        -       0x00000020   Zero   RW         3335    .bss                stm32f1xx_hal_flash.o
    0x20001bb0        -       0x00000420   Zero   RW         5161    .bss                uart.o
    0x20001fd0        -       0x000000c8   Zero   RW         5264    .bss                usb_config.o
    0x20002098        -       0x00000040   Zero   RW         5265    .bss                usb_config.o
    0x200020d8        -       0x00000041   Zero   RW         5266    .bss                usb_config.o
    0x20002119        -       0x00000041   Zero   RW         5267    .bss                usb_config.o
    0x2000215a        -       0x00000040   Zero   RW         5268    .bss                usb_config.o
    0x2000219a        -       0x00000040   Zero   RW         5269    .bss                usb_config.o
    0x200021da        -       0x00000040   Zero   RW         5270    .bss                usb_config.o
    0x2000221a   COMPRESSED   0x00000002   PAD
    0x2000221c        -       0x0000002c   Zero   RW         5501    .bss                usbd_stm32f103.o
    0x20002248        -       0x000003b4   Zero   RW         5681    .bss                cmsis_os2_port.o
    0x200025fc        -       0x00000030   Zero   RW         5895    .bss                rt_list.o
    0x2000262c        -       0x00000030   Zero   RW         6217    .bss                rt_task.o
    0x2000265c        -       0x000000cc   Zero   RW         6355    .bss                rtx_config.o
    0x20002728        -       0x00000098   Zero   RW         6356    .bss                rtx_config.o
    0x200027c0        -       0x00000024   Zero   RW         6357    .bss                rtx_config.o
    0x200027e4        -       0x00000010   Zero   RW         6358    .bss                rtx_config.o
    0x200027f4        -       0x0000008e   Zero   RW         6464    .bss                settings.o
    0x20002882        -       0x0000000a   Zero   RW         6564    .bss                settings_rom.o
    0x2000288c        -       0x0000002c   Zero   RW         7425    .bss                usbd_msc.o
    0x200028b8        -       0x00000118   Zero   RW         7624    .bss                usbd_user_hid.o
    0x200029d0        -       0x00000060   Zero   RW         7744    .bss                c_w.l(libspace.o)
    0x20002a30        -       0x00000200   Zero   RW         2972    HEAP                startup_stm32f103xb.o
    0x20002c30        -       0x00000400   Zero   RW         2971    STACK               startup_stm32f103xb.o


    Execution Region RW_CONFIG (Exec base: 0x20004f00, Load base: 0x080198b8, Size: 0x00000090, Max: 0x00000100, ABSOLUTE, UNINIT)

    Exec Addr    Load Addr    Size         Type   Attr      Idx    E Section Name        Object

    0x20004f00        -       0x0000008e   Zero   RW         6465    cfgram              settings.o



  Load Region LR_CONFIG (Base: 0x0801fc00, Size: 0x00000000, Max: 0x00000400, ABSOLUTE)

    Execution Region ER_CONFIG (Exec base: 0x0801fc00, Load base: 0x0801fc00, Size: 0x0000000c, Max: 0x00000400, ABSOLUTE, UNINIT)

    Exec Addr    Load Addr    Size         Type   Attr      Idx    E Section Name        Object

    0x0801fc00        -       0x0000000a   Zero   RW         6566    cfgrom              settings_rom.o


==============================================================================

Image component sizes


      Code (inc. data)   RO Data    RW Data    ZI Data      Debug   Object Name

         2          0          0          0          0       2048   bootloader_update.o
       410         76          0          0          0      11130   circ_buf.o
       348        102          0         12        948      20334   cmsis_os2_port.o
        36         10          0          0          0      25865   cortex_m.o
       216         10          0          0          0       3597   crc32.o
      3130        174          6          1         32     448572   dap.o
       240          0          0          0          0     446403   dap_queue.o
       452         26          0          8          0      18184   dap_vendor.o
         0          0          0          0          0       4440   daplink_debug.o
        92         48       2133         40          0       2096   error.o
      1010        304          0         44        260      16143   file_stream.o
       186         54          0          0          0       3380   flash.o
      1128        328          0         20         48      11339   flash_decoder.o
        68          0          0          0          0     372774   flash_hal.o
         0          0          0          0          0       2246   flash_intf.o
      1020        258          0         28       1024       6444   flash_manager.o
       714        116          0          0         60       6151   gpio.o
       416         40          0          0          0       3500   hal_cm3.o
       212         48          0          0          0       6277   hardfault_handler.o
      1480        532         40         28       1024      12168   iap_flash_intf.o
       698         94          0         31        269      10378   info.o
       672         32          0         16         37       4532   intelhex.o
       972        140          0         20          0      10803   main_interface.o
        32          6          0          0          0       1185   read_uid.o
       284         24          0          0          0       3351   rt_event.o
       510         36          0          0         48       8453   rt_list.o
       180          6          0          0          0        853   rt_mailbox.o
       136          0          0          0          0       2173   rt_membox.o
       296         16          0          0          0       2101   rt_mutex.o
        52          6          0          0          0        629   rt_semaphore.o
       286         52          0          8          0       6419   rt_system.o
       684        120          0          8         48       7892   rt_task.o
        82         22          0          4          0       2245   rt_time.o
        64          8          0          8          0        807   rt_timer.o
       144         48         28          4        408      11960   rtx_config.o
       396         78          0          4         60       3483   sdk.o
       504         66          0          0        284       9053   settings.o
       308         60         10          0         20       7284   settings_rom.o
        64         26        236          0       1536        912   startup_stm32f103xb.o
         0          0        167          0          0      12461   stm32f103rb.o
        60          4          0          0          0       2785   stm32f1xx_hal.o
        36         10          0          0          0      26122   stm32f1xx_hal_cortex.o
       368         48          0          0         32       5558   stm32f1xx_hal_flash.o
       240         26          0          0          0       3921   stm32f1xx_hal_flash_ex.o
       466         34          0          0          0       3448   stm32f1xx_hal_gpio.o
      2082        102          0          0          0       7013   stm32f1xx_hal_rcc.o
       968         40          0          0          0      14266   stm32f1xx_hal_tim.o
       526          4          0          0          0       4398   stm32f1xx_hal_uart.o
         4          4          0          0          0        256   svc_table.o
      2110         88          0          0          0      23454   sw_dp.o
      2940        150          0         16          0      31411   swd_host.o
       176         36         24          4          0       2303   system_stm32f1xx.o
         0          0        412        428          0       1744   target.o
        92         14          0          0          0       1626   target_board.o
         0          0          0          0          0        887   target_default.o
       220         34        792         80          0       8741   target_family.o
      1040        138         40         16          0      11872   target_flash.o
       722        174          0          8       1056      33076   uart.o
       398         98        562        259        586      29003   usb_config.o
      1012        148          0         63          0      14871   usbd_cdc_acm.o
      2026        180          0         36          0      12246   usbd_core.o
       240         34          0          0          0       1364   usbd_core_cdc.o
       392        106          0          0          0       2796   usbd_core_hid.o
        96         18          0          0          0       1204   usbd_core_msc.o
       136         26          0          0          0       1498   usbd_core_webusb.o
        92         24          0          0          0       1346   usbd_core_winusb.o
      1260        194          0         36          0      10513   usbd_hid.o
      3062        464          0         56         44      21128   usbd_msc.o
      1306        166          0         20         44      44865   usbd_stm32f103.o
       254         18          0         12          0       5555   usbd_user_cdc_acm.o
       356        156          0          1        280       4406   usbd_user_hid.o
       404          6         17          0          0      11208   util.o
       228         16          0          0          0       3592   validation.o
      2170        528         40         16        552      17173   vfs_manager.o
      2756        740        912          8         65      21583   vfs_user.o
      1792        454        624         24       2240      18199   virtual_fs.o

    ----------------------------------------------------------------------
     47644       7248       6100       1376      11024    1935496   Object Totals
         0          0         32          0          4          0   (incl. Generated)
        90          0         25          9         15          0   (incl. Padding)

    ----------------------------------------------------------------------

      Code (inc. data)   RO Data    RW Data    ZI Data      Debug   Library Member Name

        90          0          0          0          0          0   __dczerorl2.o
         8          0          0          0          0         68   __main.o
         0          0          0          0          0          0   __rtentry.o
        20          0          0          0          0          0   __rtentry2.o
         6          0          0          0          0          0   __rtentry4.o
        52          8          0          0          0          0   __scatter.o
        28          0          0          0          0          0   __scatter_zi.o
        16          0          0          0          0         68   aeabi_memset.o
        18          0          0          0          0         80   exit.o
         6          0          0          0          0        152   heapauxi.o
         0          0          0          0          0          0   indicate_semi.o
         2          0          0          0          0          0   libinit.o
         2          0          0          0          0          0   libinit2.o
         2          0          0          0          0          0   libshutdown.o
         2          0          0          0          0          0   libshutdown2.o
         8          4          0          0         96         68   libspace.o
        38          0          0          0          0         68   llushr.o
        88          0          0          0          0         76   memcmp.o
        68          0          0          0          0         68   rt_memclr.o
        78          0          0          0          0         80   rt_memclr_w.o
       138          0          0          0          0         68   rt_memcpy_v6.o
       100          0          0          0          0         80   rt_memcpy_w.o
       132          0          0          0          0         68   rt_memmove_v6.o
       122          0          0          0          0         80   rt_memmove_w.o
         2          0          0          0          0          0   rtexit.o
        10          0          0          0          0          0   rtexit2.o
        24          0          0          0          0         68   strcat.o
        62          0          0          0          0         76   strlen.o
       150          0          0          0          0         80   strncmp.o
        12          4          0          0          0         68   sys_exit.o
        74          0          0          0          0         80   sys_stackheap_outer.o
         2          0          0          0          0         68   use_no_semi.o

    ----------------------------------------------------------------------
      1368         16          0          0         96       1464   Library Totals
         8          0          0          0          0          0   (incl. Padding)

    ----------------------------------------------------------------------

      Code (inc. data)   RO Data    RW Data    ZI Data      Debug   Library Name

      1360         16          0          0         96       1464   c_w.l

    ----------------------------------------------------------------------
      1368         16          0          0         96       1464   Library Totals

    ----------------------------------------------------------------------

==============================================================================


      Code (inc. data)   RO Data    RW Data    ZI Data      Debug   

     49012       7264       6100       1376      11120    1909292   Grand Totals
     49012       7264       6100        368      11120    1909292   ELF Image Totals (compressed)
     49012       7264       6100        368          0          0   ROM Totals

==============================================================================

    Total RO  Size (Code + RO Data)                55112 (  53.82kB)
    Total RW  Size (RW Data + ZI Data)             12496 (  12.20kB)
    Total ROM Size (Code + RO Data + RW Data)      55480 (  54.18kB)

==============================================================================

