<html>
<body>
<pre>
<h1>µVision Build Log</h1>
<h2>Tool Versions:</h2>
IDE-Version: ¦ÌVision V5.41.0.0
Copyright (C) 2024 ARM Ltd and ARM Germany GmbH. All rights reserved.
License Information: microsys microsysdeve@hotmail.com, microsys@sina.com, LIC=2TTQ1-CGG42-E05N4-FEX4L-PE1B6-5QHQP
 
Tool Versions:
Toolchain:       MDK-ARM Professional  Version: 5.41.0.0
Toolchain Path:  C:\Users\micro\AppData\Local\Keil_v5\ARM\ARM_Compiler_5.06u7\Bin
C Compiler:      Armcc.exe V5.06 update 7 (build 960)
Assembler:       Armasm.exe V5.06 update 7 (build 960)
Linker/Locator:  ArmLink.exe V5.06 update 7 (build 960)
Library Manager: ArmAr.exe V5.06 update 7 (build 960)
Hex Converter:   FromElf.exe V5.06 update 7 (build 960)
CPU DLL:         SARMCM3.DLL V5.41.0.0
Dialog DLL:      DCM.DLL V1.17.5.0
Target DLL:      CMSIS_AGDI.dll V1.33.21.0
Dialog DLL:      TCM.DLL V1.56.4.0
 
<h2>Project:</h2>
C:\worktop\daplink\DAPLink-ARM-PX\projectfiles\uvision\stm32f103xb_stm32f103rb_if\stm32f103xb_stm32f103rb_if.uvprojx
Project File Date:  04/21/2026

<h2>Output:</h2>
*** Using Compiler 'V5.06 update 7 (build 960)', folder: 'C:\Users\micro\AppData\Local\Keil_v5\ARM\ARM_Compiler_5.06u7\Bin'
Build target 'stm32f103xb_stm32f103rb_if'
Before Build - User command #1: ..\..\..\tools\pre_build_script.bat
Python 3.14.3
C:\worktop\daplink\DAPLink-ARM-PX\projectfiles\uvision\stm32f103xb_stm32f103rb_if>python ..\..\..\tools\pre_build_script.py 
#> Getting git description
#> Pre-build script start
#> Getting git SHA
#> Checking for local changes
#> Writing git version file
#> Pre-build script completed written ..\..\..\source\daplink\version_git.h
compiling stm32f103rb.c...
compiling JTAG_DP.c...
compiling DAP_UART.c...
compiling DAP_queue.c...
compiling SWO.c...
compiling bootloader_update.c...
compiling DAP.c...
..\..\..\source\daplink\cmsis-dap\DAP.c(421): warning:  #177-D: variable "delay"  was declared but never referenced
    uint32_t delay;
..\..\..\source\daplink\cmsis-dap\DAP.c: 1 warning, 0 errors
compiling SW_DP.c...
compiling DAP_vendor.c...
..\..\..\source\daplink\cmsis-dap\DAP_vendor.c(52): warning:  #177-D: variable "file_stream_buffer_size"  was declared but never referenced
  static const uint32_t file_stream_buffer_size = sizeof(usb_buffer);
..\..\..\source\daplink\cmsis-dap\DAP_vendor.c: 1 warning, 0 errors
compiling crc32.c...
compiling daplink_debug.c...
..\..\..\source\daplink\daplink_debug.c(90): warning:  #1-D: last line of file ends without a newline
  #endif
..\..\..\source\daplink\daplink_debug.c: 1 warning, 0 errors
compiling error.c...
compiling info.c...
compiling circ_buf.c...
compiling cortex_m.c...
compiling flash_hal.c...
compiling swd_host_ca.c...
compiling HardFault_Handler.c...
compiling sdk_stub.c...
compiling validation.c...
compiling file_stream.c...
compiling flash_decoder.c...
compiling flash_intf.c...
compiling main_interface.c...
compiling flash_manager.c...
compiling intelhex.c...
compiling iap_flash_intf.c...
compiling swd_host.c...
compiling target.c...
compiling virtual_fs.c...
compiling target_flash.c...
compiling util.c...
assembling startup_stm32f103xb.S...
compiling vfs_user.c...
compiling read_uid.c...
compiling flash.c...
compiling gpio.c...
compiling vfs_manager.c...
compiling sdk.c...
compiling stm32f1xx_hal.c...
compiling stm32f1xx_hal_flash.c...
compiling stm32f1xx_hal_cortex.c...
compiling stm32f1xx_hal_gpio_ex.c...
compiling stm32f1xx_hal_flash_ex.c...
compiling stm32f1xx_hal_dma.c...
compiling stm32f1xx_hal_gpio.c...
compiling stm32f1xx_hal_rcc.c...
compiling stm32f1xx_hal_rcc_ex.c...
compiling system_stm32f1xx.c...
compiling uart.c...
compiling stm32f1xx_hal_usart.c...
compiling usb_config.c...
compiling stm32f1xx_hal_uart.c...
compiling stm32f1xx_hal_tim_ex.c...
compiling rt_Event.c...
compiling rt_List.c...
compiling HAL_CM3.c...
compiling rt_Mailbox.c...
compiling stm32f1xx_hal_tim.c...
compiling rt_MemBox.c...
compiling rt_Mutex.c...
compiling rt_Robin.c...
compiling rt_Semaphore.c...
compiling rt_Task.c...
compiling rt_System.c...
compiling rt_Time.c...
compiling rt_Timer.c...
assembling SVC_Table.s...
compiling target_board.c...
compiling target_default.c...
compiling usbd_cdc_acm.c...
compiling usbd_core.c...
compiling cmsis_os2_port.c...
compiling usbd_core_cdc.c...
compiling usbd_STM32F103.c...
compiling usbd_core_hid.c...
compiling settings_rom.c...
compiling settings.c...
compiling RTX_Config.c...
compiling usbd_core_msc.c...
compiling usbd_core_webusb.c...
compiling usbd_core_winusb.c...
compiling target_family.c...
compiling usbd_hid.c...
compiling usbd_user_cdc_acm.c...
compiling usbd_msc.c...
compiling usbd_user_hid.c...
linking...
Program Size: Code=49012 RO-data=6100 RW-data=1376 ZI-data=11120  
FromELF: creating hex file...
".\build\stm32f103xb_stm32f103rb_if.axf" - 0 Error(s), 3 Warning(s).

<h2>Software Packages used:</h2>

Package Vendor: ARM
                https://www.keil.com/pack/ARM.CMSIS.6.1.0.pack
                ARM::CMSIS@6.1.0
                CMSIS (Common Microcontroller Software Interface Standard)
   * Component: CORE Version: 6.1.0

Package Vendor: Keil
                https://www.keil.com/pack/Keil.STM32F1xx_DFP.2.4.1.pack
                Keil::STM32F1xx_DFP@2.4.1
                STMicroelectronics STM32F1 Series Device Support, Drivers and Examples

<h2>Collection of Component include folders:</h2>
  ./RTE/_stm32f103xb_stm32f103rb_if
  C:/Users/micro/AppData/Local/Arm/Packs/ARM/CMSIS/6.1.0/CMSIS/Core/Include
  C:/Users/micro/AppData/Local/Arm/Packs/Keil/STM32F1xx_DFP/2.4.1/Device/Include

<h2>Collection of Component Files used:</h2>

   * Component: ARM::CMSIS:CORE@6.1.0
Build Time Elapsed:  00:00:14
</pre>
</body>
</html>
